layer at (0,0) size 800x600
  RenderView at (0,0) size 800x600
layer at (0,0) size 800x600
  RenderBlock {HTML} at (0,0) size 800x600
    RenderBody {BODY} at (8,8) size 784x584
      RenderBlock {CENTER} at (0,0) size 784x18
        RenderInline {FONT} at (0,0) size 302x17
          RenderText {#text} at (241,0) size 302x17
            text run at (241,0) width 302: "You should see a 100x100 green Image below."
      RenderBlock (anonymous) at (0,18) size 784x100
        RenderInline {FONT} at (0,0) size 100x17
          RenderBlock {IMG} at (0,0) size 100x100 [bgcolor=#008000]
          RenderText {#text} at (0,0) size 0x0
      RenderTable {TABLE} at (0,118) size 6x6
        RenderTableSection {TBODY} at (0,0) size 6x6
          RenderTableRow {TR} at (0,2) size 6x2
            RenderTableCell {TD} at (2,2) size 2x2 [r=0 c=0 rs=1 cs=1]
      RenderBlock (anonymous) at (0,124) size 784x0
        RenderInline {FONT} at (0,0) size 0x0
          RenderText {#text} at (0,0) size 0x0
layer at (8,26) size 100x100 clip at (9,27) size 98x98
  RenderBlock {DIV} at (0,0) size 100x100 [border: (1px solid #C0C0C0)]
layer at (10,28) size 96x18
  RenderBlock {DIV} at (2,2) size 96x18
    RenderText {#text} at (0,0) size 40x17
      text run at (0,0) width 40: "Image"
