layer at (0,0) size 800x600
  RenderView at (0,0) size 800x600
layer at (0,0) size 800x600
  RenderBlock {HTML} at (0,0) size 800x600
    RenderBody {BODY} at (8,8) size 784x584
      RenderBlock (floating) {DIV} at (0,0) size 156x24 [border: (2px solid #FF0000)]
        RenderBlock {INPUT} at (2,2) size 152x20
        RenderText {#text} at (0,0) size 0x0
layer at (10,10) size 152x20 clip at (11,11) size 150x18
  RenderBlock {DIV} at (0,0) size 152x20 [border: (1px solid #C0C0C0)]
    RenderImage {IMG} at (2,2) size 16x16
layer at (28,12) size 132x13
  RenderBlock {DIV} at (18,2) size 132x13
    RenderText {#text} at (0,0) size 38x13
      text run at (0,0) width 38: "Submit"
