layer at (0,0) size 800x600
  RenderView at (0,0) size 800x600
layer at (0,0) size 800x600
  RenderBlock {HTML} at (0,0) size 800x600
    RenderBody {BODY} at (8,8) size 784x584
      RenderButton {INPUT} at (0,2) size 66.11x15 [bgcolor=#C0C0C0]
        RenderBlock (anonymous) at (8,2) size 50.11x11
          RenderText {#text} at (0,0) size 51x11
            text run at (0,0) width 51: "Test Button"
      RenderText {#text} at (66,1) size 5x16
        text run at (66,1) width 5: " "
      RenderButton {INPUT} at (70.11,2) size 66.11x15 [bgcolor=#C0C0C0]
        RenderBlock (anonymous) at (8,2) size 50.11x11
          RenderText {#text} at (0,0) size 51x11
            text run at (0,0) width 51: "Test Button"
      RenderText {#text} at (136,1) size 5x16
        text run at (136,1) width 5: " "
      RenderButton {INPUT} at (140.22,2) size 66.11x15 [bgcolor=#C0C0C0]
        RenderBlock (anonymous) at (8,2) size 50.11x11
          RenderText {#text} at (0,0) size 51x11
            text run at (0,0) width 51: "Test Button"
      RenderText {#text} at (206,1) size 5x16
        text run at (206,1) width 5: " "
      RenderButton {INPUT} at (210.33,2) size 66.11x15 [bgcolor=#C0C0C0]
        RenderBlock (anonymous) at (8,2) size 50.11x11
          RenderText {#text} at (0,0) size 51x11
            text run at (0,0) width 51: "Test Button"
      RenderText {#text} at (276,1) size 5x16
        text run at (276,1) width 5: " "
      RenderButton {INPUT} at (280.44,2) size 66.11x15 [bgcolor=#C0C0C0]
        RenderBlock (anonymous) at (8,2) size 50.11x11
          RenderText {#text} at (0,0) size 51x11
            text run at (0,0) width 51: "Test Button"
      RenderText {#text} at (346,1) size 5x16
        text run at (346,1) width 5: " "
      RenderButton {INPUT} at (350.55,2) size 66.11x15 [bgcolor=#C0C0C0]
        RenderBlock (anonymous) at (8,2) size 50.11x11
          RenderText {#text} at (0,0) size 51x11
            text run at (0,0) width 51: "Test Button"
      RenderText {#text} at (416,1) size 5x16
        text run at (416,1) width 5: " "
      RenderButton {INPUT} at (420.66,0) size 77.25x18 [bgcolor=#C0C0C0]
        RenderBlock (anonymous) at (8,2) size 61.25x13
          RenderText {#text} at (0,0) size 62x13
            text run at (0,0) width 62: "Test Button"
      RenderText {#text} at (497,1) size 5x16
        text run at (497,1) width 5: " "
      RenderButton {INPUT} at (501.91,0) size 77.25x18 [bgcolor=#C0C0C0]
        RenderBlock (anonymous) at (8,2) size 61.25x13
          RenderText {#text} at (0,0) size 62x13
            text run at (0,0) width 62: "Test Button"
      RenderText {#text} at (579,1) size 5x16
        text run at (579,1) width 5: " "
      RenderButton {INPUT} at (583.16,0) size 77.25x18 [bgcolor=#C0C0C0]
        RenderBlock (anonymous) at (8,2) size 61.25x13
          RenderText {#text} at (0,0) size 62x13
            text run at (0,0) width 62: "Test Button"
      RenderText {#text} at (660,1) size 5x16
        text run at (660,1) width 5: " "
      RenderButton {INPUT} at (664.41,0) size 77.25x18 [bgcolor=#C0C0C0]
        RenderBlock (anonymous) at (8,2) size 61.25x13
          RenderText {#text} at (0,0) size 62x13
            text run at (0,0) width 62: "Test Button"
      RenderText {#text} at (741,1) size 5x16
        text run at (741,1) width 5: " "
      RenderButton {INPUT} at (0,20) size 77.25x18 [bgcolor=#C0C0C0]
        RenderBlock (anonymous) at (8,2) size 61.25x13
          RenderText {#text} at (0,0) size 62x13
            text run at (0,0) width 62: "Test Button"
      RenderText {#text} at (77,21) size 5x16
        text run at (77,21) width 5: " "
      RenderButton {INPUT} at (81.25,18) size 88.38x21 [bgcolor=#C0C0C0]
        RenderBlock (anonymous) at (8,2) size 72.38x16
          RenderText {#text} at (0,0) size 73x16
            text run at (0,0) width 73: "Test Button"
      RenderText {#text} at (169,21) size 5x16
        text run at (169,21) width 5: " "
      RenderButton {INPUT} at (173.63,18) size 88.38x21 [bgcolor=#C0C0C0]
        RenderBlock (anonymous) at (8,2) size 72.38x16
          RenderText {#text} at (0,0) size 73x16
            text run at (0,0) width 73: "Test Button"
      RenderText {#text} at (262,21) size 4x16
        text run at (262,21) width 4: " "
      RenderButton {INPUT} at (266,18) size 88.38x21 [bgcolor=#C0C0C0]
        RenderBlock (anonymous) at (8,2) size 72.38x16
          RenderText {#text} at (0,0) size 73x16
            text run at (0,0) width 73: "Test Button"
      RenderText {#text} at (354,21) size 5x16
        text run at (354,21) width 5: " "
      RenderButton {INPUT} at (358.38,18) size 88.38x21 [bgcolor=#C0C0C0]
        RenderBlock (anonymous) at (8,2) size 72.38x16
          RenderText {#text} at (0,0) size 73x16
            text run at (0,0) width 73: "Test Button"
      RenderText {#text} at (446,21) size 5x16
        text run at (446,21) width 5: " "
      RenderButton {INPUT} at (450.75,18) size 88.38x21 [bgcolor=#C0C0C0]
        RenderBlock (anonymous) at (8,2) size 72.38x16
          RenderText {#text} at (0,0) size 73x16
            text run at (0,0) width 73: "Test Button"
      RenderText {#text} at (539,21) size 5x16
        text run at (539,21) width 5: " "
      RenderButton {INPUT} at (543.13,18) size 88.38x21 [bgcolor=#C0C0C0]
        RenderBlock (anonymous) at (8,2) size 72.38x16
          RenderText {#text} at (0,0) size 73x16
            text run at (0,0) width 73: "Test Button"
      RenderText {#text} at (0,0) size 0x0
