layer at (0,0) size 800x600
  RenderView at (0,0) size 800x600
layer at (0,0) size 800x600
  RenderBlock {HTML} at (0,0) size 800x600
    RenderBody {BODY} at (8,16) size 784x565.28
      RenderBlock {DIV} at (0,0) size 784x20
        RenderText {#text} at (0,0) size 148x19
          text run at (0,0) width 148: "Outline ring painting test."
      RenderBlock {DIV} at (0,36) size 784x98.44
        RenderBlock (anonymous) at (0,0) size 784x20
        RenderBlock (anonymous) at (0,78.44) size 784x20
      RenderBlock {DIV} at (0,153.16) size 784x59.72
        RenderBlock (anonymous) at (0,0) size 784x0
        RenderBlock (anonymous) at (0,39.72) size 784x20
      RenderBlock {DIV} at (0,228.88) size 784x59.72
        RenderBlock (anonymous) at (0,0) size 784x20
        RenderBlock (anonymous) at (0,78.44) size 784x0
      RenderBlock {DIV} at (0,307.31) size 784x21
        RenderBlock (anonymous) at (0,0) size 784x0
        RenderBlock (anonymous) at (0,39.72) size 784x0
layer at (8,52) size 95x19
  RenderInline (relative positioned) {SPAN} at (0,0) size 95x19
    RenderText {#text} at (0,0) size 95x19
      text run at (0,0) width 95: "Content before."
layer at (8,91) size 784x21
  RenderBlock (anonymous) at (0,38.72) size 784x21
    RenderBlock {H3} at (0,0) size 784x21
      RenderText {#text} at (0,0) size 140x20
        text run at (0,0) width 140: "Bold with margin."
layer at (8,130) size 79x19
  RenderInline (relative positioned) {SPAN} at (0,0) size 79x19
    RenderText {#text} at (0,0) size 79x19
      text run at (0,0) width 79: "Content after"
layer at (8,169) size 0x0
  RenderInline (relative positioned) {SPAN} at (0,0) size 0x0
layer at (8,169) size 784x21
  RenderBlock (anonymous) at (0,0) size 784x21
    RenderBlock {H3} at (0,0) size 784x21
      RenderText {#text} at (0,0) size 145x20
        text run at (0,0) width 145: "No content before."
layer at (8,209) size 83x19
  RenderInline (relative positioned) {SPAN} at (0,0) size 83x19
    RenderText {#text} at (0,0) size 83x19
      text run at (0,0) width 83: "Content after."
layer at (8,245) size 91x19
  RenderInline (relative positioned) {SPAN} at (0,0) size 91x19
    RenderText {#text} at (0,0) size 91x19
      text run at (0,0) width 91: "Content before"
layer at (8,284) size 784x21
  RenderBlock (anonymous) at (0,38.72) size 784x21
    RenderBlock {H3} at (0,0) size 784x21
      RenderText {#text} at (0,0) size 169x20
        text run at (0,0) width 169: "But No Content After"
layer at (8,323) size 0x0
  RenderInline (relative positioned) {SPAN} at (0,0) size 0x0
layer at (8,323) size 0x0
  RenderInline (relative positioned) {SPAN} at (0,0) size 0x0
layer at (8,323) size 784x21
  RenderBlock (anonymous) at (0,0) size 784x21
    RenderBlock {H3} at (0,0) size 784x21
      RenderText {#text} at (0,0) size 208x20
        text run at (0,0) width 208: "No content before or after."
layer at (8,363) size 0x0
  RenderInline (relative positioned) {SPAN} at (0,0) size 0x0
