EDITING DELEGATE: webViewDidChangeSelection:WebViewDidChangeSelectionNotification
EDITING DELEGATE: webViewDidChangeSelection:WebViewDidChangeSelectionNotification
layer at (0,0) size 800x600
  RenderView at (0,0) size 800x600
layer at (0,0) size 800x600
  RenderBlock {HTML} at (0,0) size 800x600
    RenderBody {BODY} at (8,8) size 784x584
      RenderBlock {DIV} at (0,0) size 784x128 [border: (2px solid #FF0000)]
        RenderBlock {IMG} at (14,14) size 550x100
        RenderText {#text} at (0,0) size 0x0
layer at (22,22) size 550x100 clip at (23,23) size 548x98
  RenderBlock {DIV} at (0,0) size 550x100 [border: (1px solid #C0C0C0)]
    RenderImage {IMG} at (2,2) size 16x16
layer at (40,24) size 530x28
  RenderBlock {DIV} at (18,2) size 530x28
    RenderText {#text} at (0,0) size 467x27
      text run at (0,0) width 467: "Should see selection tint over this missing image."
selection start: position 0 of child 1 {IMG} of child 1 {DIV} of body
selection end:   position 1 of child 1 {IMG} of child 1 {DIV} of body
