layer at (0,0) size 800x600
  RenderView at (0,0) size 800x600
layer at (0,0) size 800x600
  RenderBlock {HTML} at (0,0) size 800x600
    RenderBody {BODY} at (8,8) size 784x584
      RenderBlock {DIV} at (0,0) size 784x16
        RenderBlock (floating) {<pseudo:first-letter>} at (0,0) size 14.98x45
          RenderTextFragment at (0,0) size 15x45
            text run at (0,0) width 15: "I"
        RenderTextFragment {#text} at (14,0) size 462x16
          text run at (14,0) width 462: "n an attempt to lose some weight, I have switched computing platforms."
