layer at (0,0) size 800x600
  RenderView at (0,0) size 800x600
layer at (0,0) size 800x600
  RenderBlock {HTML} at (0,0) size 800x600
    RenderBody {BODY} at (8,8) size 784x568
      RenderBlock {H1} at (0,0) size 784x48
        RenderText {#text} at (0,0) size 776x48
          text run at (0,0) width 776: "Inheritance bug for floated first-letter"
      RenderBlock {P} at (0,80.16) size 784x170 [bgcolor=#EEEEEE] [border: (1px solid #000000)]
        RenderInline {<pseudo:first-letter>} at (0,0) size 54x74 [color=#008000] [border: (1px dashed #008000)]
          RenderTextFragment at (2,1) size 52x72
            text run at (2,1) width 52: "H"
        RenderTextFragment {#text} at (54,38) size 756x131
          text run at (54,38) width 703: "ere is the first paragraph. Here the CSS :first-line rule sets the text"
          text run at (1,73) width 256: "to a green, sans-serif font. "
          text run at (256,73) width 482: "Then, the CSS :first-letter rule sets the font size to"
          text run at (1,97) width 687: "3em, and makes the text bold. And here's some more text to pad out the"
          text run at (1,121) width 710: "paragraph and make things look nice (or, at least, to illustrate the problem"
          text run at (1,145) width 100: "correctly)."
      RenderBlock {P} at (0,274.16) size 784x122 [bgcolor=#EEEEEE] [border: (1px solid #000000)]
        RenderBlock (floating) {<pseudo:first-letter>} at (1,1) size 53.98x74 [color=#008000] [border: (1px dashed #008000)]
          RenderTextFragment at (1,1) size 52x72
            text run at (1,1) width 52: "H"
        RenderTextFragment {#text} at (54,1) size 782x120
          text run at (54,1) width 719: "ere is the second paragraph. This is just like the first except that the"
          text run at (54,25) width 377: "rule p.floated:first-letter floats the first "
          text run at (430,25) width 161: "letter to the left. "
          text run at (590,25) width 135: "However, this"
          text run at (54,49) width 727: "floated element should still inherit the font properties (green and sans-serif)"
          text run at (54,73) width 729: "from the first-line: selector. It does not -- instead, the font is black, and uses"
          text run at (1,97) width 451: "the serif font. .... And here's some more text ...."
