layer at (0,0) size 800x600 scrollWidth 903
  RenderView at (0,0) size 800x600
layer at (0,0) size 800x600
  RenderBlock {HTML} at (0,0) size 800x600
    RenderBody {BODY} at (8,8) size 800x584
      RenderBlock {DIV} at (0,0) size 800x0
      RenderBlock {DIV} at (0,0) size 800x0
      RenderBlock {DIV} at (0,0) size 800x0
      RenderBlock {DIV} at (0,0) size 800x0
      RenderBlock {DIV} at (0,0) size 800x0
      RenderBlock {DIV} at (0,0) size 800x0
      RenderBlock {DIV} at (0,0) size 800x0
      RenderBlock {DIV} at (0,0) size 800x0
layer at (159,566) size 249x24
  RenderBlock (positioned) {FONT} at (159.33,566) size 248.67x24
    RenderText {#text} at (0,0) size 250x24
      text run at (0,0) width 249: "RTL-Center-Aligned"
layer at (-87,478) size 95x72 backgroundClip at (0,0) size 800x600 clip at (0,0) size 800x600 outlineClip at (0,0) size 800x600
  RenderBlock (positioned) {FONT} at (-86.58,478) size 94.58x72
    RenderText {#text} at (0,0) size 96x72
      text run at (0,0) width 62: "RTL-"
      text run at (0,24) width 63: "Left-"
      text run at (0,48) width 95: "Aligned"
layer at (576,476) size 232x24 backgroundClip at (0,0) size 800x600 clip at (0,0) size 800x600 outlineClip at (0,0) size 800x600
  RenderBlock (positioned) {FONT} at (575.50,476) size 232.50x24
    RenderText {#text} at (0,0) size 234x24
      text run at (0,0) width 233: "RTL-Right-Aligned"
layer at (609,426) size 199x24 backgroundClip at (0,0) size 800x600 clip at (0,0) size 800x600 outlineClip at (0,0) size 800x600
  RenderBlock (positioned) {FONT} at (608.50,426) size 199.50x24
    RenderText {#text} at (0,0) size 201x24
      text run at (0,0) width 200: "RTL-No-Aligned"
layer at (408,376) size 249x24
  RenderBlock (positioned) {FONT} at (408,376) size 248.67x24
    RenderText {#text} at (0,0) size 249x24
      text run at (0,0) width 249: "LTR-Center-Aligned"
layer at (8,326) size 219x24
  RenderBlock (positioned) {FONT} at (8,326) size 218.78x24
    RenderText {#text} at (0,0) size 219x24
      text run at (0,0) width 219: "LTR-Left-Aligned"
layer at (808,228) size 95x72 backgroundClip at (0,0) size 800x600 clip at (0,0) size 800x600 outlineClip at (0,0) size 800x600
  RenderBlock (positioned) {FONT} at (808,228) size 94.58x72
    RenderText {#text} at (33,0) size 95x72
      text run at (33,0) width 62: "LTR-"
      text run at (17,24) width 78: "Right-"
      text run at (0,48) width 95: "Aligned"
layer at (8,226) size 200x24
  RenderBlock (positioned) {FONT} at (8,226) size 199.50x24
    RenderText {#text} at (0,0) size 200x24
      text run at (0,0) width 200: "LTR-No-Aligned"
