layer at (0,0) size 800x600 clip at (0,0) size 785x600 scrollHeight 2966
  RenderView at (0,0) size 800x600
layer at (0,0) size 785x2966 backgroundClip at (0,0) size 785x600 clip at (0,0) size 785x600 outlineClip at (0,0) size 785x600
  RenderBlock {HTML} at (0,0) size 785x2965.75
    RenderBody {BODY} at (8,8) size 769x2937.75
      RenderBlock {H3} at (0,0) size 769x21
        RenderText {#text} at (0,0) size 80x20
          text run at (0,0) width 80: "Single line"
      RenderBlock {H3} at (0,369.72) size 769x21
        RenderText {#text} at (0,0) size 76x20
          text run at (0,0) width 76: "Multi line"
      RenderBlock {H3} at (0,739.44) size 769x21
        RenderText {#text} at (0,0) size 220x20
          text run at (0,0) width 220: "Containing replaced content"
      RenderBlock {H3} at (0,1109.16) size 769x21
        RenderText {#text} at (0,0) size 378x20
          text run at (0,0) width 378: "Containing replaced content blocking the ellipsis"
      RenderBlock {H3} at (0,1478.88) size 769x21
        RenderText {#text} at (0,0) size 190x20
          text run at (0,0) width 190: "Right-To-Left single line"
      RenderBlock {H3} at (0,1848.59) size 769x21
        RenderText {#text} at (0,0) size 189x20
          text run at (0,0) width 189: "Right-To-Left Multi line"
      RenderBlock {H3} at (0,2218.31) size 769x21
        RenderText {#text} at (0,0) size 328x20
          text run at (0,0) width 328: "Right-To-Left containing replaced content"
      RenderBlock {H3} at (0,2588.03) size 769x21
        RenderText {#text} at (0,0) size 486x20
          text run at (0,0) width 486: "Right-To-Left containing replaced content blocking the ellipsis"
layer at (8,48) size 22x310 clip at (9,49) size 20x308 scrollHeight 683
  RenderBlock {DIV} at (0,39.72) size 22x310 [border: (1px solid #000000)]
    RenderText {#text} at (1,1) size 19x684
      text run at (1,1) width 683: "Lorem ipsum dolor sit amet, consectetur adipiscing elit. Vivamus vitae eros non libero faucibus sagittis sed ut eros."
layer at (8,417) size 82x310 backgroundClip at (8,417) size 82x183 clip at (9,418) size 80x182 outlineClip at (0,0) size 785x600 scrollHeight 683
  RenderBlock {DIV} at (0,409.44) size 82x310 [border: (1px solid #000000)]
    RenderText {#text} at (1,1) size 19x684
      text run at (1,1) width 683: "Lorem ipsum dolor sit amet, consectetur adipiscing elit. Vivamus vitae eros non libero faucibus sagittis sed ut eros."
    RenderBR {BR} at (0,0) size 0x0
    RenderText {#text} at (21,2) size 19x675
      text run at (21,2) width 674: "orem ipsum dolor sit amet, consectetur adipiscing elit. Vivamus vitae eros non libero faucibus sagittis sed ut eros."
    RenderBR {BR} at (0,0) size 0x0
    RenderText {#text} at (41,1) size 19x666
      text run at (41,1) width 666: "rem ipsum dolor sit amet, consectetur adipiscing elit. Vivamus vitae eros non libero faucibus sagittis sed ut eros."
    RenderBR {BR} at (0,0) size 0x0
    RenderText {#text} at (61,1) size 19x661
      text run at (61,1) width 661: "em ipsum dolor sit amet, consectetur adipiscing elit. Vivamus vitae eros non libero faucibus sagittis sed ut eros."
    RenderBR {BR} at (0,0) size 0x0
layer at (8,787) size 32x310 backgroundClip at (0,0) size 0x0 clip at (0,0) size 0x0 outlineClip at (0,0) size 785x600 scrollHeight 712
  RenderBlock {DIV} at (0,779.16) size 32x310 [border: (1px solid #000000)]
    RenderText {#text} at (11,1) size 19x173
      text run at (11,1) width 173: "Lorem ipsum dolor sit amet, "
    RenderImage {IMG} at (1,174) size 25x25
    RenderText {#text} at (11,199) size 19x514
      text run at (11,199) width 514: " consectetur adipiscing elit. Vivamus vitae eros non libero faucibus sagittis sed ut eros."
layer at (8,1157) size 32x310 backgroundClip at (0,0) size 0x0 clip at (0,0) size 0x0 outlineClip at (0,0) size 785x600 scrollHeight 709
  RenderBlock {DIV} at (0,1148.88) size 32x310 [border: (1px solid #000000)]
    RenderText {#text} at (11,2) size 19x262
      text run at (11,2) width 261: "Lorem ipsum dolor sit amet, consectetur ad"
    RenderImage {IMG} at (1,263.50) size 25x25
    RenderText {#text} at (11,288) size 19x423
      text run at (11,288) width 422: "ipiscing elit. Vivamus vitae eros non libero faucibus sagittis sed ut eros."
layer at (8,1527) size 22x310 backgroundClip at (0,0) size 0x0 clip at (0,0) size 0x0 outlineClip at (0,0) size 785x600 scrollY 375.00 scrollHeight 683
  RenderBlock {DIV} at (0,1518.59) size 22x310 [border: (1px solid #000000)]
    RenderText {#text} at (1,-374) size 19x684
      text run at (1,-374) width 683 RTL override: "Lorem ipsum dolor sit amet, consectetur adipiscing elit. Vivamus vitae eros non libero faucibus sagittis sed ut eros."
layer at (8,1896) size 82x310 backgroundClip at (0,0) size 0x0 clip at (0,0) size 0x0 outlineClip at (0,0) size 785x600 scrollY 375.00 scrollHeight 683
  RenderBlock {DIV} at (0,1888.31) size 82x310 [border: (1px solid #000000)]
    RenderText {#text} at (1,-374) size 19x684
      text run at (1,-374) width 683 RTL override: "Lorem ipsum dolor sit amet, consectetur adipiscing elit. Vivamus vitae eros non libero faucibus sagittis sed ut eros."
    RenderBR {BR} at (0,0) size 0x0
    RenderText {#text} at (21,-366) size 19x675
      text run at (21,-366) width 674 RTL override: "orem ipsum dolor sit amet, consectetur adipiscing elit. Vivamus vitae eros non libero faucibus sagittis sed ut eros."
    RenderBR {BR} at (0,0) size 0x0
    RenderText {#text} at (41,-357) size 19x666
      text run at (41,-357) width 666 RTL override: "rem ipsum dolor sit amet, consectetur adipiscing elit. Vivamus vitae eros non libero faucibus sagittis sed ut eros."
    RenderBR {BR} at (0,0) size 0x0
    RenderText {#text} at (61,-352) size 19x661
      text run at (61,-352) width 661 RTL override: "em ipsum dolor sit amet, consectetur adipiscing elit. Vivamus vitae eros non libero faucibus sagittis sed ut eros."
    RenderBR {BR} at (0,0) size 0x0
layer at (8,2266) size 32x310 backgroundClip at (0,0) size 0x0 clip at (0,0) size 0x0 outlineClip at (0,0) size 785x600 scrollY 404.00 scrollHeight 712
  RenderBlock {DIV} at (0,2258.03) size 32x310 [border: (1px solid #000000)]
    RenderText {#text} at (11,136) size 19x173
      text run at (11,136) width 173 RTL override: "Lorem ipsum dolor sit amet, "
    RenderImage {IMG} at (1,111) size 25x25
    RenderText {#text} at (11,-403) size 19x514
      text run at (11,-403) width 514 RTL override: " consectetur adipiscing elit. Vivamus vitae eros non libero faucibus sagittis sed ut eros."
layer at (8,2636) size 32x310 backgroundClip at (0,0) size 0x0 clip at (0,0) size 0x0 outlineClip at (0,0) size 785x600 scrollY 400.00 scrollHeight 708
  RenderBlock {DIV} at (0,2627.75) size 32x310 [border: (1px solid #000000)]
    RenderText {#text} at (11,48) size 19x261
      text run at (11,48) width 261 RTL override: "Lorem ipsum dolor sit amet, consectetur ad"
    RenderImage {IMG} at (1,23) size 25x25
    RenderText {#text} at (11,-399) size 19x422
      text run at (11,-399) width 422 RTL override: "ipiscing elit. Vivamus vitae eros non libero faucibus sagittis sed ut eros."
