layer at (0,0) size 800x600 clip at (0,0) size 785x600 scrollHeight 608
  RenderView at (0,0) size 800x600
layer at (0,0) size 785x600
  RenderBlock {HTML} at (0,0) size 785x600
    RenderBody {BODY} at (8,8) size 769x584
      RenderBlock {DIV} at (0,0) size 144x600
        RenderInline {SPAN} at (0,0) size 130x600 [bgcolor=#FFFFE0] [border: (5px solid #008000)]
          RenderText {#text} at (12,20) size 120x580
            text run at (12,20) width 579: "This sentence is too long to fit"
            text run at (84,138) width 304: "on a single line."
        RenderText {#text} at (0,0) size 0x0
      RenderBlock {DIV} at (194,0) size 144x600
        RenderInline {SPAN} at (0,0) size 130x600 [bgcolor=#FFFFE0] [border: (5px solid #008000)]
          RenderText {#text} at (12,20) size 120x580
            text run at (12,20) width 579: "This sentence is too long to fit"
            text run at (84,138) width 304: "on a single line."
        RenderText {#text} at (0,0) size 0x0
