layer at (0,0) size 800x600 scrollX 3247.00 scrollWidth 4047
  RenderView at (0,0) size 800x600
layer at (-3247,0) size 4047x600 backgroundClip at (0,0) size 800x600 clip at (0,0) size 800x600 outlineClip at (0,0) size 800x600
  RenderBlock {HTML} at (0,0) size 4047.34x600
    RenderBody {BODY} at (60,48) size 3927.34x504
      RenderBlock {H1} at (0,0) size 48x504
        RenderText {#text} at (8,0) size 32x64
          text run at (8,0) width 64: "\x{8349}\x{6795}"
      RenderBlock {H2} at (69.44,0) size 36x504
        RenderText {#text} at (6,0) size 24x96
          text run at (6,0) width 96: "\x{590F}\x{76EE}\x{6F31}\x{77F3}"
      RenderBlock {DIV} at (125.34,0) size 3802x504
        RenderBlock (anonymous) at (0,0) size 2104x504
          RenderBR {BR} at (0,0) size 16x0
          RenderBR {BR} at (16,0) size 16x0
          RenderBR {BR} at (32,0) size 16x0
          RenderText {#text} at (52,0) size 16x144
            text run at (52,0) width 144: "\x{3000}\x{3000}\x{3000}\x{3000}\x{3000}\x{3000}\x{3000}\x{3000}\x{4E00}"
          RenderBR {BR} at (52,144) size 16x0
          RenderBR {BR} at (72,0) size 16x0
          RenderText {#text} at (97,0) size 16x16
            text run at (97,0) width 16: "\x{3000}"
          RenderRuby (inline) {RUBY} at (0,0) size 16x34
            RenderRubyRun (anonymous) at (93,15) size 24x36
              RenderRubyText {RT} at (-7,0) size 14x36
                RenderText {#text} at (2,0) size 9x36
                  text run at (2,0) width 36: "\x{3084}\x{307E}\x{307F}\x{3061}"
              RenderRubyBase (anonymous) at (0,0) size 24x36
                RenderInline {RB} at (0,0) size 16x34
                  RenderText {#text} at (4,1) size 16x34
                    text run at (4,1) width 34: "\x{5C71}\x{8DEF}"
          RenderText {#text} at (97,50) size 16x208
            text run at (97,50) width 208: "\x{3092}\x{767B}\x{308A}\x{306A}\x{304C}\x{3089}\x{3001}\x{3053}\x{3046}\x{8003}\x{3048}\x{305F}\x{3002}"
          RenderBR {BR} at (97,258) size 16x0
          RenderText {#text} at (122,0) size 16x16
            text run at (122,0) width 16: "\x{3000}"
          RenderRuby (inline) {RUBY} at (0,0) size 16x16
            RenderRubyRun (anonymous) at (118,16) size 24x16
              RenderRubyText {RT} at (-7,0) size 14x16
                RenderText {#text} at (2,3) size 9x10
                  text run at (2,3) width 9: "\x{3061}"
              RenderRubyBase (anonymous) at (0,0) size 24x16
                RenderInline {RB} at (0,0) size 16x16
                  RenderText {#text} at (4,0) size 16x16
                    text run at (4,0) width 16: "\x{667A}"
          RenderText {#text} at (122,32) size 16x64
            text run at (122,32) width 64: "\x{306B}\x{50CD}\x{3051}\x{3070}"
          RenderRuby (inline) {RUBY} at (0,0) size 16x16
            RenderRubyRun (anonymous) at (118,95) size 24x18
              RenderRubyText {RT} at (-7,0) size 14x18
                RenderText {#text} at (2,0) size 9x18
                  text run at (2,0) width 18: "\x{304B}\x{3069}"
              RenderRubyBase (anonymous) at (0,0) size 24x18
                RenderInline {RB} at (0,0) size 16x16
                  RenderText {#text} at (4,1) size 16x16
                    text run at (4,1) width 16: "\x{89D2}"
          RenderText {#text} at (122,112) size 16x64
            text run at (122,112) width 64: "\x{304C}\x{7ACB}\x{3064}\x{3002}"
          RenderRuby (inline) {RUBY} at (0,0) size 16x19
            RenderRubyRun (anonymous) at (118,172) size 24x27
              RenderRubyText {RT} at (-7,0) size 14x27
                RenderText {#text} at (2,0) size 9x27
                  text run at (2,0) width 27: "\x{3058}\x{3087}\x{3046}"
              RenderRubyBase (anonymous) at (0,0) size 24x27
                RenderInline {RB} at (0,0) size 16x17
                  RenderText {#text} at (4,5) size 16x17
                    text run at (4,5) width 16: "\x{60C5}"
          RenderText {#text} at (122,195) size 16x16
            text run at (122,195) width 16: "\x{306B}"
          RenderRuby (inline) {RUBY} at (0,0) size 16x16
            RenderRubyRun (anonymous) at (118,210) size 24x18
              RenderRubyText {RT} at (-7,0) size 14x18
                RenderText {#text} at (2,0) size 9x18
                  text run at (2,0) width 18: "\x{3055}\x{304A}"
              RenderRubyBase (anonymous) at (0,0) size 24x18
                RenderInline {RB} at (0,0) size 16x16
                  RenderText {#text} at (4,1) size 16x16
                    text run at (4,1) width 16: "\x{68F9}"
          RenderText {#text} at (122,227) size 16x176
            text run at (122,227) width 176: "\x{3055}\x{305B}\x{3070}\x{6D41}\x{3055}\x{308C}\x{308B}\x{3002}\x{610F}\x{5730}\x{3092}"
          RenderRuby (inline) {RUBY} at (0,0) size 16x16
            RenderRubyRun (anonymous) at (118,402) size 24x18
              RenderRubyText {RT} at (-7,0) size 14x18
                RenderText {#text} at (2,0) size 9x18
                  text run at (2,0) width 18: "\x{3068}\x{304A}"
              RenderRubyBase (anonymous) at (0,0) size 24x18
                RenderInline {RB} at (0,0) size 16x16
                  RenderText {#text} at (4,1) size 16x16
                    text run at (4,1) width 16: "\x{901A}"
          RenderText {#text} at (122,419) size 16x32
            text run at (122,419) width 32: "\x{305B}\x{3070}"
          RenderRuby (inline) {RUBY} at (0,0) size 16x42
            RenderRubyRun (anonymous) at (118,448) size 24x45
              RenderRubyText {RT} at (-7,0) size 14x45
                RenderText {#text} at (2,0) size 9x45
                  text run at (2,0) width 45: "\x{304D}\x{3085}\x{3046}\x{304F}\x{3064}"
              RenderRubyBase (anonymous) at (0,0) size 24x45
                RenderInline {RB} at (0,0) size 16x39
                  RenderText {#text} at (4,3) size 16x39
                    text run at (4,3) width 38: "\x{7AAE}\x{5C48}"
          RenderText {#text} at (146,0) size 16x256
            text run at (146,0) width 256: "\x{3060}\x{3002}\x{3068}\x{304B}\x{304F}\x{306B}\x{4EBA}\x{306E}\x{4E16}\x{306F}\x{4F4F}\x{307F}\x{306B}\x{304F}\x{3044}\x{3002}"
          RenderBR {BR} at (146,256) size 16x0
          RenderText {#text} at (171,0) size 16x112
            text run at (171,0) width 112: "\x{3000}\x{4F4F}\x{307F}\x{306B}\x{304F}\x{3055}\x{304C}"
          RenderRuby (inline) {RUBY} at (0,0) size 16x16
            RenderRubyRun (anonymous) at (167,111) size 24x18
              RenderRubyText {RT} at (-7,0) size 14x18
                RenderText {#text} at (2,0) size 9x18
                  text run at (2,0) width 18: "\x{3053}\x{3046}"
              RenderRubyBase (anonymous) at (0,0) size 24x18
                RenderInline {RB} at (0,0) size 16x16
                  RenderText {#text} at (4,1) size 16x16
                    text run at (4,1) width 16: "\x{9AD8}"
          RenderText {#text} at (171,128) size 41x496
            text run at (171,128) width 368: "\x{3058}\x{308B}\x{3068}\x{3001}\x{5B89}\x{3044}\x{6240}\x{3078}\x{5F15}\x{304D}\x{8D8A}\x{3057}\x{305F}\x{304F}\x{306A}\x{308B}\x{3002}\x{3069}\x{3053}\x{3078}\x{8D8A}\x{3057}\x{3066}"
            text run at (196,0) width 112: "\x{3082}\x{4F4F}\x{307F}\x{306B}\x{304F}\x{3044}\x{3068}"
          RenderRuby (inline) {RUBY} at (0,0) size 16x16
            RenderRubyRun (anonymous) at (192,111) size 24x18
              RenderRubyText {RT} at (-7,0) size 14x18
                RenderText {#text} at (2,0) size 9x18
                  text run at (2,0) width 18: "\x{3055}\x{3068}"
              RenderRubyBase (anonymous) at (0,0) size 24x18
                RenderInline {RB} at (0,0) size 16x16
                  RenderText {#text} at (4,1) size 16x16
                    text run at (4,1) width 16: "\x{609F}"
          RenderText {#text} at (196,128) size 16x160
            text run at (196,128) width 160: "\x{3063}\x{305F}\x{6642}\x{3001}\x{8A69}\x{304C}\x{751F}\x{308C}\x{3066}\x{3001}"
          RenderRuby (inline) {RUBY} at (0,0) size 16x16
            RenderRubyRun (anonymous) at (192,288) size 24x16
              RenderRubyText {RT} at (-7,0) size 14x16
                RenderText {#text} at (2,3) size 9x10
                  text run at (2,3) width 9: "\x{3048}"
              RenderRubyBase (anonymous) at (0,0) size 24x16
                RenderInline {RB} at (0,0) size 16x16
                  RenderText {#text} at (4,0) size 16x16
                    text run at (4,0) width 16: "\x{753B}"
          RenderText {#text} at (196,304) size 16x80
            text run at (196,304) width 80: "\x{304C}\x{51FA}\x{6765}\x{308B}\x{3002}"
          RenderBR {BR} at (196,384) size 16x0
          RenderText {#text} at (220,0) size 16x16
            text run at (220,0) width 16: "\x{3000}"
          RenderInline {STRONG} at (0,0) size 16x48
            RenderText {#text} at (220,16) size 16x48
              text run at (220,16) width 48: "\x{4EBA}\x{306E}\x{4E16}"
          RenderText {#text} at (220,64) size 16x432
            text run at (220,64) width 432: "\x{3092}\x{4F5C}\x{3063}\x{305F}\x{3082}\x{306E}\x{306F}\x{795E}\x{3067}\x{3082}\x{306A}\x{3051}\x{308C}\x{3070}\x{9B3C}\x{3067}\x{3082}\x{306A}\x{3044}\x{3002}\x{3084}\x{306F}\x{308A}\x{5411}\x{3046}\x{4E09}\x{8ED2}"
          RenderRuby (inline) {RUBY} at (0,0) size 16x42
            RenderRubyRun (anonymous) at (241,0) size 24x45
              RenderRubyText {RT} at (-7,0) size 14x45
                RenderText {#text} at (2,0) size 9x45
                  text run at (2,0) width 45: "\x{308A}\x{3087}\x{3046}\x{3069}\x{306A}"
              RenderRubyBase (anonymous) at (0,0) size 24x45
                RenderInline {RB} at (0,0) size 16x39
                  RenderText {#text} at (4,3) size 16x39
                    text run at (4,3) width 38: "\x{4E21}\x{96A3}"
          RenderText {#text} at (245,42) size 16x384
            text run at (245,42) width 384: "\x{308A}\x{306B}\x{3061}\x{3089}\x{3061}\x{3089}\x{3059}\x{308B}\x{305F}\x{3060}\x{306E}\x{4EBA}\x{3067}\x{3042}\x{308B}\x{3002}\x{305F}\x{3060}\x{306E}\x{4EBA}\x{304C}\x{4F5C}\x{3063}\x{305F}"
          RenderInline {STRONG} at (0,0) size 16x48
            RenderText {#text} at (245,426) size 16x48
              text run at (245,426) width 48: "\x{4EBA}\x{306E}\x{4E16}"
          RenderText {#text} at (245,474) size 40x490
            text run at (245,474) width 16: "\x{304C}"
            text run at (269,0) width 352: "\x{4F4F}\x{307F}\x{306B}\x{304F}\x{3044}\x{304B}\x{3089}\x{3068}\x{3066}\x{3001}\x{8D8A}\x{3059}\x{56FD}\x{306F}\x{3042}\x{308B}\x{307E}\x{3044}\x{3002}\x{3042}\x{308C}\x{3070}"
          RenderInline {STRONG} at (0,0) size 16x64
            RenderText {#text} at (269,352) size 16x64
              text run at (269,352) width 64: "\x{4EBA}\x{3067}\x{306A}\x{3057}"
          RenderText {#text} at (269,416) size 40x496
            text run at (269,416) width 80: "\x{306E}\x{56FD}\x{3078}\x{884C}\x{304F}"
            text run at (293,0) width 80: "\x{3070}\x{304B}\x{308A}\x{3060}\x{3002}"
          RenderInline {STRONG} at (0,0) size 16x64
            RenderText {#text} at (293,80) size 16x64
              text run at (293,80) width 64: "\x{4EBA}\x{3067}\x{306A}\x{3057}"
          RenderText {#text} at (293,144) size 16x48
            text run at (293,144) width 48: "\x{306E}\x{56FD}\x{306F}"
          RenderInline {STRONG} at (0,0) size 16x48
            RenderText {#text} at (293,192) size 16x48
              text run at (293,192) width 48: "\x{4EBA}\x{306E}\x{4E16}"
          RenderText {#text} at (293,240) size 16x208
            text run at (293,240) width 208: "\x{3088}\x{308A}\x{3082}\x{306A}\x{304A}\x{4F4F}\x{307F}\x{306B}\x{304F}\x{304B}\x{308D}\x{3046}\x{3002}"
          RenderBR {BR} at (293,448) size 16x0
          RenderText {#text} at (317,0) size 16x496
            text run at (317,0) width 496: "\x{3000}\x{8D8A}\x{3059}\x{4E8B}\x{306E}\x{306A}\x{3089}\x{306C}\x{4E16}\x{304C}\x{4F4F}\x{307F}\x{306B}\x{304F}\x{3051}\x{308C}\x{3070}\x{3001}\x{4F4F}\x{307F}\x{306B}\x{304F}\x{3044}\x{6240}\x{3092}\x{3069}\x{308C}\x{307B}\x{3069}\x{304B}\x{3001}"
          RenderRuby (inline) {RUBY} at (0,0) size 16x35
            RenderRubyRun (anonymous) at (338,0) size 24x36
              RenderRubyText {RT} at (-7,0) size 14x36
                RenderText {#text} at (2,0) size 9x36
                  text run at (2,0) width 36: "\x{304F}\x{3064}\x{308D}\x{3052}"
              RenderRubyBase (anonymous) at (0,0) size 24x36
                RenderInline {RB} at (0,0) size 16x34
                  RenderText {#text} at (4,1) size 16x34
                    text run at (4,1) width 34: "\x{5BDB}\x{5BB9}"
          RenderText {#text} at (342,35) size 16x32
            text run at (342,35) width 32: "\x{3066}\x{3001}"
          RenderRuby (inline) {RUBY} at (0,0) size 16x16
            RenderRubyRun (anonymous) at (338,66) size 24x18
              RenderRubyText {RT} at (-7,0) size 14x18
                RenderText {#text} at (2,0) size 9x18
                  text run at (2,0) width 18: "\x{3064}\x{304B}"
              RenderRubyBase (anonymous) at (0,0) size 24x18
                RenderInline {RB} at (0,0) size 16x16
                  RenderText {#text} at (4,1) size 16x16
                    text run at (4,1) width 16: "\x{675F}"
          RenderText {#text} at (342,83) size 16x16
            text run at (342,83) width 16: "\x{306E}"
          RenderRuby (inline) {RUBY} at (0,0) size 16x16
            RenderRubyRun (anonymous) at (338,99) size 24x16
              RenderRubyText {RT} at (-7,0) size 14x16
                RenderText {#text} at (2,3) size 9x10
                  text run at (2,3) width 9: "\x{307E}"
              RenderRubyBase (anonymous) at (0,0) size 24x16
                RenderInline {RB} at (0,0) size 16x16
                  RenderText {#text} at (4,0) size 16x16
                    text run at (4,0) width 16: "\x{9593}"
          RenderText {#text} at (342,115) size 41x499
            text run at (342,115) width 384: "\x{306E}\x{547D}\x{3092}\x{3001}\x{675F}\x{306E}\x{9593}\x{3067}\x{3082}\x{4F4F}\x{307F}\x{3088}\x{304F}\x{305B}\x{306D}\x{3070}\x{306A}\x{3089}\x{306C}\x{3002}\x{3053}\x{3053}\x{306B}\x{8A69}"
            text run at (367,0) width 352: "\x{4EBA}\x{3068}\x{3044}\x{3046}\x{5929}\x{8077}\x{304C}\x{51FA}\x{6765}\x{3066}\x{3001}\x{3053}\x{3053}\x{306B}\x{753B}\x{5BB6}\x{3068}\x{3044}\x{3046}\x{4F7F}\x{547D}\x{304C}"
          RenderRuby (inline) {RUBY} at (0,0) size 16x16
            RenderRubyRun (anonymous) at (363,351) size 24x18
              RenderRubyText {RT} at (-7,0) size 14x18
                RenderText {#text} at (2,0) size 9x18
                  text run at (2,0) width 18: "\x{304F}\x{3060}"
              RenderRubyBase (anonymous) at (0,0) size 24x18
                RenderInline {RB} at (0,0) size 16x16
                  RenderText {#text} at (4,1) size 16x16
                    text run at (4,1) width 16: "\x{964D}"
          RenderText {#text} at (367,368) size 41x496
            text run at (367,368) width 128: "\x{308B}\x{3002}\x{3042}\x{3089}\x{3086}\x{308B}\x{82B8}\x{8853}"
            text run at (392,0) width 112: "\x{306E}\x{58EB}\x{306F}\x{4EBA}\x{306E}\x{4E16}\x{3092}"
          RenderRuby (inline) {RUBY} at (0,0) size 16x32
            RenderRubyRun (anonymous) at (388,112) size 24x32
              RenderRubyText {RT} at (-7,0) size 14x32
                RenderText {#text} at (2,0) size 9x31
                  text run at (2,0) width 30: "\x{306E}\x{3069}\x{304B}"
              RenderRubyBase (anonymous) at (0,0) size 24x32
                RenderInline {RB} at (0,0) size 16x32
                  RenderText {#text} at (4,0) size 16x32
                    text run at (4,0) width 32: "\x{9577}\x{9591}"
          RenderText {#text} at (392,144) size 16x208
            text run at (392,144) width 208: "\x{306B}\x{3057}\x{3001}\x{4EBA}\x{306E}\x{5FC3}\x{3092}\x{8C4A}\x{304B}\x{306B}\x{3059}\x{308B}\x{304C}"
          RenderRuby (inline) {RUBY} at (0,0) size 16x16
            RenderRubyRun (anonymous) at (388,351) size 24x18
              RenderRubyText {RT} at (-7,0) size 14x18
                RenderText {#text} at (2,0) size 9x18
                  text run at (2,0) width 18: "\x{3086}\x{3048}"
              RenderRubyBase (anonymous) at (0,0) size 24x18
                RenderInline {RB} at (0,0) size 16x16
                  RenderText {#text} at (4,1) size 16x16
                    text run at (4,1) width 16: "\x{6545}"
          RenderText {#text} at (392,368) size 16x16
            text run at (392,368) width 16: "\x{306B}"
          RenderRuby (inline) {RUBY} at (0,0) size 16x16
            RenderRubyRun (anonymous) at (388,383) size 24x18
              RenderRubyText {RT} at (-7,0) size 14x18
                RenderText {#text} at (2,0) size 9x18
                  text run at (2,0) width 18: "\x{305F}\x{3063}"
              RenderRubyBase (anonymous) at (0,0) size 24x18
                RenderInline {RB} at (0,0) size 16x16
                  RenderText {#text} at (4,1) size 16x16
                    text run at (4,1) width 16: "\x{5C0A}"
          RenderText {#text} at (392,400) size 16x48
            text run at (392,400) width 48: "\x{3068}\x{3044}\x{3002}"
          RenderBR {BR} at (392,448) size 16x0
          RenderText {#text} at (417,0) size 16x240
            text run at (417,0) width 240: "\x{3000}\x{4F4F}\x{307F}\x{306B}\x{304F}\x{304D}\x{4E16}\x{304B}\x{3089}\x{3001}\x{4F4F}\x{307F}\x{306B}\x{304F}\x{304D}"
          RenderRuby (inline) {RUBY} at (0,0) size 16x19
            RenderRubyRun (anonymous) at (413,236) size 24x27
              RenderRubyText {RT} at (-7,0) size 14x27
                RenderText {#text} at (2,0) size 9x27
                  text run at (2,0) width 27: "\x{308F}\x{305A}\x{3089}"
              RenderRubyBase (anonymous) at (0,0) size 24x27
                RenderInline {RB} at (0,0) size 16x17
                  RenderText {#text} at (4,5) size 16x17
                    text run at (4,5) width 16: "\x{7169}"
          RenderText {#text} at (417,259) size 41x499
            text run at (417,259) width 240: "\x{3044}\x{3092}\x{5F15}\x{304D}\x{629C}\x{3044}\x{3066}\x{3001}\x{3042}\x{308A}\x{304C}\x{305F}\x{3044}\x{4E16}\x{754C}"
            text run at (442,0) width 256: "\x{3092}\x{307E}\x{306E}\x{3042}\x{305F}\x{308A}\x{306B}\x{5199}\x{3059}\x{306E}\x{304C}\x{8A69}\x{3067}\x{3042}\x{308B}\x{3001}"
          RenderRuby (inline) {RUBY} at (0,0) size 16x16
            RenderRubyRun (anonymous) at (438,256) size 24x16
              RenderRubyText {RT} at (-7,0) size 14x16
                RenderText {#text} at (2,3) size 9x10
                  text run at (2,3) width 9: "\x{3048}"
              RenderRubyBase (anonymous) at (0,0) size 24x16
                RenderInline {RB} at (0,0) size 16x16
                  RenderText {#text} at (4,0) size 16x16
                    text run at (4,0) width 16: "\x{753B}"
          RenderText {#text} at (442,272) size 41x496
            text run at (442,272) width 224: "\x{3067}\x{3042}\x{308B}\x{3002}\x{3042}\x{308B}\x{306F}\x{97F3}\x{697D}\x{3068}\x{5F6B}\x{523B}\x{3067}\x{3042}"
            text run at (467,0) width 96: "\x{308B}\x{3002}\x{3053}\x{307E}\x{304B}\x{306B}"
          RenderRuby (inline) {RUBY} at (0,0) size 16x16
            RenderRubyRun (anonymous) at (463,96) size 24x16
              RenderRubyText {RT} at (-7,0) size 14x16
                RenderText {#text} at (2,3) size 9x10
                  text run at (2,3) width 9: "\x{3044}"
              RenderRubyBase (anonymous) at (0,0) size 24x16
                RenderInline {RB} at (0,0) size 16x16
                  RenderText {#text} at (4,0) size 16x16
                    text run at (4,0) width 16: "\x{4E91}"
          RenderText {#text} at (467,112) size 41x496
            text run at (467,112) width 384: "\x{3048}\x{3070}\x{5199}\x{3055}\x{306A}\x{3044}\x{3067}\x{3082}\x{3088}\x{3044}\x{3002}\x{305F}\x{3060}\x{307E}\x{306E}\x{3042}\x{305F}\x{308A}\x{306B}\x{898B}\x{308C}\x{3070}\x{3001}\x{305D}"
            text run at (492,0) width 144: "\x{3053}\x{306B}\x{8A69}\x{3082}\x{751F}\x{304D}\x{3001}\x{6B4C}\x{3082}"
          RenderRuby (inline) {RUBY} at (0,0) size 16x16
            RenderRubyRun (anonymous) at (488,144) size 24x16
              RenderRubyText {RT} at (-7,0) size 14x16
                RenderText {#text} at (2,3) size 9x10
                  text run at (2,3) width 9: "\x{308F}"
              RenderRubyBase (anonymous) at (0,0) size 24x16
                RenderInline {RB} at (0,0) size 16x16
                  RenderText {#text} at (4,0) size 16x16
                    text run at (4,0) width 16: "\x{6E67}"
          RenderText {#text} at (492,160) size 16x192
            text run at (492,160) width 192: "\x{304F}\x{3002}\x{7740}\x{60F3}\x{3092}\x{7D19}\x{306B}\x{843D}\x{3055}\x{306C}\x{3068}\x{3082}"
          RenderRuby (inline) {RUBY} at (0,0) size 16x39
            RenderRubyRun (anonymous) at (488,349) size 24x45
              RenderRubyText {RT} at (-7,0) size 14x45
                RenderText {#text} at (2,0) size 9x45
                  text run at (2,0) width 45: "\x{304D}\x{3085}\x{3046}\x{305D}\x{3046}"
              RenderRubyBase (anonymous) at (0,0) size 24x45
                RenderInline {RB} at (0,0) size 16x39
                  RenderText {#text} at (4,3) size 16x23
                    text run at (4,3) width 22: "\x{7486}"
                  RenderText {#text} at (4,25) size 16x17
                    text run at (4,25) width 16: "\x{93D8}"
          RenderText {#text} at (492,391) size 16x16
            text run at (492,391) width 16: "\x{306E}"
          RenderRuby (inline) {RUBY} at (0,0) size 16x16
            RenderRubyRun (anonymous) at (488,406) size 24x18
              RenderRubyText {RT} at (-7,0) size 14x18
                RenderText {#text} at (2,0) size 9x18
                  text run at (2,0) width 18: "\x{304A}\x{3093}"
              RenderRubyBase (anonymous) at (0,0) size 24x18
                RenderInline {RB} at (0,0) size 16x16
                  RenderText {#text} at (4,1) size 16x16
                    text run at (4,1) width 16: "\x{97F3}"
          RenderText {#text} at (492,423) size 16x16
            text run at (492,423) width 16: "\x{306F}"
          RenderRuby (inline) {RUBY} at (0,0) size 16x34
            RenderRubyRun (anonymous) at (488,438) size 24x36
              RenderRubyText {RT} at (-7,0) size 14x36
                RenderText {#text} at (2,0) size 9x36
                  text run at (2,0) width 36: "\x{304D}\x{3087}\x{3046}\x{308A}"
              RenderRubyBase (anonymous) at (0,0) size 24x36
                RenderInline {RB} at (0,0) size 16x34
                  RenderText {#text} at (4,1) size 16x34
                    text run at (4,1) width 34: "\x{80F8}\x{88CF}"
          RenderText {#text} at (492,473) size 16x16
            text run at (492,473) width 16: "\x{306B}"
          RenderRuby (inline) {RUBY} at (0,0) size 16x17
            RenderRubyRun (anonymous) at (513,0) size 24x18
              RenderRubyText {RT} at (-7,0) size 14x18
                RenderText {#text} at (2,0) size 9x18
                  text run at (2,0) width 18: "\x{304A}\x{3053}"
              RenderRubyBase (anonymous) at (0,0) size 24x18
                RenderInline {RB} at (0,0) size 16x16
                  RenderText {#text} at (4,1) size 16x16
                    text run at (4,1) width 16: "\x{8D77}"
          RenderText {#text} at (517,17) size 16x32
            text run at (517,17) width 32: "\x{308B}\x{3002}"
          RenderRuby (inline) {RUBY} at (0,0) size 16x34
            RenderRubyRun (anonymous) at (513,48) size 24x36
              RenderRubyText {RT} at (-7,0) size 14x36
                RenderText {#text} at (2,0) size 9x36
                  text run at (2,0) width 36: "\x{305F}\x{3093}\x{305B}\x{3044}"
              RenderRubyBase (anonymous) at (0,0) size 24x36
                RenderInline {RB} at (0,0) size 16x34
                  RenderText {#text} at (4,1) size 16x34
                    text run at (4,1) width 34: "\x{4E39}\x{9752}"
          RenderText {#text} at (517,83) size 16x16
            text run at (517,83) width 16: "\x{306F}"
          RenderRuby (inline) {RUBY} at (0,0) size 16x32
            RenderRubyRun (anonymous) at (513,99) size 24x32
              RenderRubyText {RT} at (-7,0) size 14x32
                RenderText {#text} at (2,3) size 9x26
                  text run at (2,3) width 25: "\x{304C}\x{304B}"
              RenderRubyBase (anonymous) at (0,0) size 24x32
                RenderInline {RB} at (0,0) size 16x32
                  RenderText {#text} at (4,0) size 16x32
                    text run at (4,0) width 32: "\x{753B}\x{67B6}"
          RenderText {#text} at (517,131) size 16x64
            text run at (517,131) width 64: "\x{306B}\x{5411}\x{3063}\x{3066}"
          RenderRuby (inline) {RUBY} at (0,0) size 16x32
            RenderRubyRun (anonymous) at (513,195) size 24x32
              RenderRubyText {RT} at (-7,0) size 14x32
                RenderText {#text} at (2,0) size 9x31
                  text run at (2,0) width 30: "\x{3068}\x{307E}\x{3064}"
              RenderRubyBase (anonymous) at (0,0) size 24x32
                RenderInline {RB} at (0,0) size 16x32
                  RenderText {#text} at (4,0) size 16x32
                    text run at (4,0) width 32: "\x{5857}\x{62B9}"
          RenderText {#text} at (517,227) size 16x64
            text run at (517,227) width 64: "\x{305B}\x{3093}\x{3067}\x{3082}"
          RenderRuby (inline) {RUBY} at (0,0) size 16x32
            RenderRubyRun (anonymous) at (513,291) size 24x32
              RenderRubyText {RT} at (-7,0) size 14x32
                RenderText {#text} at (2,0) size 9x31
                  text run at (2,0) width 30: "\x{3054}\x{3055}\x{3044}"
              RenderRubyBase (anonymous) at (0,0) size 24x32
                RenderInline {RB} at (0,0) size 16x32
                  RenderText {#text} at (4,0) size 16x32
                    text run at (4,0) width 32: "\x{4E94}\x{5F69}"
          RenderText {#text} at (517,323) size 16x16
            text run at (517,323) width 16: "\x{306E}"
          RenderRuby (inline) {RUBY} at (0,0) size 16x34
            RenderRubyRun (anonymous) at (513,338) size 24x36
              RenderRubyText {RT} at (-7,0) size 14x36
                RenderText {#text} at (2,0) size 9x36
                  text run at (2,0) width 36: "\x{3051}\x{3093}\x{3089}\x{3093}"
              RenderRubyBase (anonymous) at (0,0) size 24x36
                RenderInline {RB} at (0,0) size 16x34
                  RenderText {#text} at (4,1) size 16x34
                    text run at (4,1) width 34: "\x{7D62}\x{721B}"
          RenderText {#text} at (517,373) size 16x16
            text run at (517,373) width 16: "\x{306F}"
          RenderRuby (inline) {RUBY} at (0,0) size 16x19
            RenderRubyRun (anonymous) at (513,385) size 24x27
              RenderRubyText {RT} at (-7,0) size 14x27
                RenderText {#text} at (2,0) size 9x27
                  text run at (2,0) width 27: "\x{304A}\x{306E}\x{305A}"
              RenderRubyBase (anonymous) at (0,0) size 24x27
                RenderInline {RB} at (0,0) size 16x17
                  RenderText {#text} at (4,5) size 16x17
                    text run at (4,5) width 16: "\x{81EA}"
          RenderText {#text} at (517,408) size 16x32
            text run at (517,408) width 32: "\x{304B}\x{3089}"
          RenderRuby (inline) {RUBY} at (0,0) size 16x34
            RenderRubyRun (anonymous) at (513,439) size 24x36
              RenderRubyText {RT} at (-7,0) size 14x36
                RenderText {#text} at (2,0) size 9x36
                  text run at (2,0) width 36: "\x{3057}\x{3093}\x{304C}\x{3093}"
              RenderRubyBase (anonymous) at (0,0) size 24x36
                RenderInline {RB} at (0,0) size 16x34
                  RenderText {#text} at (4,1) size 16x34
                    text run at (4,1) width 34: "\x{5FC3}\x{773C}"
          RenderText {#text} at (517,474) size 41x490
            text run at (517,474) width 16: "\x{306B}"
            text run at (542,0) width 240: "\x{6620}\x{308B}\x{3002}\x{305F}\x{3060}\x{304A}\x{306E}\x{304C}\x{4F4F}\x{3080}\x{4E16}\x{3092}\x{3001}\x{304B}\x{304F}"
          RenderRuby (inline) {RUBY} at (0,0) size 16x16
            RenderRubyRun (anonymous) at (538,239) size 24x18
              RenderRubyText {RT} at (-7,0) size 14x18
                RenderText {#text} at (2,0) size 9x18
                  text run at (2,0) width 18: "\x{304B}\x{3093}"
              RenderRubyBase (anonymous) at (0,0) size 24x18
                RenderInline {RB} at (0,0) size 16x16
                  RenderText {#text} at (4,1) size 16x16
                    text run at (4,1) width 16: "\x{89B3}"
          RenderText {#text} at (542,256) size 16x64
            text run at (542,256) width 64: "\x{3058}\x{5F97}\x{3066}\x{3001}"
          RenderRuby (inline) {RUBY} at (0,0) size 16x70
            RenderRubyRun (anonymous) at (538,319) size 24x72
              RenderRubyText {RT} at (-7,0) size 14x72
                RenderText {#text} at (2,0) size 9x72
                  text run at (2,0) width 72: "\x{308C}\x{3044}\x{3060}\x{3044}\x{307B}\x{3046}\x{3059}\x{3093}"
              RenderRubyBase (anonymous) at (0,0) size 24x72
                RenderInline {RB} at (0,0) size 16x70
                  RenderText {#text} at (4,1) size 16x70
                    text run at (4,1) width 70: "\x{970A}\x{53F0}\x{65B9}\x{5BF8}"
          RenderText {#text} at (542,390) size 16x80
            text run at (542,390) width 80: "\x{306E}\x{30AB}\x{30E1}\x{30E9}\x{306B}"
          RenderRuby (inline) {RUBY} at (0,0) size 16x71
            RenderRubyRun (anonymous) at (563,0) size 24x72
              RenderRubyText {RT} at (-7,0) size 14x72
                RenderText {#text} at (2,0) size 9x72
                  text run at (2,0) width 72: "\x{304E}\x{3087}\x{3046}\x{304D}\x{3053}\x{3093}\x{3060}\x{304F}"
              RenderRubyBase (anonymous) at (0,0) size 24x72
                RenderInline {RB} at (0,0) size 16x70
                  RenderText {#text} at (4,1) size 16x70
                    text run at (4,1) width 70: "\x{6F86}\x{5B63}\x{6EB7}\x{6FC1}"
          RenderText {#text} at (567,71) size 16x208
            text run at (567,71) width 208: "\x{306E}\x{4FD7}\x{754C}\x{3092}\x{6E05}\x{304F}\x{3046}\x{3089}\x{3089}\x{304B}\x{306B}\x{53CE}\x{3081}"
          RenderRuby (inline) {RUBY} at (0,0) size 16x16
            RenderRubyRun (anonymous) at (563,279) size 24x16
              RenderRubyText {RT} at (-7,0) size 14x16
                RenderText {#text} at (2,3) size 9x10
                  text run at (2,3) width 9: "\x{3046}"
              RenderRubyBase (anonymous) at (0,0) size 24x16
                RenderInline {RB} at (0,0) size 16x16
                  RenderText {#text} at (4,0) size 16x16
                    text run at (4,0) width 16: "\x{5F97}"
          RenderText {#text} at (567,295) size 16x32
            text run at (567,295) width 32: "\x{308C}\x{3070}"
          RenderRuby (inline) {RUBY} at (0,0) size 16x16
            RenderRubyRun (anonymous) at (563,327) size 24x16
              RenderRubyText {RT} at (-7,0) size 14x16
                RenderText {#text} at (2,3) size 9x10
                  text run at (2,3) width 9: "\x{305F}"
              RenderRubyBase (anonymous) at (0,0) size 24x16
                RenderInline {RB} at (0,0) size 16x16
                  RenderText {#text} at (4,0) size 16x16
                    text run at (4,0) width 16: "\x{8DB3}"
          RenderText {#text} at (567,343) size 16x96
            text run at (567,343) width 96: "\x{308B}\x{3002}\x{3053}\x{306E}\x{6545}\x{306B}"
          RenderRuby (inline) {RUBY} at (0,0) size 16x32
            RenderRubyRun (anonymous) at (563,439) size 24x32
              RenderRubyText {RT} at (-7,0) size 14x32
                RenderText {#text} at (2,0) size 9x31
                  text run at (2,0) width 30: "\x{3080}\x{305B}\x{3044}"
              RenderRubyBase (anonymous) at (0,0) size 24x32
                RenderInline {RB} at (0,0) size 16x32
                  RenderText {#text} at (4,0) size 16x32
                    text run at (4,0) width 32: "\x{7121}\x{58F0}"
          RenderText {#text} at (567,471) size 41x503
            text run at (567,471) width 32: "\x{306E}\x{8A69}"
            text run at (592,0) width 128: "\x{4EBA}\x{306B}\x{306F}\x{4E00}\x{53E5}\x{306A}\x{304F}\x{3001}"
          RenderRuby (inline) {RUBY} at (0,0) size 16x34
            RenderRubyRun (anonymous) at (588,127) size 24x36
              RenderRubyText {RT} at (-7,0) size 14x36
                RenderText {#text} at (2,0) size 9x36
                  text run at (2,0) width 36: "\x{3080}\x{3057}\x{3087}\x{304F}"
              RenderRubyBase (anonymous) at (0,0) size 24x36
                RenderInline {RB} at (0,0) size 16x34
                  RenderText {#text} at (4,1) size 16x34
                    text run at (4,1) width 34: "\x{7121}\x{8272}"
          RenderText {#text} at (592,162) size 16x80
            text run at (592,162) width 80: "\x{306E}\x{753B}\x{5BB6}\x{306B}\x{306F}"
          RenderRuby (inline) {RUBY} at (0,0) size 16x34
            RenderRubyRun (anonymous) at (588,241) size 24x36
              RenderRubyText {RT} at (-7,0) size 14x36
                RenderText {#text} at (2,0) size 9x36
                  text run at (2,0) width 36: "\x{305B}\x{3063}\x{3051}\x{3093}"
              RenderRubyBase (anonymous) at (0,0) size 24x36
                RenderInline {RB} at (0,0) size 16x34
                  RenderText {#text} at (4,1) size 16x34
                    text run at (4,1) width 34: "\x{5C3A}\x{7E11}"
          RenderText {#text} at (592,276) size 16x96
            text run at (592,276) width 96: "\x{306A}\x{304D}\x{3082}\x{3001}\x{304B}\x{304F}"
          RenderRuby (inline) {RUBY} at (0,0) size 16x34
            RenderRubyRun (anonymous) at (588,371) size 24x36
              RenderRubyText {RT} at (-7,0) size 14x36
                RenderText {#text} at (2,0) size 9x36
                  text run at (2,0) width 36: "\x{3058}\x{3093}\x{305B}\x{3044}"
              RenderRubyBase (anonymous) at (0,0) size 24x36
                RenderInline {RB} at (0,0) size 16x34
                  RenderText {#text} at (4,1) size 16x34
                    text run at (4,1) width 34: "\x{4EBA}\x{4E16}"
          RenderText {#text} at (592,406) size 41x502
            text run at (592,406) width 96: "\x{3092}\x{89B3}\x{3058}\x{5F97}\x{308B}\x{306E}"
            text run at (617,0) width 128: "\x{70B9}\x{306B}\x{304A}\x{3044}\x{3066}\x{3001}\x{304B}\x{304F}"
          RenderRuby (inline) {RUBY} at (0,0) size 16x34
            RenderRubyRun (anonymous) at (613,127) size 24x36
              RenderRubyText {RT} at (-7,0) size 14x36
                RenderText {#text} at (2,0) size 9x36
                  text run at (2,0) width 36: "\x{307C}\x{3093}\x{306E}\x{3046}"
              RenderRubyBase (anonymous) at (0,0) size 24x36
                RenderInline {RB} at (0,0) size 16x34
                  RenderText {#text} at (4,1) size 16x34
                    text run at (4,1) width 34: "\x{7169}\x{60A9}"
          RenderText {#text} at (617,162) size 16x16
            text run at (617,162) width 16: "\x{3092}"
          RenderRuby (inline) {RUBY} at (0,0) size 16x32
            RenderRubyRun (anonymous) at (613,178) size 24x32
              RenderRubyText {RT} at (-7,0) size 14x32
                RenderText {#text} at (2,0) size 9x31
                  text run at (2,0) width 30: "\x{3052}\x{3060}\x{3064}"
              RenderRubyBase (anonymous) at (0,0) size 24x32
                RenderInline {RB} at (0,0) size 16x32
                  RenderText {#text} at (4,0) size 16x32
                    text run at (4,0) width 32: "\x{89E3}\x{8131}"
          RenderText {#text} at (617,210) size 16x176
            text run at (617,210) width 176: "\x{3059}\x{308B}\x{306E}\x{70B9}\x{306B}\x{304A}\x{3044}\x{3066}\x{3001}\x{304B}\x{304F}"
          RenderRuby (inline) {RUBY} at (0,0) size 16x64
            RenderRubyRun (anonymous) at (613,382) size 24x72
              RenderRubyText {RT} at (-7,0) size 14x72
                RenderText {#text} at (2,0) size 9x72
                  text run at (2,0) width 72: "\x{3057}\x{3087}\x{3046}\x{3058}\x{3087}\x{3046}\x{304B}\x{3044}"
              RenderRubyBase (anonymous) at (0,0) size 24x72
                RenderInline {RB} at (0,0) size 16x64
                  RenderText {#text} at (4,4) size 16x64
                    text run at (4,4) width 64: "\x{6E05}\x{6D44}\x{754C}"
          RenderText {#text} at (617,450) size 16x16
            text run at (617,450) width 16: "\x{306B}"
          RenderRuby (inline) {RUBY} at (0,0) size 16x50
            RenderRubyRun (anonymous) at (638,0) size 24x54
              RenderRubyText {RT} at (-7,0) size 14x54
                RenderText {#text} at (2,0) size 9x54
                  text run at (2,0) width 54: "\x{3057}\x{3085}\x{3064}\x{306B}\x{3085}\x{3046}"
              RenderRubyBase (anonymous) at (0,0) size 24x54
                RenderInline {RB} at (0,0) size 16x44
                  RenderText {#text} at (4,5) size 16x44
                    text run at (4,5) width 43: "\x{51FA}\x{5165}"
          RenderText {#text} at (642,50) size 16x224
            text run at (642,50) width 224: "\x{3057}\x{5F97}\x{308B}\x{306E}\x{70B9}\x{306B}\x{304A}\x{3044}\x{3066}\x{3001}\x{307E}\x{305F}\x{3053}\x{306E}"
          RenderRuby (inline) {RUBY} at (0,0) size 16x64
            RenderRubyRun (anonymous) at (638,274) size 24x64
              RenderRubyText {RT} at (-7,0) size 14x64
                RenderText {#text} at (2,1) size 9x61
                  text run at (2,1) width 60: "\x{3075}\x{3069}\x{3046}\x{3075}\x{3058}"
              RenderRubyBase (anonymous) at (0,0) size 24x64
                RenderInline {RB} at (0,0) size 16x64
                  RenderText {#text} at (4,0) size 16x64
                    text run at (4,0) width 64: "\x{4E0D}\x{540C}\x{4E0D}\x{4E8C}"
          RenderText {#text} at (642,338) size 16x16
            text run at (642,338) width 16: "\x{306E}"
          RenderRuby (inline) {RUBY} at (0,0) size 16x34
            RenderRubyRun (anonymous) at (638,353) size 24x36
              RenderRubyText {RT} at (-7,0) size 14x36
                RenderText {#text} at (2,0) size 9x36
                  text run at (2,0) width 36: "\x{3051}\x{3093}\x{3053}\x{3093}"
              RenderRubyBase (anonymous) at (0,0) size 24x36
                RenderInline {RB} at (0,0) size 16x34
                  RenderText {#text} at (4,1) size 16x34
                    text run at (4,1) width 34: "\x{4E7E}\x{5764}"
          RenderText {#text} at (642,388) size 16x16
            text run at (642,388) width 16: "\x{3092}"
          RenderRuby (inline) {RUBY} at (0,0) size 16x39
            RenderRubyRun (anonymous) at (638,401) size 24x45
              RenderRubyText {RT} at (-7,0) size 14x45
                RenderText {#text} at (2,0) size 9x45
                  text run at (2,0) width 45: "\x{3053}\x{3093}\x{308A}\x{3085}\x{3046}"
              RenderRubyBase (anonymous) at (0,0) size 24x45
                RenderInline {RB} at (0,0) size 16x39
                  RenderText {#text} at (4,3) size 16x39
                    text run at (4,3) width 38: "\x{5EFA}\x{7ACB}"
          RenderText {#text} at (642,443) size 41x491
            text run at (642,443) width 48: "\x{3057}\x{5F97}\x{308B}"
            text run at (667,0) width 112: "\x{306E}\x{70B9}\x{306B}\x{304A}\x{3044}\x{3066}\x{3001}"
          RenderRuby (inline) {RUBY} at (0,0) size 16x64
            RenderRubyRun (anonymous) at (663,112) size 24x64
              RenderRubyText {RT} at (-7,0) size 14x64
                RenderText {#text} at (2,1) size 9x61
                  text run at (2,1) width 60: "\x{304C}\x{308A}\x{3057}\x{3088}\x{304F}"
              RenderRubyBase (anonymous) at (0,0) size 24x64
                RenderInline {RB} at (0,0) size 16x64
                  RenderText {#text} at (4,0) size 16x64
                    text run at (4,0) width 64: "\x{6211}\x{5229}\x{79C1}\x{617E}"
          RenderText {#text} at (667,176) size 16x16
            text run at (667,176) width 16: "\x{306E}"
          RenderRuby (inline) {RUBY} at (0,0) size 16x32
            RenderRubyRun (anonymous) at (663,192) size 24x32
              RenderRubyText {RT} at (-7,0) size 14x32
                RenderText {#text} at (2,0) size 9x31
                  text run at (2,0) width 30: "\x{304D}\x{306F}\x{3093}"
              RenderRubyBase (anonymous) at (0,0) size 24x32
                RenderInline {RB} at (0,0) size 16x32
                  RenderText {#text} at (4,0) size 16x32
                    text run at (4,0) width 32: "\x{898A}\x{7D46}"
          RenderText {#text} at (667,224) size 16x16
            text run at (667,224) width 16: "\x{3092}"
          RenderRuby (inline) {RUBY} at (0,0) size 16x34
            RenderRubyRun (anonymous) at (663,239) size 24x36
              RenderRubyText {RT} at (-7,0) size 14x36
                RenderText {#text} at (2,0) size 9x36
                  text run at (2,0) width 36: "\x{305D}\x{3046}\x{3068}\x{3046}"
              RenderRubyBase (anonymous) at (0,0) size 24x36
                RenderInline {RB} at (0,0) size 16x34
                  RenderText {#text} at (4,1) size 16x34
                    text run at (4,1) width 34: "\x{6383}\x{8569}"
          RenderText {#text} at (667,274) size 16x176
            text run at (667,274) width 176: "\x{3059}\x{308B}\x{306E}\x{70B9}\x{306B}\x{304A}\x{3044}\x{3066}\x{3001}\x{2015}\x{2015}"
          RenderRuby (inline) {RUBY} at (0,0) size 16x34
            RenderRubyRun (anonymous) at (663,449) size 24x36
              RenderRubyText {RT} at (-7,0) size 14x36
                RenderText {#text} at (2,0) size 9x36
                  text run at (2,0) width 36: "\x{305B}\x{3093}\x{304D}\x{3093}"
              RenderRubyBase (anonymous) at (0,0) size 24x36
                RenderInline {RB} at (0,0) size 16x34
                  RenderText {#text} at (4,1) size 16x34
                    text run at (4,1) width 34: "\x{5343}\x{91D1}"
          RenderText {#text} at (667,484) size 41x500
            text run at (667,484) width 16: "\x{306E}"
            text run at (692,0) width 80: "\x{5B50}\x{3088}\x{308A}\x{3082}\x{3001}"
          RenderRuby (inline) {RUBY} at (0,0) size 16x39
            RenderRubyRun (anonymous) at (688,77) size 24x45
              RenderRubyText {RT} at (-7,0) size 14x45
                RenderText {#text} at (2,0) size 9x45
                  text run at (2,0) width 45: "\x{3070}\x{3093}\x{3058}\x{3087}\x{3046}"
              RenderRubyBase (anonymous) at (0,0) size 24x45
                RenderInline {RB} at (0,0) size 16x39
                  RenderText {#text} at (4,3) size 16x39
                    text run at (4,3) width 38: "\x{4E07}\x{4E57}"
          RenderText {#text} at (692,119) size 16x208
            text run at (692,119) width 208: "\x{306E}\x{541B}\x{3088}\x{308A}\x{3082}\x{3001}\x{3042}\x{3089}\x{3086}\x{308B}\x{4FD7}\x{754C}\x{306E}"
          RenderRuby (inline) {RUBY} at (0,0) size 16x34
            RenderRubyRun (anonymous) at (688,326) size 24x36
              RenderRubyText {RT} at (-7,0) size 14x36
                RenderText {#text} at (2,0) size 9x36
                  text run at (2,0) width 36: "\x{3061}\x{3087}\x{3046}\x{3058}"
              RenderRubyBase (anonymous) at (0,0) size 24x36
                RenderInline {RB} at (0,0) size 16x34
                  RenderText {#text} at (4,1) size 16x34
                    text run at (4,1) width 34: "\x{5BF5}\x{5150}"
          RenderText {#text} at (692,361) size 40x473
            text run at (692,361) width 112: "\x{3088}\x{308A}\x{3082}\x{5E78}\x{798F}\x{3067}\x{3042}"
            text run at (716,0) width 32: "\x{308B}\x{3002}"
          RenderBR {BR} at (716,32) size 16x0
          RenderText {#text} at (741,0) size 16x272
            text run at (741,0) width 272: "\x{3000}\x{4E16}\x{306B}\x{4F4F}\x{3080}\x{3053}\x{3068}\x{4E8C}\x{5341}\x{5E74}\x{306B}\x{3057}\x{3066}\x{3001}\x{4F4F}\x{3080}\x{306B}"
          RenderRuby (inline) {RUBY} at (0,0) size 16x32
            RenderRubyRun (anonymous) at (737,272) size 24x32
              RenderRubyText {RT} at (-7,0) size 14x32
                RenderText {#text} at (2,3) size 9x26
                  text run at (2,3) width 25: "\x{304B}\x{3044}"
              RenderRubyBase (anonymous) at (0,0) size 24x32
                RenderInline {RB} at (0,0) size 16x32
                  RenderText {#text} at (4,0) size 16x32
                    text run at (4,0) width 32: "\x{7532}\x{6590}"
          RenderText {#text} at (741,304) size 41x496
            text run at (741,304) width 192: "\x{3042}\x{308B}\x{4E16}\x{3068}\x{77E5}\x{3063}\x{305F}\x{3002}\x{4E8C}\x{5341}\x{4E94}\x{5E74}"
            text run at (766,0) width 96: "\x{306B}\x{3057}\x{3066}\x{660E}\x{6697}\x{306F}"
          RenderRuby (inline) {RUBY} at (0,0) size 16x34
            RenderRubyRun (anonymous) at (762,95) size 24x36
              RenderRubyText {RT} at (-7,0) size 14x36
                RenderText {#text} at (2,0) size 9x36
                  text run at (2,0) width 36: "\x{3072}\x{3087}\x{3046}\x{308A}"
              RenderRubyBase (anonymous) at (0,0) size 24x36
                RenderInline {RB} at (0,0) size 16x34
                  RenderText {#text} at (4,1) size 16x34
                    text run at (4,1) width 34: "\x{8868}\x{88CF}"
          RenderText {#text} at (766,130) size 41x498
            text run at (766,130) width 368: "\x{306E}\x{3054}\x{3068}\x{304F}\x{3001}\x{65E5}\x{306E}\x{3042}\x{305F}\x{308B}\x{6240}\x{306B}\x{306F}\x{304D}\x{3063}\x{3068}\x{5F71}\x{304C}\x{3055}\x{3059}\x{3068}\x{609F}\x{3063}"
            text run at (791,0) width 80: "\x{305F}\x{3002}\x{4E09}\x{5341}\x{306E}"
          RenderRuby (inline) {RUBY} at (0,0) size 16x34
            RenderRubyRun (anonymous) at (787,79) size 24x36
              RenderRubyText {RT} at (-7,0) size 14x36
                RenderText {#text} at (2,0) size 9x36
                  text run at (2,0) width 36: "\x{3053}\x{3093}\x{306B}\x{3061}"
              RenderRubyBase (anonymous) at (0,0) size 24x36
                RenderInline {RB} at (0,0) size 16x34
                  RenderText {#text} at (4,1) size 16x34
                    text run at (4,1) width 34: "\x{4ECA}\x{65E5}"
          RenderText {#text} at (791,114) size 16x288
            text run at (791,114) width 288: "\x{306F}\x{3053}\x{3046}\x{601D}\x{3046}\x{3066}\x{3044}\x{308B}\x{3002}\x{2015}\x{2015}\x{559C}\x{3073}\x{306E}\x{6DF1}\x{304D}\x{3068}\x{304D}"
          RenderRuby (inline) {RUBY} at (0,0) size 16x19
            RenderRubyRun (anonymous) at (787,398) size 24x27
              RenderRubyText {RT} at (-7,0) size 14x27
                RenderText {#text} at (2,0) size 9x27
                  text run at (2,0) width 27: "\x{3046}\x{308C}\x{3044}"
              RenderRubyBase (anonymous) at (0,0) size 24x27
                RenderInline {RB} at (0,0) size 16x17
                  RenderText {#text} at (4,5) size 16x17
                    text run at (4,5) width 16: "\x{6182}"
          RenderText {#text} at (791,421) size 41x501
            text run at (791,421) width 80: "\x{3044}\x{3088}\x{3044}\x{3088}\x{6DF1}"
            text run at (816,0) width 32: "\x{304F}\x{3001}"
          RenderRuby (inline) {RUBY} at (0,0) size 16x19
            RenderRubyRun (anonymous) at (812,28) size 24x27
              RenderRubyText {RT} at (-7,0) size 14x27
                RenderText {#text} at (2,0) size 9x27
                  text run at (2,0) width 27: "\x{305F}\x{306E}\x{3057}"
              RenderRubyBase (anonymous) at (0,0) size 24x27
                RenderInline {RB} at (0,0) size 16x17
                  RenderText {#text} at (4,5) size 16x17
                    text run at (4,5) width 16: "\x{697D}"
          RenderText {#text} at (816,51) size 41x499
            text run at (816,51) width 448: "\x{307F}\x{306E}\x{5927}\x{3044}\x{306A}\x{308B}\x{307B}\x{3069}\x{82E6}\x{3057}\x{307F}\x{3082}\x{5927}\x{304D}\x{3044}\x{3002}\x{3053}\x{308C}\x{3092}\x{5207}\x{308A}\x{653E}\x{305D}\x{3046}\x{3068}\x{3059}\x{308B}\x{3068}"
            text run at (841,0) width 96: "\x{8EAB}\x{304C}\x{6301}\x{3066}\x{306C}\x{3002}"
          RenderRuby (inline) {RUBY} at (0,0) size 16x16
            RenderRubyRun (anonymous) at (837,95) size 24x18
              RenderRubyText {RT} at (-7,0) size 14x18
                RenderText {#text} at (2,0) size 9x18
                  text run at (2,0) width 18: "\x{304B}\x{305F}"
              RenderRubyBase (anonymous) at (0,0) size 24x18
                RenderInline {RB} at (0,0) size 16x16
                  RenderText {#text} at (4,1) size 16x16
                    text run at (4,1) width 16: "\x{7247}"
          RenderText {#text} at (841,112) size 41x496
            text run at (841,112) width 384: "\x{3065}\x{3051}\x{3088}\x{3046}\x{3068}\x{3059}\x{308C}\x{3070}\x{4E16}\x{304C}\x{7ACB}\x{305F}\x{306C}\x{3002}\x{91D1}\x{306F}\x{5927}\x{4E8B}\x{3060}\x{3001}\x{5927}\x{4E8B}\x{306A}\x{3082}"
            text run at (866,0) width 32: "\x{306E}\x{304C}"
          RenderRuby (inline) {RUBY} at (0,0) size 16x16
            RenderRubyRun (anonymous) at (862,32) size 24x16
              RenderRubyText {RT} at (-7,0) size 14x16
                RenderText {#text} at (2,3) size 9x10
                  text run at (2,3) width 9: "\x{3075}"
              RenderRubyBase (anonymous) at (0,0) size 24x16
                RenderInline {RB} at (0,0) size 16x16
                  RenderText {#text} at (4,0) size 16x16
                    text run at (4,0) width 16: "\x{6B96}"
          RenderText {#text} at (866,48) size 16x48
            text run at (866,48) width 48: "\x{3048}\x{308C}\x{3070}"
          RenderRuby (inline) {RUBY} at (0,0) size 16x16
            RenderRubyRun (anonymous) at (862,96) size 24x16
              RenderRubyText {RT} at (-7,0) size 14x16
                RenderText {#text} at (2,3) size 9x10
                  text run at (2,3) width 9: "\x{306D}"
              RenderRubyBase (anonymous) at (0,0) size 24x16
                RenderInline {RB} at (0,0) size 16x16
                  RenderText {#text} at (4,0) size 16x16
                    text run at (4,0) width 16: "\x{5BDD}"
          RenderText {#text} at (866,112) size 16x16
            text run at (866,112) width 16: "\x{308B}"
          RenderRuby (inline) {RUBY} at (0,0) size 16x16
            RenderRubyRun (anonymous) at (862,128) size 24x16
              RenderRubyText {RT} at (-7,0) size 14x16
                RenderText {#text} at (2,3) size 9x10
                  text run at (2,3) width 9: "\x{307E}"
              RenderRubyBase (anonymous) at (0,0) size 24x16
                RenderInline {RB} at (0,0) size 16x16
                  RenderText {#text} at (4,0) size 16x16
                    text run at (4,0) width 16: "\x{9593}"
          RenderText {#text} at (866,144) size 41x496
            text run at (866,144) width 352: "\x{3082}\x{5FC3}\x{914D}\x{3060}\x{308D}\x{3046}\x{3002}\x{604B}\x{306F}\x{3046}\x{308C}\x{3057}\x{3044}\x{3001}\x{5B09}\x{3057}\x{3044}\x{604B}\x{304C}\x{7A4D}\x{3082}\x{308C}"
            text run at (891,0) width 464: "\x{3070}\x{3001}\x{604B}\x{3092}\x{305B}\x{306C}\x{6614}\x{304C}\x{304B}\x{3048}\x{3063}\x{3066}\x{604B}\x{3057}\x{304B}\x{308D}\x{3002}\x{95A3}\x{50DA}\x{306E}\x{80A9}\x{306F}\x{6570}\x{767E}\x{4E07}\x{4EBA}\x{306E}\x{8DB3}\x{3092}"
          RenderRuby (inline) {RUBY} at (0,0) size 16x16
            RenderRubyRun (anonymous) at (887,463) size 24x18
              RenderRubyText {RT} at (-7,0) size 14x18
                RenderText {#text} at (2,0) size 9x18
                  text run at (2,0) width 18: "\x{3055}\x{3055}"
              RenderRubyBase (anonymous) at (0,0) size 24x18
                RenderInline {RB} at (0,0) size 16x16
                  RenderText {#text} at (4,1) size 16x16
                    text run at (4,1) width 16: "\x{652F}"
          RenderText {#text} at (891,480) size 41x496
            text run at (891,480) width 16: "\x{3048}"
            text run at (916,0) width 64: "\x{3066}\x{3044}\x{308B}\x{3002}"
          RenderRuby (inline) {RUBY} at (0,0) size 16x32
            RenderRubyRun (anonymous) at (912,64) size 24x32
              RenderRubyText {RT} at (-7,0) size 14x32
                RenderText {#text} at (2,0) size 9x31
                  text run at (2,0) width 30: "\x{305B}\x{306A}\x{304B}"
              RenderRubyBase (anonymous) at (0,0) size 24x32
                RenderInline {RB} at (0,0) size 16x32
                  RenderText {#text} at (4,0) size 16x32
                    text run at (4,0) width 32: "\x{80CC}\x{4E2D}"
          RenderText {#text} at (916,96) size 41x496
            text run at (916,96) width 400: "\x{306B}\x{306F}\x{91CD}\x{3044}\x{5929}\x{4E0B}\x{304C}\x{304A}\x{3076}\x{3055}\x{3063}\x{3066}\x{3044}\x{308B}\x{3002}\x{3046}\x{307E}\x{3044}\x{7269}\x{3082}\x{98DF}\x{308F}\x{306D}\x{3070}\x{60DC}"
            text run at (941,0) width 128: "\x{3057}\x{3044}\x{3002}\x{5C11}\x{3057}\x{98DF}\x{3048}\x{3070}"
          RenderRuby (inline) {RUBY} at (0,0) size 16x16
            RenderRubyRun (anonymous) at (937,128) size 24x16
              RenderRubyText {RT} at (-7,0) size 14x16
                RenderText {#text} at (2,3) size 9x10
                  text run at (2,3) width 9: "\x{3042}"
              RenderRubyBase (anonymous) at (0,0) size 24x16
                RenderInline {RB} at (0,0) size 16x16
                  RenderText {#text} at (4,0) size 16x16
                    text run at (4,0) width 16: "\x{98FD}"
          RenderText {#text} at (941,144) size 16x16
            text run at (941,144) width 16: "\x{304D}"
          RenderRuby (inline) {RUBY} at (0,0) size 16x16
            RenderRubyRun (anonymous) at (937,160) size 24x16
              RenderRubyText {RT} at (-7,0) size 14x16
                RenderText {#text} at (2,3) size 9x10
                  text run at (2,3) width 9: "\x{305F}"
              RenderRubyBase (anonymous) at (0,0) size 24x16
                RenderInline {RB} at (0,0) size 16x16
                  RenderText {#text} at (4,0) size 16x16
                    text run at (4,0) width 16: "\x{8DB3}"
          RenderText {#text} at (941,176) size 16x288
            text run at (941,176) width 288: "\x{3089}\x{306C}\x{3002}\x{5B58}\x{5206}\x{98DF}\x{3048}\x{3070}\x{3042}\x{3068}\x{304C}\x{4E0D}\x{6109}\x{5FEB}\x{3060}\x{3002}\x{2026}\x{2026}"
          RenderBR {BR} at (941,464) size 16x0
          RenderText {#text} at (966,0) size 16x16
            text run at (966,0) width 16: "\x{3000}"
          RenderRuby (inline) {RUBY} at (0,0) size 16x16
            RenderRubyRun (anonymous) at (962,16) size 24x16
              RenderRubyText {RT} at (-7,0) size 14x16
                RenderText {#text} at (2,3) size 9x10
                  text run at (2,3) width 9: "\x{3088}"
              RenderRubyBase (anonymous) at (0,0) size 24x16
                RenderInline {RB} at (0,0) size 16x16
                  RenderText {#text} at (4,0) size 16x16
                    text run at (4,0) width 16: "\x{4F59}"
          RenderText {#text} at (966,32) size 16x16
            text run at (966,32) width 16: "\x{306E}"
          RenderRuby (inline) {RUBY} at (0,0) size 16x28
            RenderRubyRun (anonymous) at (962,44) size 24x36
              RenderRubyText {RT} at (-7,0) size 14x36
                RenderText {#text} at (2,0) size 9x36
                  text run at (2,0) width 36: "\x{304B}\x{3093}\x{304C}\x{3048}"
              RenderRubyBase (anonymous) at (0,0) size 24x36
                RenderInline {RB} at (0,0) size 16x16
                  RenderText {#text} at (4,10) size 16x16
                    text run at (4,10) width 16: "\x{8003}"
          RenderText {#text} at (966,76) size 16x256
            text run at (966,76) width 256: "\x{304C}\x{3053}\x{3053}\x{307E}\x{3067}\x{6F02}\x{6D41}\x{3057}\x{3066}\x{6765}\x{305F}\x{6642}\x{306B}\x{3001}\x{4F59}\x{306E}"
          RenderRuby (inline) {RUBY} at (0,0) size 16x32
            RenderRubyRun (anonymous) at (962,332) size 24x32
              RenderRubyText {RT} at (-7,0) size 14x32
                RenderText {#text} at (2,0) size 9x31
                  text run at (2,0) width 30: "\x{3046}\x{305D}\x{304F}"
              RenderRubyBase (anonymous) at (0,0) size 24x32
                RenderInline {RB} at (0,0) size 16x32
                  RenderText {#text} at (4,0) size 16x32
                    text run at (4,0) width 32: "\x{53F3}\x{8DB3}"
          RenderText {#text} at (966,364) size 16x48
            text run at (966,364) width 48: "\x{306F}\x{7A81}\x{7136}"
          RenderRuby (inline) {RUBY} at (0,0) size 16x16
            RenderRubyRun (anonymous) at (962,411) size 24x18
              RenderRubyText {RT} at (-7,0) size 14x18
                RenderText {#text} at (2,0) size 9x18
                  text run at (2,0) width 18: "\x{3059}\x{308F}"
              RenderRubyBase (anonymous) at (0,0) size 24x18
                RenderInline {RB} at (0,0) size 16x16
                  RenderText {#text} at (4,1) size 16x16
                    text run at (4,1) width 16: "\x{5750}"
          RenderText {#text} at (966,428) size 41x492
            text run at (966,428) width 64: "\x{308A}\x{306E}\x{308F}\x{308B}"
            text run at (991,0) width 16: "\x{3044}"
          RenderRuby (inline) {RUBY} at (0,0) size 16x34
            RenderRubyRun (anonymous) at (987,15) size 24x36
              RenderRubyText {RT} at (-7,0) size 14x36
                RenderText {#text} at (2,0) size 9x36
                  text run at (2,0) width 36: "\x{304B}\x{304F}\x{3044}\x{3057}"
              RenderRubyBase (anonymous) at (0,0) size 24x36
                RenderInline {RB} at (0,0) size 16x34
                  RenderText {#text} at (4,1) size 16x34
                    text run at (4,1) width 34: "\x{89D2}\x{77F3}"
          RenderText {#text} at (991,50) size 16x16
            text run at (991,50) width 16: "\x{306E}"
          RenderRuby (inline) {RUBY} at (0,0) size 16x16
            RenderRubyRun (anonymous) at (987,65) size 24x18
              RenderRubyText {RT} at (-7,0) size 14x18
                RenderText {#text} at (2,0) size 9x18
                  text run at (2,0) width 18: "\x{306F}\x{3057}"
              RenderRubyBase (anonymous) at (0,0) size 24x18
                RenderInline {RB} at (0,0) size 16x16
                  RenderText {#text} at (4,1) size 16x16
                    text run at (4,1) width 16: "\x{7AEF}"
          RenderText {#text} at (991,82) size 16x48
            text run at (991,82) width 48: "\x{3092}\x{8E0F}\x{307F}"
          RenderRuby (inline) {RUBY} at (0,0) size 16x16
            RenderRubyRun (anonymous) at (987,130) size 24x16
              RenderRubyText {RT} at (-7,0) size 14x16
                RenderText {#text} at (2,3) size 9x10
                  text run at (2,3) width 9: "\x{305D}"
              RenderRubyBase (anonymous) at (0,0) size 24x16
                RenderInline {RB} at (0,0) size 16x16
                  RenderText {#text} at (4,0) size 16x16
                    text run at (4,0) width 16: "\x{640D}"
          RenderText {#text} at (991,146) size 16x80
            text run at (991,146) width 80: "\x{304F}\x{306A}\x{3063}\x{305F}\x{3002}"
          RenderRuby (inline) {RUBY} at (0,0) size 16x34
            RenderRubyRun (anonymous) at (987,225) size 24x36
              RenderRubyText {RT} at (-7,0) size 14x36
                RenderText {#text} at (2,0) size 9x36
                  text run at (2,0) width 36: "\x{3078}\x{3044}\x{3053}\x{3046}"
              RenderRubyBase (anonymous) at (0,0) size 24x36
                RenderInline {RB} at (0,0) size 16x34
                  RenderText {#text} at (4,1) size 16x34
                    text run at (4,1) width 34: "\x{5E73}\x{8861}"
          RenderText {#text} at (991,260) size 41x500
            text run at (991,260) width 240: "\x{3092}\x{4FDD}\x{3064}\x{305F}\x{3081}\x{306B}\x{3001}\x{3059}\x{308F}\x{3084}\x{3068}\x{524D}\x{306B}\x{98DB}\x{3073}"
            text run at (1016,0) width 48: "\x{51FA}\x{3057}\x{305F}"
          RenderRuby (inline) {RUBY} at (0,0) size 16x32
            RenderRubyRun (anonymous) at (1012,48) size 24x32
              RenderRubyText {RT} at (-7,0) size 14x32
                RenderText {#text} at (2,0) size 9x31
                  text run at (2,0) width 30: "\x{3055}\x{305D}\x{304F}"
              RenderRubyBase (anonymous) at (0,0) size 24x32
                RenderInline {RB} at (0,0) size 16x32
                  RenderText {#text} at (4,0) size 16x32
                    text run at (4,0) width 32: "\x{5DE6}\x{8DB3}"
          RenderText {#text} at (1016,80) size 16x32
            text run at (1016,80) width 32: "\x{304C}\x{3001}"
          RenderRuby (inline) {RUBY} at (0,0) size 16x32
            RenderRubyRun (anonymous) at (1012,112) size 24x32
              RenderRubyText {RT} at (-7,0) size 14x32
                RenderText {#text} at (2,0) size 9x31
                  text run at (2,0) width 30: "\x{3057}\x{305D}\x{3093}"
              RenderRubyBase (anonymous) at (0,0) size 24x32
                RenderInline {RB} at (0,0) size 16x32
                  RenderText {#text} at (4,0) size 16x32
                    text run at (4,0) width 32: "\x{4ED5}\x{640D}"
          RenderText {#text} at (1016,144) size 16x32
            text run at (1016,144) width 32: "\x{3058}\x{306E}"
          RenderRuby (inline) {RUBY} at (0,0) size 16x16
            RenderRubyRun (anonymous) at (1012,176) size 24x16
              RenderRubyText {RT} at (-7,0) size 14x16
                RenderText {#text} at (2,3) size 9x10
                  text run at (2,3) width 9: "\x{3046}"
              RenderRubyBase (anonymous) at (0,0) size 24x16
                RenderInline {RB} at (0,0) size 16x16
                  RenderText {#text} at (4,0) size 16x16
                    text run at (4,0) width 16: "\x{57CB}"
          RenderText {#text} at (1016,192) size 16x16
            text run at (1016,192) width 16: "\x{3081}"
          RenderRuby (inline) {RUBY} at (0,0) size 16x16
            RenderRubyRun (anonymous) at (1012,207) size 24x18
              RenderRubyText {RT} at (-7,0) size 14x18
                RenderText {#text} at (2,0) size 9x18
                  text run at (2,0) width 18: "\x{3042}\x{308F}"
              RenderRubyBase (anonymous) at (0,0) size 24x18
                RenderInline {RB} at (0,0) size 16x16
                  RenderText {#text} at (4,1) size 16x16
                    text run at (4,1) width 16: "\x{5408}"
          RenderText {#text} at (1016,224) size 16x256
            text run at (1016,224) width 256: "\x{305B}\x{3092}\x{3059}\x{308B}\x{3068}\x{5171}\x{306B}\x{3001}\x{4F59}\x{306E}\x{8170}\x{306F}\x{5177}\x{5408}\x{3088}\x{304F}"
          RenderRuby (inline) {RUBY} at (0,0) size 16x17
            RenderRubyRun (anonymous) at (1012,479) size 24x18
              RenderRubyText {RT} at (-7,0) size 14x18
                RenderText {#text} at (2,0) size 9x18
                  text run at (2,0) width 18: "\x{307B}\x{3046}"
              RenderRubyBase (anonymous) at (0,0) size 24x18
                RenderInline {RB} at (0,0) size 16x16
                  RenderText {#text} at (4,1) size 16x16
                    text run at (4,1) width 16: "\x{65B9}"
          RenderText {#text} at (1041,0) size 16x144
            text run at (1041,0) width 144: "\x{4E09}\x{5C3A}\x{307B}\x{3069}\x{306A}\x{5CA9}\x{306E}\x{4E0A}\x{306B}"
          RenderRuby (inline) {RUBY} at (0,0) size 16x16
            RenderRubyRun (anonymous) at (1037,144) size 24x16
              RenderRubyText {RT} at (-7,0) size 14x16
                RenderText {#text} at (2,3) size 9x10
                  text run at (2,3) width 9: "\x{304A}"
              RenderRubyBase (anonymous) at (0,0) size 24x16
                RenderInline {RB} at (0,0) size 16x16
                  RenderText {#text} at (4,0) size 16x16
                    text run at (4,0) width 16: "\x{5378}"
          RenderText {#text} at (1041,160) size 16x208
            text run at (1041,160) width 208: "\x{308A}\x{305F}\x{3002}\x{80A9}\x{306B}\x{304B}\x{3051}\x{305F}\x{7D75}\x{306E}\x{5177}\x{7BB1}\x{304C}"
          RenderRuby (inline) {RUBY} at (0,0) size 16x16
            RenderRubyRun (anonymous) at (1037,367) size 24x18
              RenderRubyText {RT} at (-7,0) size 14x18
                RenderText {#text} at (2,0) size 9x18
                  text run at (2,0) width 18: "\x{308F}\x{304D}"
              RenderRubyBase (anonymous) at (0,0) size 24x18
                RenderInline {RB} at (0,0) size 16x16
                  RenderText {#text} at (4,1) size 16x16
                    text run at (4,1) width 16: "\x{814B}"
          RenderText {#text} at (1041,384) size 16x64
            text run at (1041,384) width 64: "\x{306E}\x{4E0B}\x{304B}\x{3089}"
          RenderRuby (inline) {RUBY} at (0,0) size 16x16
            RenderRubyRun (anonymous) at (1037,447) size 24x18
              RenderRubyText {RT} at (-7,0) size 14x18
                RenderText {#text} at (2,0) size 9x18
                  text run at (2,0) width 18: "\x{304A}\x{3069}"
              RenderRubyBase (anonymous) at (0,0) size 24x18
                RenderInline {RB} at (0,0) size 16x16
                  RenderText {#text} at (4,1) size 16x16
                    text run at (4,1) width 16: "\x{8E8D}"
          RenderText {#text} at (1041,464) size 41x496
            text run at (1041,464) width 32: "\x{308A}\x{51FA}"
            text run at (1066,0) width 144: "\x{3057}\x{305F}\x{3060}\x{3051}\x{3067}\x{3001}\x{5E78}\x{3044}\x{3068}"
          RenderRuby (inline) {RUBY} at (0,0) size 16x16
            RenderRubyRun (anonymous) at (1062,143) size 24x18
              RenderRubyText {RT} at (-7,0) size 14x18
                RenderText {#text} at (2,0) size 9x18
                  text run at (2,0) width 18: "\x{306A}\x{3093}"
              RenderRubyBase (anonymous) at (0,0) size 24x18
                RenderInline {RB} at (0,0) size 16x16
                  RenderText {#text} at (4,1) size 16x16
                    text run at (4,1) width 16: "\x{4F55}"
          RenderText {#text} at (1066,160) size 16x128
            text run at (1066,160) width 128: "\x{306E}\x{4E8B}\x{3082}\x{306A}\x{304B}\x{3063}\x{305F}\x{3002}"
          RenderBR {BR} at (1066,288) size 16x0
          RenderText {#text} at (1091,0) size 16x240
            text run at (1091,0) width 240: "\x{3000}\x{7ACB}\x{3061}\x{4E0A}\x{304C}\x{308B}\x{6642}\x{306B}\x{5411}\x{3046}\x{3092}\x{898B}\x{308B}\x{3068}\x{3001}"
          RenderRuby (inline) {RUBY} at (0,0) size 16x16
            RenderRubyRun (anonymous) at (1087,239) size 24x18
              RenderRubyText {RT} at (-7,0) size 14x18
                RenderText {#text} at (2,0) size 9x18
                  text run at (2,0) width 18: "\x{307F}\x{3061}"
              RenderRubyBase (anonymous) at (0,0) size 24x18
                RenderInline {RB} at (0,0) size 16x16
                  RenderText {#text} at (4,1) size 16x16
                    text run at (4,1) width 16: "\x{8DEF}"
          RenderText {#text} at (1091,256) size 41x496
            text run at (1091,256) width 240: "\x{304B}\x{3089}\x{5DE6}\x{306E}\x{65B9}\x{306B}\x{30D0}\x{30B1}\x{30C4}\x{3092}\x{4F0F}\x{305B}\x{305F}\x{3088}\x{3046}"
            text run at (1116,0) width 48: "\x{306A}\x{5CF0}\x{304C}"
          RenderRuby (inline) {RUBY} at (0,0) size 16x16
            RenderRubyRun (anonymous) at (1112,47) size 24x18
              RenderRubyText {RT} at (-7,0) size 14x18
                RenderText {#text} at (2,0) size 9x18
                  text run at (2,0) width 18: "\x{305D}\x{3073}"
              RenderRubyBase (anonymous) at (0,0) size 24x18
                RenderInline {RB} at (0,0) size 16x16
                  RenderText {#text} at (4,1) size 16x16
                    text run at (4,1) width 16: "\x{8073}"
          RenderText {#text} at (1116,64) size 16x112
            text run at (1116,64) width 112: "\x{3048}\x{3066}\x{3044}\x{308B}\x{3002}\x{6749}\x{304B}"
          RenderRuby (inline) {RUBY} at (0,0) size 16x19
            RenderRubyRun (anonymous) at (1112,172) size 24x27
              RenderRubyText {RT} at (-7,0) size 14x27
                RenderText {#text} at (2,0) size 9x27
                  text run at (2,0) width 27: "\x{3072}\x{306E}\x{304D}"
              RenderRubyBase (anonymous) at (0,0) size 24x27
                RenderInline {RB} at (0,0) size 16x17
                  RenderText {#text} at (4,5) size 16x17
                    text run at (4,5) width 16: "\x{6A9C}"
          RenderText {#text} at (1116,195) size 16x112
            text run at (1116,195) width 112: "\x{304B}\x{5206}\x{304B}\x{3089}\x{306A}\x{3044}\x{304C}"
          RenderRuby (inline) {RUBY} at (0,0) size 16x32
            RenderRubyRun (anonymous) at (1112,307) size 24x32
              RenderRubyText {RT} at (-7,0) size 14x32
                RenderText {#text} at (2,0) size 9x31
                  text run at (2,0) width 30: "\x{306D}\x{3082}\x{3068}"
              RenderRubyBase (anonymous) at (0,0) size 24x32
                RenderInline {RB} at (0,0) size 16x32
                  RenderText {#text} at (4,0) size 16x32
                    text run at (4,0) width 32: "\x{6839}\x{5143}"
          RenderText {#text} at (1116,339) size 16x32
            text run at (1116,339) width 32: "\x{304B}\x{3089}"
          RenderRuby (inline) {RUBY} at (0,0) size 16x19
            RenderRubyRun (anonymous) at (1112,367) size 24x27
              RenderRubyText {RT} at (-7,0) size 14x27
                RenderText {#text} at (2,0) size 9x27
                  text run at (2,0) width 27: "\x{3044}\x{305F}\x{3060}"
              RenderRubyBase (anonymous) at (0,0) size 24x27
                RenderInline {RB} at (0,0) size 16x17
                  RenderText {#text} at (4,5) size 16x17
                    text run at (4,5) width 16: "\x{9802}"
          RenderText {#text} at (1116,390) size 41x502
            text run at (1116,390) width 112: "\x{304D}\x{307E}\x{3067}\x{3053}\x{3068}\x{3054}\x{3068}"
            text run at (1141,0) width 16: "\x{304F}"
          RenderRuby (inline) {RUBY} at (0,0) size 16x34
            RenderRubyRun (anonymous) at (1137,15) size 24x36
              RenderRubyText {RT} at (-7,0) size 14x36
                RenderText {#text} at (2,0) size 9x36
                  text run at (2,0) width 36: "\x{3042}\x{304A}\x{3050}\x{308D}"
              RenderRubyBase (anonymous) at (0,0) size 24x36
                RenderInline {RB} at (0,0) size 16x34
                  RenderText {#text} at (4,1) size 16x34
                    text run at (4,1) width 34: "\x{84BC}\x{9ED2}"
          RenderText {#text} at (1141,50) size 16x240
            text run at (1141,50) width 240: "\x{3044}\x{4E2D}\x{306B}\x{3001}\x{5C71}\x{685C}\x{304C}\x{8584}\x{8D64}\x{304F}\x{3060}\x{3093}\x{3060}\x{3089}\x{306B}"
          RenderRuby (inline) {RUBY} at (0,0) size 16x32
            RenderRubyRun (anonymous) at (1137,290) size 24x32
              RenderRubyText {RT} at (-7,0) size 14x32
                RenderText {#text} at (2,0) size 9x31
                  text run at (2,0) width 30: "\x{305F}\x{306A}\x{3073}"
              RenderRubyBase (anonymous) at (0,0) size 24x32
                RenderInline {RB} at (0,0) size 16x32
                  RenderText {#text} at (4,0) size 16x32
                    text run at (4,0) width 32: "\x{68DA}\x{5F15}"
          RenderText {#text} at (1141,322) size 16x48
            text run at (1141,322) width 48: "\x{3044}\x{3066}\x{3001}"
          RenderRuby (inline) {RUBY} at (0,0) size 16x16
            RenderRubyRun (anonymous) at (1137,370) size 24x16
              RenderRubyText {RT} at (-7,0) size 14x16
                RenderText {#text} at (2,3) size 9x10
                  text run at (2,3) width 9: "\x{3064}"
              RenderRubyBase (anonymous) at (0,0) size 24x16
                RenderInline {RB} at (0,0) size 16x16
                  RenderText {#text} at (4,0) size 16x16
                    text run at (4,0) width 16: "\x{7D9A}"
          RenderText {#text} at (1141,386) size 16x16
            text run at (1141,386) width 16: "\x{304E}"
          RenderRuby (inline) {RUBY} at (0,0) size 16x16
            RenderRubyRun (anonymous) at (1137,402) size 24x16
              RenderRubyText {RT} at (-7,0) size 14x16
                RenderText {#text} at (2,3) size 9x10
                  text run at (2,3) width 9: "\x{3081}"
              RenderRubyBase (anonymous) at (0,0) size 24x16
                RenderInline {RB} at (0,0) size 16x16
                  RenderText {#text} at (4,0) size 16x16
                    text run at (4,0) width 16: "\x{76EE}"
          RenderText {#text} at (1141,418) size 16x16
            text run at (1141,418) width 16: "\x{304C}"
          RenderRuby (inline) {RUBY} at (0,0) size 16x16
            RenderRubyRun (anonymous) at (1137,433) size 24x18
              RenderRubyText {RT} at (-7,0) size 14x18
                RenderText {#text} at (2,0) size 9x18
                  text run at (2,0) width 18: "\x{3057}\x{304B}"
              RenderRubyBase (anonymous) at (0,0) size 24x18
                RenderInline {RB} at (0,0) size 16x16
                  RenderText {#text} at (4,1) size 16x16
                    text run at (4,1) width 16: "\x{78BA}"
          RenderText {#text} at (1141,450) size 41x498
            text run at (1141,450) width 48: "\x{3068}\x{898B}\x{3048}"
            text run at (1166,0) width 64: "\x{306C}\x{304F}\x{3089}\x{3044}"
          RenderRuby (inline) {RUBY} at (0,0) size 16x16
            RenderRubyRun (anonymous) at (1162,63) size 24x18
              RenderRubyText {RT} at (-7,0) size 14x18
                RenderText {#text} at (2,0) size 9x18
                  text run at (2,0) width 18: "\x{3082}\x{3084}"
              RenderRubyBase (anonymous) at (0,0) size 24x18
                RenderInline {RB} at (0,0) size 16x16
                  RenderText {#text} at (4,1) size 16x16
                    text run at (4,1) width 16: "\x{9744}"
          RenderText {#text} at (1166,80) size 16x144
            text run at (1166,80) width 144: "\x{304C}\x{6FC3}\x{3044}\x{3002}\x{5C11}\x{3057}\x{624B}\x{524D}\x{306B}"
          RenderRuby (inline) {RUBY} at (0,0) size 16x34
            RenderRubyRun (anonymous) at (1162,223) size 24x36
              RenderRubyText {RT} at (-7,0) size 14x36
                RenderText {#text} at (2,0) size 9x36
                  text run at (2,0) width 36: "\x{306F}\x{3052}\x{3084}\x{307E}"
              RenderRubyBase (anonymous) at (0,0) size 24x36
                RenderInline {RB} at (0,0) size 16x34
                  RenderText {#text} at (4,1) size 16x34
                    text run at (4,1) width 34: "\x{79BF}\x{5C71}"
          RenderText {#text} at (1166,258) size 16x64
            text run at (1166,258) width 64: "\x{304C}\x{4E00}\x{3064}\x{3001}"
          RenderRuby (inline) {RUBY} at (0,0) size 16x16
            RenderRubyRun (anonymous) at (1162,321) size 24x18
              RenderRubyText {RT} at (-7,0) size 14x18
                RenderText {#text} at (2,0) size 9x18
                  text run at (2,0) width 18: "\x{3050}\x{3093}"
              RenderRubyBase (anonymous) at (0,0) size 24x18
                RenderInline {RB} at (0,0) size 16x16
                  RenderText {#text} at (4,1) size 16x16
                    text run at (4,1) width 16: "\x{7FA4}"
          RenderText {#text} at (1166,338) size 16x96
            text run at (1166,338) width 96: "\x{3092}\x{306C}\x{304D}\x{3093}\x{3067}\x{3066}"
          RenderRuby (inline) {RUBY} at (0,0) size 16x16
            RenderRubyRun (anonymous) at (1162,433) size 24x18
              RenderRubyText {RT} at (-7,0) size 14x18
                RenderText {#text} at (2,0) size 9x18
                  text run at (2,0) width 18: "\x{307E}\x{3086}"
              RenderRubyBase (anonymous) at (0,0) size 24x18
                RenderInline {RB} at (0,0) size 16x16
                  RenderText {#text} at (4,1) size 16x16
                    text run at (4,1) width 16: "\x{7709}"
          RenderText {#text} at (1166,450) size 16x16
            text run at (1166,450) width 16: "\x{306B}"
          RenderRuby (inline) {RUBY} at (0,0) size 16x17
            RenderRubyRun (anonymous) at (1162,465) size 24x18
              RenderRubyText {RT} at (-7,0) size 14x18
                RenderText {#text} at (2,0) size 9x18
                  text run at (2,0) width 18: "\x{305B}\x{307E}"
              RenderRubyBase (anonymous) at (0,0) size 24x18
                RenderInline {RB} at (0,0) size 16x16
                  RenderText {#text} at (4,1) size 16x16
                    text run at (4,1) width 16: "\x{903C}"
          RenderText {#text} at (1191,0) size 16x32
            text run at (1191,0) width 32: "\x{308B}\x{3002}"
          RenderRuby (inline) {RUBY} at (0,0) size 16x16
            RenderRubyRun (anonymous) at (1187,32) size 24x16
              RenderRubyText {RT} at (-7,0) size 14x16
                RenderText {#text} at (2,3) size 9x10
                  text run at (2,3) width 9: "\x{306F}"
              RenderRubyBase (anonymous) at (0,0) size 24x16
                RenderInline {RB} at (0,0) size 16x16
                  RenderText {#text} at (4,0) size 16x16
                    text run at (4,0) width 16: "\x{79BF}"
          RenderText {#text} at (1191,48) size 16x128
            text run at (1191,48) width 128: "\x{3052}\x{305F}\x{5074}\x{9762}\x{306F}\x{5DE8}\x{4EBA}\x{306E}"
          RenderRuby (inline) {RUBY} at (0,0) size 16x16
            RenderRubyRun (anonymous) at (1187,175) size 24x18
              RenderRubyText {RT} at (-7,0) size 14x18
                RenderText {#text} at (2,0) size 9x18
                  text run at (2,0) width 18: "\x{304A}\x{306E}"
              RenderRubyBase (anonymous) at (0,0) size 24x18
                RenderInline {RB} at (0,0) size 16x16
                  RenderText {#text} at (4,1) size 16x16
                    text run at (4,1) width 16: "\x{65A7}"
          RenderText {#text} at (1191,192) size 16x16
            text run at (1191,192) width 16: "\x{3067}"
          RenderRuby (inline) {RUBY} at (0,0) size 16x16
            RenderRubyRun (anonymous) at (1187,207) size 24x18
              RenderRubyText {RT} at (-7,0) size 14x18
                RenderText {#text} at (2,0) size 9x18
                  text run at (2,0) width 18: "\x{3051}\x{305A}"
              RenderRubyBase (anonymous) at (0,0) size 24x18
                RenderInline {RB} at (0,0) size 16x16
                  RenderText {#text} at (4,1) size 16x16
                    text run at (4,1) width 16: "\x{524A}"
          RenderText {#text} at (1191,224) size 41x496
            text run at (1191,224) width 272: "\x{308A}\x{53BB}\x{3063}\x{305F}\x{304B}\x{3001}\x{92ED}\x{3069}\x{304D}\x{5E73}\x{9762}\x{3092}\x{3084}\x{3051}\x{306B}\x{8C37}\x{306E}"
            text run at (1216,0) width 32: "\x{5E95}\x{306B}"
          RenderRuby (inline) {RUBY} at (0,0) size 16x16
            RenderRubyRun (anonymous) at (1212,31) size 24x18
              RenderRubyText {RT} at (-7,0) size 14x18
                RenderText {#text} at (2,0) size 9x18
                  text run at (2,0) width 18: "\x{3046}\x{305A}"
              RenderRubyBase (anonymous) at (0,0) size 24x18
                RenderInline {RB} at (0,0) size 16x16
                  RenderText {#text} at (4,1) size 16x16
                    text run at (4,1) width 16: "\x{57CB}"
          RenderText {#text} at (1216,48) size 16x80
            text run at (1216,48) width 80: "\x{3081}\x{3066}\x{3044}\x{308B}\x{3002}"
          RenderRuby (inline) {RUBY} at (0,0) size 16x34
            RenderRubyRun (anonymous) at (1212,127) size 24x36
              RenderRubyText {RT} at (-7,0) size 14x36
                RenderText {#text} at (2,0) size 9x36
                  text run at (2,0) width 36: "\x{3066}\x{3063}\x{307A}\x{3093}"
              RenderRubyBase (anonymous) at (0,0) size 24x36
                RenderInline {RB} at (0,0) size 16x34
                  RenderText {#text} at (4,1) size 16x34
                    text run at (4,1) width 34: "\x{5929}\x{8FBA}"
          RenderText {#text} at (1216,162) size 16x336
            text run at (1216,162) width 336: "\x{306B}\x{4E00}\x{672C}\x{898B}\x{3048}\x{308B}\x{306E}\x{306F}\x{8D64}\x{677E}\x{3060}\x{308D}\x{3046}\x{3002}\x{679D}\x{306E}\x{9593}\x{306E}\x{7A7A}\x{3055}\x{3048}"
          RenderRuby (inline) {RUBY} at (0,0) size 16x35
            RenderRubyRun (anonymous) at (1237,0) size 24x36
              RenderRubyText {RT} at (-7,0) size 14x36
                RenderText {#text} at (2,0) size 9x36
                  text run at (2,0) width 36: "\x{306F}\x{3063}\x{304D}\x{308A}"
              RenderRubyBase (anonymous) at (0,0) size 24x36
                RenderInline {RB} at (0,0) size 16x34
                  RenderText {#text} at (4,1) size 16x34
                    text run at (4,1) width 34: "\x{5224}\x{7136}"
          RenderText {#text} at (1241,35) size 16x448
            text run at (1241,35) width 448: "\x{3057}\x{3066}\x{3044}\x{308B}\x{3002}\x{884C}\x{304F}\x{624B}\x{306F}\x{4E8C}\x{4E01}\x{307B}\x{3069}\x{3067}\x{5207}\x{308C}\x{3066}\x{3044}\x{308B}\x{304C}\x{3001}\x{9AD8}\x{3044}\x{6240}\x{304B}\x{3089}\x{8D64}\x{3044}"
          RenderRuby (inline) {RUBY} at (0,0) size 16x32
            RenderRubyRun (anonymous) at (1262,0) size 24x32
              RenderRubyText {RT} at (-7,0) size 14x32
                RenderText {#text} at (2,0) size 9x31
                  text run at (2,0) width 30: "\x{3051}\x{3063}\x{3068}"
              RenderRubyBase (anonymous) at (0,0) size 24x32
                RenderInline {RB} at (0,0) size 16x32
                  RenderText {#text} at (4,0) size 16x32
                    text run at (4,0) width 32: "\x{6BDB}\x{5E03}"
          RenderText {#text} at (1266,32) size 41x496
            text run at (1266,32) width 464: "\x{304C}\x{52D5}\x{3044}\x{3066}\x{6765}\x{308B}\x{306E}\x{3092}\x{898B}\x{308B}\x{3068}\x{3001}\x{767B}\x{308C}\x{3070}\x{3042}\x{3059}\x{3053}\x{3078}\x{51FA}\x{308B}\x{306E}\x{3060}\x{308D}\x{3046}\x{3002}\x{8DEF}\x{306F}\x{3059}"
            text run at (1291,0) width 48: "\x{3053}\x{3076}\x{308B}"
          RenderRuby (inline) {RUBY} at (0,0) size 16x32
            RenderRubyRun (anonymous) at (1287,48) size 24x32
              RenderRubyText {RT} at (-7,0) size 14x32
                RenderText {#text} at (2,0) size 9x31
                  text run at (2,0) width 30: "\x{306A}\x{3093}\x{304E}"
              RenderRubyBase (anonymous) at (0,0) size 24x32
                RenderInline {RB} at (0,0) size 16x32
                  RenderText {#text} at (4,0) size 16x32
                    text run at (4,0) width 32: "\x{96E3}\x{7FA9}"
          RenderText {#text} at (1291,80) size 16x32
            text run at (1291,80) width 32: "\x{3060}\x{3002}"
          RenderBR {BR} at (1291,112) size 16x0
          RenderText {#text} at (1316,0) size 16x208
            text run at (1316,0) width 208: "\x{3000}\x{571F}\x{3092}\x{306A}\x{3089}\x{3059}\x{3060}\x{3051}\x{306A}\x{3089}\x{3055}\x{307B}\x{3069}"
          RenderRuby (inline) {RUBY} at (0,0) size 16x32
            RenderRubyRun (anonymous) at (1312,208) size 24x32
              RenderRubyText {RT} at (-7,0) size 14x32
                RenderText {#text} at (2,3) size 9x26
                  text run at (2,3) width 25: "\x{3066}\x{307E}"
              RenderRubyBase (anonymous) at (0,0) size 24x32
                RenderInline {RB} at (0,0) size 16x32
                  RenderText {#text} at (4,0) size 16x32
                    text run at (4,0) width 32: "\x{624B}\x{9593}"
          RenderText {#text} at (1316,240) size 16x16
            text run at (1316,240) width 16: "\x{3082}"
          RenderRuby (inline) {RUBY} at (0,0) size 16x16
            RenderRubyRun (anonymous) at (1312,256) size 24x16
              RenderRubyText {RT} at (-7,0) size 14x16
                RenderText {#text} at (2,3) size 9x10
                  text run at (2,3) width 9: "\x{3044}"
              RenderRubyBase (anonymous) at (0,0) size 24x16
                RenderInline {RB} at (0,0) size 16x16
                  RenderText {#text} at (4,0) size 16x16
                    text run at (4,0) width 16: "\x{5165}"
          RenderText {#text} at (1316,272) size 41x496
            text run at (1316,272) width 224: "\x{308B}\x{307E}\x{3044}\x{304C}\x{3001}\x{571F}\x{306E}\x{4E2D}\x{306B}\x{306F}\x{5927}\x{304D}\x{306A}\x{77F3}"
            text run at (1341,0) width 96: "\x{304C}\x{3042}\x{308B}\x{3002}\x{571F}\x{306F}"
          RenderRuby (inline) {RUBY} at (0,0) size 16x16
            RenderRubyRun (anonymous) at (1337,95) size 24x18
              RenderRubyText {RT} at (-7,0) size 14x18
                RenderText {#text} at (2,0) size 9x18
                  text run at (2,0) width 18: "\x{305F}\x{3044}"
              RenderRubyBase (anonymous) at (0,0) size 24x18
                RenderInline {RB} at (0,0) size 16x16
                  RenderText {#text} at (4,1) size 16x16
                    text run at (4,1) width 16: "\x{5E73}"
          RenderText {#text} at (1341,112) size 41x496
            text run at (1341,112) width 384: "\x{3089}\x{306B}\x{3057}\x{3066}\x{3082}\x{77F3}\x{306F}\x{5E73}\x{3089}\x{306B}\x{306A}\x{3089}\x{306C}\x{3002}\x{77F3}\x{306F}\x{5207}\x{308A}\x{7815}\x{3044}\x{3066}\x{3082}\x{3001}\x{5CA9}"
            text run at (1366,0) width 128: "\x{306F}\x{59CB}\x{672B}\x{304C}\x{3064}\x{304B}\x{306C}\x{3002}"
          RenderRuby (inline) {RUBY} at (0,0) size 16x34
            RenderRubyRun (anonymous) at (1362,127) size 24x36
              RenderRubyText {RT} at (-7,0) size 14x36
                RenderText {#text} at (2,0) size 9x36
                  text run at (2,0) width 36: "\x{307B}\x{308A}\x{304F}\x{305A}"
              RenderRubyBase (anonymous) at (0,0) size 24x36
                RenderInline {RB} at (0,0) size 16x34
                  RenderText {#text} at (4,1) size 16x34
                    text run at (4,1) width 34: "\x{6398}\x{5D29}"
          RenderText {#text} at (1366,162) size 16x96
            text run at (1366,162) width 96: "\x{3057}\x{305F}\x{571F}\x{306E}\x{4E0A}\x{306B}"
          RenderRuby (inline) {RUBY} at (0,0) size 16x34
            RenderRubyRun (anonymous) at (1362,257) size 24x36
              RenderRubyText {RT} at (-7,0) size 14x36
                RenderText {#text} at (2,0) size 9x36
                  text run at (2,0) width 36: "\x{3086}\x{3046}\x{305C}\x{3093}"
              RenderRubyBase (anonymous) at (0,0) size 24x36
                RenderInline {RB} at (0,0) size 16x34
                  RenderText {#text} at (4,1) size 16x34
                    text run at (4,1) width 34: "\x{60A0}\x{7136}"
          RenderText {#text} at (1366,292) size 16x16
            text run at (1366,292) width 16: "\x{3068}"
          RenderRuby (inline) {RUBY} at (0,0) size 16x19
            RenderRubyRun (anonymous) at (1362,304) size 24x27
              RenderRubyText {RT} at (-7,0) size 14x27
                RenderText {#text} at (2,0) size 9x27
                  text run at (2,0) width 27: "\x{305D}\x{3070}\x{3060}"
              RenderRubyBase (anonymous) at (0,0) size 24x27
                RenderInline {RB} at (0,0) size 16x17
                  RenderText {#text} at (4,5) size 16x17
                    text run at (4,5) width 16: "\x{5CD9}"
          RenderText {#text} at (1366,327) size 41x503
            text run at (1366,327) width 176: "\x{3063}\x{3066}\x{3001}\x{543E}\x{3089}\x{306E}\x{305F}\x{3081}\x{306B}\x{9053}\x{3092}"
            text run at (1391,0) width 32: "\x{8B72}\x{308B}"
          RenderRuby (inline) {RUBY} at (0,0) size 16x32
            RenderRubyRun (anonymous) at (1387,32) size 24x32
              RenderRubyText {RT} at (-7,0) size 14x32
                RenderText {#text} at (2,0) size 9x31
                  text run at (2,0) width 30: "\x{3051}\x{3057}\x{304D}"
              RenderRubyBase (anonymous) at (0,0) size 24x32
                RenderInline {RB} at (0,0) size 16x32
                  RenderText {#text} at (4,0) size 16x32
                    text run at (4,0) width 32: "\x{666F}\x{8272}"
          RenderText {#text} at (1391,64) size 41x480
            text run at (1391,64) width 416: "\x{306F}\x{306A}\x{3044}\x{3002}\x{5411}\x{3046}\x{3067}\x{805E}\x{304B}\x{306C}\x{4E0A}\x{306F}\x{4E57}\x{308A}\x{8D8A}\x{3059}\x{304B}\x{3001}\x{5EFB}\x{3089}\x{306A}\x{3051}\x{308C}\x{3070}\x{306A}\x{3089}"
            text run at (1416,0) width 32: "\x{3093}\x{3002}"
          RenderRuby (inline) {RUBY} at (0,0) size 16x16
            RenderRubyRun (anonymous) at (1412,31) size 24x18
              RenderRubyText {RT} at (-7,0) size 14x18
                RenderText {#text} at (2,0) size 9x18
                  text run at (2,0) width 18: "\x{3044}\x{308F}"
              RenderRubyBase (anonymous) at (0,0) size 24x18
                RenderInline {RB} at (0,0) size 16x16
                  RenderText {#text} at (4,1) size 16x16
                    text run at (4,1) width 16: "\x{5DCC}"
          RenderText {#text} at (1416,48) size 16x112
            text run at (1416,48) width 112: "\x{306E}\x{306A}\x{3044}\x{6240}\x{3067}\x{3055}\x{3048}"
          RenderRuby (inline) {RUBY} at (0,0) size 16x16
            RenderRubyRun (anonymous) at (1412,160) size 24x16
              RenderRubyText {RT} at (-7,0) size 14x16
                RenderText {#text} at (2,3) size 9x10
                  text run at (2,3) width 9: "\x{3042}"
              RenderRubyBase (anonymous) at (0,0) size 24x16
                RenderInline {RB} at (0,0) size 16x16
                  RenderText {#text} at (4,0) size 16x16
                    text run at (4,0) width 16: "\x{6B69}"
          RenderText {#text} at (1416,176) size 16x304
            text run at (1416,176) width 304: "\x{308B}\x{304D}\x{3088}\x{304F}\x{306F}\x{306A}\x{3044}\x{3002}\x{5DE6}\x{53F3}\x{304C}\x{9AD8}\x{304F}\x{3063}\x{3066}\x{3001}\x{4E2D}\x{5FC3}\x{304C}"
          RenderRuby (inline) {RUBY} at (0,0) size 16x17
            RenderRubyRun (anonymous) at (1412,479) size 24x18
              RenderRubyText {RT} at (-7,0) size 14x18
                RenderText {#text} at (2,0) size 9x18
                  text run at (2,0) width 18: "\x{304F}\x{307C}"
              RenderRubyBase (anonymous) at (0,0) size 24x18
                RenderInline {RB} at (0,0) size 16x16
                  RenderText {#text} at (4,1) size 16x16
                    text run at (4,1) width 16: "\x{7AAA}"
          RenderText {#text} at (1441,0) size 16x128
            text run at (1441,0) width 128: "\x{3093}\x{3067}\x{3001}\x{307E}\x{308B}\x{3067}\x{4E00}\x{9593}"
          RenderRuby (inline) {RUBY} at (0,0) size 16x16
            RenderRubyRun (anonymous) at (1437,127) size 24x18
              RenderRubyText {RT} at (-7,0) size 14x18
                RenderText {#text} at (2,0) size 9x18
                  text run at (2,0) width 18: "\x{306F}\x{3070}"
              RenderRubyBase (anonymous) at (0,0) size 24x18
                RenderInline {RB} at (0,0) size 16x16
                  RenderText {#text} at (4,1) size 16x16
                    text run at (4,1) width 16: "\x{5E45}"
          RenderText {#text} at (1441,144) size 16x64
            text run at (1441,144) width 64: "\x{3092}\x{4E09}\x{89D2}\x{306B}"
          RenderRuby (inline) {RUBY} at (0,0) size 16x16
            RenderRubyRun (anonymous) at (1437,208) size 24x16
              RenderRubyText {RT} at (-7,0) size 14x16
                RenderText {#text} at (2,3) size 9x10
                  text run at (2,3) width 9: "\x{304F}"
              RenderRubyBase (anonymous) at (0,0) size 24x16
                RenderInline {RB} at (0,0) size 16x16
                  RenderText {#text} at (4,0) size 16x16
                    text run at (4,0) width 16: "\x{7A7F}"
          RenderText {#text} at (1441,224) size 16x128
            text run at (1441,224) width 128: "\x{3063}\x{3066}\x{3001}\x{305D}\x{306E}\x{9802}\x{70B9}\x{304C}"
          RenderRuby (inline) {RUBY} at (0,0) size 16x34
            RenderRubyRun (anonymous) at (1437,351) size 24x36
              RenderRubyText {RT} at (-7,0) size 14x36
                RenderText {#text} at (2,0) size 9x36
                  text run at (2,0) width 36: "\x{307E}\x{3093}\x{306A}\x{304B}"
              RenderRubyBase (anonymous) at (0,0) size 24x36
                RenderInline {RB} at (0,0) size 16x34
                  RenderText {#text} at (4,1) size 16x34
                    text run at (4,1) width 34: "\x{771F}\x{4E2D}"
          RenderText {#text} at (1441,386) size 16x16
            text run at (1441,386) width 16: "\x{3092}"
          RenderRuby (inline) {RUBY} at (0,0) size 16x19
            RenderRubyRun (anonymous) at (1437,398) size 24x27
              RenderRubyText {RT} at (-7,0) size 14x27
                RenderText {#text} at (2,0) size 9x27
                  text run at (2,0) width 27: "\x{3064}\x{3089}\x{306C}"
              RenderRubyBase (anonymous) at (0,0) size 24x27
                RenderInline {RB} at (0,0) size 16x17
                  RenderText {#text} at (4,5) size 16x17
                    text run at (4,5) width 16: "\x{8CAB}"
          RenderText {#text} at (1441,421) size 41x501
            text run at (1441,421) width 80: "\x{3044}\x{3066}\x{3044}\x{308B}\x{3068}"
            text run at (1466,0) width 320: "\x{8A55}\x{3057}\x{3066}\x{3082}\x{3088}\x{3044}\x{3002}\x{8DEF}\x{3092}\x{884C}\x{304F}\x{3068}\x{4E91}\x{308F}\x{3093}\x{3088}\x{308A}\x{5DDD}\x{5E95}\x{3092}"
          RenderRuby (inline) {RUBY} at (0,0) size 16x16
            RenderRubyRun (anonymous) at (1462,319) size 24x18
              RenderRubyText {RT} at (-7,0) size 14x18
                RenderText {#text} at (2,0) size 9x18
                  text run at (2,0) width 18: "\x{308F}\x{305F}"
              RenderRubyBase (anonymous) at (0,0) size 24x18
                RenderInline {RB} at (0,0) size 16x16
                  RenderText {#text} at (4,1) size 16x16
                    text run at (4,1) width 16: "\x{6E09}"
          RenderText {#text} at (1466,336) size 16x160
            text run at (1466,336) width 160: "\x{308B}\x{3068}\x{4E91}\x{3046}\x{65B9}\x{304C}\x{9069}\x{5F53}\x{3060}\x{3002}"
          RenderRuby (inline) {RUBY} at (0,0) size 16x17
            RenderRubyRun (anonymous) at (1487,0) size 24x18
              RenderRubyText {RT} at (-7,0) size 14x18
                RenderText {#text} at (2,0) size 9x18
                  text run at (2,0) width 18: "\x{3082}\x{3068}"
              RenderRubyBase (anonymous) at (0,0) size 24x18
                RenderInline {RB} at (0,0) size 16x16
                  RenderText {#text} at (4,1) size 16x16
                    text run at (4,1) width 16: "\x{56FA}"
          RenderText {#text} at (1491,17) size 16x256
            text run at (1491,17) width 256: "\x{3088}\x{308A}\x{6025}\x{3050}\x{65C5}\x{3067}\x{306A}\x{3044}\x{304B}\x{3089}\x{3001}\x{3076}\x{3089}\x{3076}\x{3089}\x{3068}"
          RenderRuby (inline) {RUBY} at (0,0) size 16x34
            RenderRubyRun (anonymous) at (1487,272) size 24x36
              RenderRubyText {RT} at (-7,0) size 14x36
                RenderText {#text} at (2,0) size 9x36
                  text run at (2,0) width 36: "\x{306A}\x{306A}\x{307E}\x{304C}"
              RenderRubyBase (anonymous) at (0,0) size 24x36
                RenderInline {RB} at (0,0) size 16x34
                  RenderText {#text} at (4,1) size 16x34
                    text run at (4,1) width 34: "\x{4E03}\x{66F2}"
          RenderText {#text} at (1491,307) size 16x96
            text run at (1491,307) width 96: "\x{308A}\x{3078}\x{304B}\x{304B}\x{308B}\x{3002}"
          RenderBR {BR} at (1491,403) size 16x0
          RenderText {#text} at (1516,0) size 16x144
            text run at (1516,0) width 144: "\x{3000}\x{305F}\x{3061}\x{307E}\x{3061}\x{8DB3}\x{306E}\x{4E0B}\x{3067}"
          RenderRuby (inline) {RUBY} at (0,0) size 16x32
            RenderRubyRun (anonymous) at (1512,144) size 24x32
              RenderRubyText {RT} at (-7,0) size 14x32
                RenderText {#text} at (2,0) size 9x31
                  text run at (2,0) width 30: "\x{3072}\x{3070}\x{308A}"
              RenderRubyBase (anonymous) at (0,0) size 24x32
                RenderInline {RB} at (0,0) size 16x32
                  RenderText {#text} at (4,0) size 16x32
                    text run at (4,0) width 32: "\x{96F2}\x{96C0}"
          RenderText {#text} at (1516,176) size 16x160
            text run at (1516,176) width 160: "\x{306E}\x{58F0}\x{304C}\x{3057}\x{51FA}\x{3057}\x{305F}\x{3002}\x{8C37}\x{3092}"
          RenderRuby (inline) {RUBY} at (0,0) size 16x32
            RenderRubyRun (anonymous) at (1512,336) size 24x32
              RenderRubyText {RT} at (-7,0) size 14x32
                RenderText {#text} at (2,0) size 9x31
                  text run at (2,0) width 30: "\x{307F}\x{304A}\x{308D}"
              RenderRubyBase (anonymous) at (0,0) size 24x32
                RenderInline {RB} at (0,0) size 16x32
                  RenderText {#text} at (4,0) size 16x32
                    text run at (4,0) width 32: "\x{898B}\x{4E0B}"
          RenderText {#text} at (1516,368) size 41x496
            text run at (1516,368) width 128: "\x{3057}\x{305F}\x{304C}\x{3001}\x{3069}\x{3053}\x{3067}\x{9CF4}"
            text run at (1541,0) width 480: "\x{3044}\x{3066}\x{308B}\x{304B}\x{5F71}\x{3082}\x{5F62}\x{3082}\x{898B}\x{3048}\x{306C}\x{3002}\x{305F}\x{3060}\x{58F0}\x{3060}\x{3051}\x{304C}\x{660E}\x{3089}\x{304B}\x{306B}\x{805E}\x{3048}\x{308B}\x{3002}\x{305B}\x{3063}\x{305B}\x{3068}"
          RenderRuby (inline) {RUBY} at (0,0) size 16x17
            RenderRubyRun (anonymous) at (1537,479) size 24x18
              RenderRubyText {RT} at (-7,0) size 14x18
                RenderText {#text} at (2,0) size 9x18
                  text run at (2,0) width 18: "\x{305B}\x{308F}"
              RenderRubyBase (anonymous) at (0,0) size 24x18
                RenderInline {RB} at (0,0) size 16x16
                  RenderText {#text} at (4,1) size 16x16
                    text run at (4,1) width 16: "\x{5FD9}"
          RenderText {#text} at (1566,0) size 16x48
            text run at (1566,0) width 48: "\x{3057}\x{304F}\x{3001}"
          RenderRuby (inline) {RUBY} at (0,0) size 16x32
            RenderRubyRun (anonymous) at (1562,48) size 24x32
              RenderRubyText {RT} at (-7,0) size 14x32
                RenderText {#text} at (2,0) size 9x31
                  text run at (2,0) width 30: "\x{305F}\x{3048}\x{307E}"
              RenderRubyBase (anonymous) at (0,0) size 24x32
                RenderInline {RB} at (0,0) size 16x32
                  RenderText {#text} at (4,0) size 16x32
                    text run at (4,0) width 32: "\x{7D76}\x{9593}"
          RenderText {#text} at (1566,80) size 16x128
            text run at (1566,80) width 128: "\x{306A}\x{304F}\x{9CF4}\x{3044}\x{3066}\x{3044}\x{308B}\x{3002}"
          RenderRuby (inline) {RUBY} at (0,0) size 16x48
            RenderRubyRun (anonymous) at (1562,208) size 24x48
              RenderRubyText {RT} at (-7,0) size 14x48
                RenderText {#text} at (2,0) size 9x48
                  text run at (2,0) width 47: "\x{307B}\x{3046}\x{3044}\x{304F}\x{308A}"
              RenderRubyBase (anonymous) at (0,0) size 24x48
                RenderInline {RB} at (0,0) size 16x48
                  RenderText {#text} at (4,0) size 16x48
                    text run at (4,0) width 48: "\x{65B9}\x{5E7E}\x{91CC}"
          RenderText {#text} at (1566,256) size 16x112
            text run at (1566,256) width 112: "\x{306E}\x{7A7A}\x{6C17}\x{304C}\x{4E00}\x{9762}\x{306B}"
          RenderRuby (inline) {RUBY} at (0,0) size 16x16
            RenderRubyRun (anonymous) at (1562,367) size 24x18
              RenderRubyText {RT} at (-7,0) size 14x18
                RenderText {#text} at (2,0) size 9x18
                  text run at (2,0) width 18: "\x{306E}\x{307F}"
              RenderRubyBase (anonymous) at (0,0) size 24x18
                RenderInline {RB} at (0,0) size 16x16
                  RenderText {#text} at (4,1) size 16x16
                    text run at (4,1) width 16: "\x{86A4}"
          RenderText {#text} at (1566,384) size 41x496
            text run at (1566,384) width 112: "\x{306B}\x{523A}\x{3055}\x{308C}\x{3066}\x{3044}\x{305F}"
            text run at (1591,0) width 304: "\x{305F}\x{307E}\x{308C}\x{306A}\x{3044}\x{3088}\x{3046}\x{306A}\x{6C17}\x{304C}\x{3059}\x{308B}\x{3002}\x{3042}\x{306E}\x{9CE5}\x{306E}\x{9CF4}\x{304F}"
          RenderRuby (inline) {RUBY} at (0,0) size 16x16
            RenderRubyRun (anonymous) at (1587,304) size 24x16
              RenderRubyText {RT} at (-7,0) size 14x16
                RenderText {#text} at (2,3) size 9x10
                  text run at (2,3) width 9: "\x{306D}"
              RenderRubyBase (anonymous) at (0,0) size 24x16
                RenderInline {RB} at (0,0) size 16x16
                  RenderText {#text} at (4,0) size 16x16
                    text run at (4,0) width 16: "\x{97F3}"
          RenderText {#text} at (1591,320) size 89x496
            text run at (1591,320) width 176: "\x{306B}\x{306F}\x{77AC}\x{6642}\x{306E}\x{4F59}\x{88D5}\x{3082}\x{306A}\x{3044}\x{3002}"
            text run at (1615,0) width 496: "\x{306E}\x{3069}\x{304B}\x{306A}\x{6625}\x{306E}\x{65E5}\x{3092}\x{9CF4}\x{304D}\x{5C3D}\x{304F}\x{3057}\x{3001}\x{9CF4}\x{304D}\x{3042}\x{304B}\x{3057}\x{3001}\x{307E}\x{305F}\x{9CF4}\x{304D}\x{66AE}\x{3089}\x{3055}\x{306A}\x{3051}\x{308C}\x{3070}"
            text run at (1639,0) width 496: "\x{6C17}\x{304C}\x{6E08}\x{307E}\x{3093}\x{3068}\x{898B}\x{3048}\x{308B}\x{3002}\x{305D}\x{306E}\x{4E0A}\x{3069}\x{3053}\x{307E}\x{3067}\x{3082}\x{767B}\x{3063}\x{3066}\x{884C}\x{304F}\x{3001}\x{3044}\x{3064}\x{307E}\x{3067}\x{3082}\x{767B}\x{3063}"
            text run at (1664,0) width 432: "\x{3066}\x{884C}\x{304F}\x{3002}\x{96F2}\x{96C0}\x{306F}\x{304D}\x{3063}\x{3068}\x{96F2}\x{306E}\x{4E2D}\x{3067}\x{6B7B}\x{306C}\x{306B}\x{76F8}\x{9055}\x{306A}\x{3044}\x{3002}\x{767B}\x{308A}\x{8A70}\x{3081}\x{305F}"
          RenderRuby (inline) {RUBY} at (0,0) size 16x32
            RenderRubyRun (anonymous) at (1660,432) size 24x32
              RenderRubyText {RT} at (-7,0) size 14x32
                RenderText {#text} at (2,0) size 9x31
                  text run at (2,0) width 30: "\x{3042}\x{3052}\x{304F}"
              RenderRubyBase (anonymous) at (0,0) size 24x32
                RenderInline {RB} at (0,0) size 16x32
                  RenderText {#text} at (4,0) size 16x32
                    text run at (4,0) width 32: "\x{63DA}\x{53E5}"
          RenderText {#text} at (1664,464) size 41x496
            text run at (1664,464) width 32: "\x{306F}\x{3001}"
            text run at (1689,0) width 80: "\x{6D41}\x{308C}\x{3066}\x{96F2}\x{306B}"
          RenderRuby (inline) {RUBY} at (0,0) size 16x16
            RenderRubyRun (anonymous) at (1685,80) size 24x16
              RenderRubyText {RT} at (-7,0) size 14x16
                RenderText {#text} at (2,3) size 9x10
                  text run at (2,3) width 9: "\x{3044}"
              RenderRubyBase (anonymous) at (0,0) size 24x16
                RenderInline {RB} at (0,0) size 16x16
                  RenderText {#text} at (4,0) size 16x16
                    text run at (4,0) width 16: "\x{5165}"
          RenderText {#text} at (1689,96) size 16x48
            text run at (1689,96) width 48: "\x{3063}\x{3066}\x{3001}"
          RenderRuby (inline) {RUBY} at (0,0) size 16x19
            RenderRubyRun (anonymous) at (1685,140) size 24x27
              RenderRubyText {RT} at (-7,0) size 14x27
                RenderText {#text} at (2,0) size 9x27
                  text run at (2,0) width 27: "\x{305F}\x{3060}\x{3088}"
              RenderRubyBase (anonymous) at (0,0) size 24x27
                RenderInline {RB} at (0,0) size 16x17
                  RenderText {#text} at (4,5) size 16x17
                    text run at (4,5) width 16: "\x{6F02}"
          RenderText {#text} at (1689,163) size 41x499
            text run at (1689,163) width 336: "\x{3046}\x{3066}\x{3044}\x{308B}\x{3046}\x{3061}\x{306B}\x{5F62}\x{306F}\x{6D88}\x{3048}\x{3066}\x{306A}\x{304F}\x{306A}\x{3063}\x{3066}\x{3001}\x{305F}\x{3060}\x{58F0}"
            text run at (1714,0) width 80: "\x{3060}\x{3051}\x{304C}\x{7A7A}\x{306E}"
          RenderRuby (inline) {RUBY} at (0,0) size 16x16
            RenderRubyRun (anonymous) at (1710,79) size 24x18
              RenderRubyText {RT} at (-7,0) size 14x18
                RenderText {#text} at (2,0) size 9x18
                  text run at (2,0) width 18: "\x{3046}\x{3061}"
              RenderRubyBase (anonymous) at (0,0) size 24x18
                RenderInline {RB} at (0,0) size 16x16
                  RenderText {#text} at (4,1) size 16x16
                    text run at (4,1) width 16: "\x{88E1}"
          RenderText {#text} at (1714,96) size 16x176
            text run at (1714,96) width 176: "\x{306B}\x{6B8B}\x{308B}\x{306E}\x{304B}\x{3082}\x{77E5}\x{308C}\x{306A}\x{3044}\x{3002}"
          RenderBR {BR} at (1714,272) size 16x0
          RenderText {#text} at (1739,0) size 16x16
            text run at (1739,0) width 16: "\x{3000}"
          RenderRuby (inline) {RUBY} at (0,0) size 16x34
            RenderRubyRun (anonymous) at (1735,15) size 24x36
              RenderRubyText {RT} at (-7,0) size 14x36
                RenderText {#text} at (2,0) size 9x36
                  text run at (2,0) width 36: "\x{3044}\x{308F}\x{304B}\x{3069}"
              RenderRubyBase (anonymous) at (0,0) size 24x36
                RenderInline {RB} at (0,0) size 16x34
                  RenderText {#text} at (4,1) size 16x34
                    text run at (4,1) width 34: "\x{5DCC}\x{89D2}"
          RenderText {#text} at (1739,50) size 16x128
            text run at (1739,50) width 128: "\x{3092}\x{92ED}\x{3069}\x{304F}\x{5EFB}\x{3063}\x{3066}\x{3001}"
          RenderRuby (inline) {RUBY} at (0,0) size 16x32
            RenderRubyRun (anonymous) at (1735,178) size 24x32
              RenderRubyText {RT} at (-7,0) size 14x32
                RenderText {#text} at (2,0) size 9x31
                  text run at (2,0) width 30: "\x{3042}\x{3093}\x{307E}"
              RenderRubyBase (anonymous) at (0,0) size 24x32
                RenderInline {RB} at (0,0) size 16x32
                  RenderText {#text} at (4,0) size 16x32
                    text run at (4,0) width 32: "\x{6309}\x{6469}"
          RenderText {#text} at (1739,210) size 16x32
            text run at (1739,210) width 32: "\x{306A}\x{3089}"
          RenderRuby (inline) {RUBY} at (0,0) size 16x52
            RenderRubyRun (anonymous) at (1735,241) size 24x54
              RenderRubyText {RT} at (-7,0) size 14x54
                RenderText {#text} at (2,0) size 9x54
                  text run at (2,0) width 54: "\x{307E}\x{3063}\x{3055}\x{304B}\x{3055}\x{307E}"
              RenderRubyBase (anonymous) at (0,0) size 24x54
                RenderInline {RB} at (0,0) size 16x52
                  RenderText {#text} at (4,1) size 16x52
                    text run at (4,1) width 52: "\x{771F}\x{9006}\x{69D8}"
          RenderText {#text} at (1739,294) size 16x144
            text run at (1739,294) width 144: "\x{306B}\x{843D}\x{3064}\x{308B}\x{3068}\x{3053}\x{308D}\x{3092}\x{3001}"
          RenderRuby (inline) {RUBY} at (0,0) size 16x16
            RenderRubyRun (anonymous) at (1735,437) size 24x18
              RenderRubyText {RT} at (-7,0) size 14x18
                RenderText {#text} at (2,0) size 9x18
                  text run at (2,0) width 18: "\x{304D}\x{308F}"
              RenderRubyBase (anonymous) at (0,0) size 24x18
                RenderInline {RB} at (0,0) size 16x16
                  RenderText {#text} at (4,1) size 16x16
                    text run at (4,1) width 16: "\x{969B}"
          RenderText {#text} at (1739,454) size 41x502
            text run at (1739,454) width 48: "\x{3069}\x{304F}\x{53F3}"
            text run at (1764,0) width 112: "\x{3078}\x{5207}\x{308C}\x{3066}\x{3001}\x{6A2A}\x{306B}"
          RenderRuby (inline) {RUBY} at (0,0) size 16x32
            RenderRubyRun (anonymous) at (1760,112) size 24x32
              RenderRubyText {RT} at (-7,0) size 14x32
                RenderText {#text} at (2,0) size 9x31
                  text run at (2,0) width 30: "\x{307F}\x{304A}\x{308D}"
              RenderRubyBase (anonymous) at (0,0) size 24x32
                RenderInline {RB} at (0,0) size 16x32
                  RenderText {#text} at (4,0) size 16x32
                    text run at (4,0) width 32: "\x{898B}\x{4E0B}"
          RenderText {#text} at (1764,144) size 16x48
            text run at (1764,144) width 48: "\x{3059}\x{3068}\x{3001}"
          RenderRuby (inline) {RUBY} at (0,0) size 16x16
            RenderRubyRun (anonymous) at (1760,192) size 24x16
              RenderRubyText {RT} at (-7,0) size 14x16
                RenderText {#text} at (2,3) size 9x10
                  text run at (2,3) width 9: "\x{306A}"
              RenderRubyBase (anonymous) at (0,0) size 24x16
                RenderInline {RB} at (0,0) size 16x16
                  RenderText {#text} at (4,0) size 16x16
                    text run at (4,0) width 16: "\x{83DC}"
          RenderText {#text} at (1764,208) size 41x496
            text run at (1764,208) width 288: "\x{306E}\x{82B1}\x{304C}\x{4E00}\x{9762}\x{306B}\x{898B}\x{3048}\x{308B}\x{3002}\x{96F2}\x{96C0}\x{306F}\x{3042}\x{3059}\x{3053}\x{3078}\x{843D}"
            text run at (1789,0) width 240: "\x{3061}\x{308B}\x{306E}\x{304B}\x{3068}\x{601D}\x{3063}\x{305F}\x{3002}\x{3044}\x{3044}\x{3084}\x{3001}\x{3042}\x{306E}"
          RenderRuby (inline) {RUBY} at (0,0) size 16x32
            RenderRubyRun (anonymous) at (1785,240) size 24x32
              RenderRubyText {RT} at (-7,0) size 14x32
                RenderText {#text} at (2,0) size 9x31
                  text run at (2,0) width 30: "\x{3053}\x{304C}\x{306D}"
              RenderRubyBase (anonymous) at (0,0) size 24x32
                RenderInline {RB} at (0,0) size 16x32
                  RenderText {#text} at (4,0) size 16x32
                    text run at (4,0) width 32: "\x{9EC4}\x{91D1}"
          RenderText {#text} at (1789,272) size 41x496
            text run at (1789,272) width 224: "\x{306E}\x{539F}\x{304B}\x{3089}\x{98DB}\x{3073}\x{4E0A}\x{304C}\x{3063}\x{3066}\x{304F}\x{308B}\x{306E}\x{304B}"
            text run at (1814,0) width 240: "\x{3068}\x{601D}\x{3063}\x{305F}\x{3002}\x{6B21}\x{306B}\x{306F}\x{843D}\x{3061}\x{308B}\x{96F2}\x{96C0}\x{3068}\x{3001}"
          RenderRuby (inline) {RUBY} at (0,0) size 16x16
            RenderRubyRun (anonymous) at (1810,239) size 24x18
              RenderRubyText {RT} at (-7,0) size 14x18
                RenderText {#text} at (2,0) size 9x18
                  text run at (2,0) width 18: "\x{3042}\x{304C}"
              RenderRubyBase (anonymous) at (0,0) size 24x18
                RenderInline {RB} at (0,0) size 16x16
                  RenderText {#text} at (4,1) size 16x16
                    text run at (4,1) width 16: "\x{4E0A}"
          RenderText {#text} at (1814,256) size 16x16
            text run at (1814,256) width 16: "\x{308B}"
          RenderRuby (inline) {RUBY} at (0,0) size 16x32
            RenderRubyRun (anonymous) at (1810,272) size 24x32
              RenderRubyText {RT} at (-7,0) size 14x32
                RenderText {#text} at (2,0) size 9x31
                  text run at (2,0) width 30: "\x{3072}\x{3070}\x{308A}"
              RenderRubyBase (anonymous) at (0,0) size 24x32
                RenderInline {RB} at (0,0) size 16x32
                  RenderText {#text} at (4,0) size 16x32
                    text run at (4,0) width 32: "\x{96F2}\x{96C0}"
          RenderText {#text} at (1814,304) size 41x496
            text run at (1814,304) width 192: "\x{304C}\x{5341}\x{6587}\x{5B57}\x{306B}\x{3059}\x{308C}\x{9055}\x{3046}\x{306E}\x{304B}\x{3068}"
            text run at (1839,0) width 400: "\x{601D}\x{3063}\x{305F}\x{3002}\x{6700}\x{5F8C}\x{306B}\x{3001}\x{843D}\x{3061}\x{308B}\x{6642}\x{3082}\x{3001}\x{4E0A}\x{308B}\x{6642}\x{3082}\x{3001}\x{307E}\x{305F}\x{5341}\x{6587}\x{5B57}\x{306B}"
          RenderRuby (inline) {RUBY} at (0,0) size 16x16
            RenderRubyRun (anonymous) at (1835,400) size 24x16
              RenderRubyText {RT} at (-7,0) size 14x16
                RenderText {#text} at (2,3) size 9x10
                  text run at (2,3) width 9: "\x{3059}"
              RenderRubyBase (anonymous) at (0,0) size 24x16
                RenderInline {RB} at (0,0) size 16x16
                  RenderText {#text} at (4,0) size 16x16
                    text run at (4,0) width 16: "\x{64E6}"
          RenderText {#text} at (1839,416) size 40x496
            text run at (1839,416) width 80: "\x{308C}\x{9055}\x{3046}\x{3068}\x{304D}"
            text run at (1863,0) width 320: "\x{306B}\x{3082}\x{5143}\x{6C17}\x{3088}\x{304F}\x{9CF4}\x{304D}\x{3064}\x{3065}\x{3051}\x{308B}\x{3060}\x{308D}\x{3046}\x{3068}\x{601D}\x{3063}\x{305F}\x{3002}"
          RenderBR {BR} at (1863,320) size 16x0
          RenderText {#text} at (1888,0) size 16x192
            text run at (1888,0) width 192: "\x{3000}\x{6625}\x{306F}\x{7720}\x{304F}\x{306A}\x{308B}\x{3002}\x{732B}\x{306F}\x{9F20}\x{3092}"
          RenderRuby (inline) {RUBY} at (0,0) size 16x16
            RenderRubyRun (anonymous) at (1884,192) size 24x16
              RenderRubyText {RT} at (-7,0) size 14x16
                RenderText {#text} at (2,3) size 9x10
                  text run at (2,3) width 9: "\x{3068}"
              RenderRubyBase (anonymous) at (0,0) size 24x16
                RenderInline {RB} at (0,0) size 16x16
                  RenderText {#text} at (4,0) size 16x16
                    text run at (4,0) width 16: "\x{6355}"
          RenderText {#text} at (1888,208) size 41x496
            text run at (1888,208) width 288: "\x{308B}\x{4E8B}\x{3092}\x{5FD8}\x{308C}\x{3001}\x{4EBA}\x{9593}\x{306F}\x{501F}\x{91D1}\x{306E}\x{3042}\x{308B}\x{4E8B}\x{3092}\x{5FD8}\x{308C}"
            text run at (1913,0) width 128: "\x{308B}\x{3002}\x{6642}\x{306B}\x{306F}\x{81EA}\x{5206}\x{306E}"
          RenderRuby (inline) {RUBY} at (0,0) size 16x28
            RenderRubyRun (anonymous) at (1909,124) size 24x36
              RenderRubyText {RT} at (-7,0) size 14x36
                RenderText {#text} at (2,0) size 9x36
                  text run at (2,0) width 36: "\x{305F}\x{307E}\x{3057}\x{3044}"
              RenderRubyBase (anonymous) at (0,0) size 24x36
                RenderInline {RB} at (0,0) size 16x16
                  RenderText {#text} at (4,10) size 16x16
                    text run at (4,10) width 16: "\x{9B42}"
          RenderText {#text} at (1913,156) size 16x16
            text run at (1913,156) width 16: "\x{306E}"
          RenderRuby (inline) {RUBY} at (0,0) size 16x34
            RenderRubyRun (anonymous) at (1909,171) size 24x36
              RenderRubyText {RT} at (-7,0) size 14x36
                RenderText {#text} at (2,0) size 9x36
                  text run at (2,0) width 36: "\x{3044}\x{3069}\x{3053}\x{308D}"
              RenderRubyBase (anonymous) at (0,0) size 24x36
                RenderInline {RB} at (0,0) size 16x34
                  RenderText {#text} at (4,1) size 16x34
                    text run at (4,1) width 34: "\x{5C45}\x{6240}"
          RenderText {#text} at (1913,206) size 41x494
            text run at (1913,206) width 288: "\x{3055}\x{3048}\x{5FD8}\x{308C}\x{3066}\x{6B63}\x{4F53}\x{306A}\x{304F}\x{306A}\x{308B}\x{3002}\x{305F}\x{3060}\x{83DC}\x{306E}\x{82B1}\x{3092}"
            text run at (1938,0) width 160: "\x{9060}\x{304F}\x{671B}\x{3093}\x{3060}\x{3068}\x{304D}\x{306B}\x{773C}\x{304C}"
          RenderRuby (inline) {RUBY} at (0,0) size 16x16
            RenderRubyRun (anonymous) at (1934,160) size 24x16
              RenderRubyText {RT} at (-7,0) size 14x16
                RenderText {#text} at (2,3) size 9x10
                  text run at (2,3) width 9: "\x{3055}"
              RenderRubyBase (anonymous) at (0,0) size 24x16
                RenderInline {RB} at (0,0) size 16x16
                  RenderText {#text} at (4,0) size 16x16
                    text run at (4,0) width 16: "\x{9192}"
          RenderText {#text} at (1938,176) size 16x320
            text run at (1938,176) width 320: "\x{3081}\x{308B}\x{3002}\x{96F2}\x{96C0}\x{306E}\x{58F0}\x{3092}\x{805E}\x{3044}\x{305F}\x{3068}\x{304D}\x{306B}\x{9B42}\x{306E}\x{3042}\x{308A}\x{304B}\x{304C}"
          RenderRuby (inline) {RUBY} at (0,0) size 16x35
            RenderRubyRun (anonymous) at (1959,0) size 24x36
              RenderRubyText {RT} at (-7,0) size 14x36
                RenderText {#text} at (2,0) size 9x36
                  text run at (2,0) width 36: "\x{306F}\x{3093}\x{305C}\x{3093}"
              RenderRubyBase (anonymous) at (0,0) size 24x36
                RenderInline {RB} at (0,0) size 16x34
                  RenderText {#text} at (4,1) size 16x34
                    text run at (4,1) width 34: "\x{5224}\x{7136}"
          RenderText {#text} at (1963,35) size 64x499
            text run at (1963,35) width 464: "\x{3059}\x{308B}\x{3002}\x{96F2}\x{96C0}\x{306E}\x{9CF4}\x{304F}\x{306E}\x{306F}\x{53E3}\x{3067}\x{9CF4}\x{304F}\x{306E}\x{3067}\x{306F}\x{306A}\x{3044}\x{3001}\x{9B42}\x{5168}\x{4F53}\x{304C}\x{9CF4}\x{304F}\x{306E}\x{3060}\x{3002}"
            text run at (1987,0) width 496: "\x{9B42}\x{306E}\x{6D3B}\x{52D5}\x{304C}\x{58F0}\x{306B}\x{3042}\x{3089}\x{308F}\x{308C}\x{305F}\x{3082}\x{306E}\x{306E}\x{3046}\x{3061}\x{3067}\x{3001}\x{3042}\x{308C}\x{307B}\x{3069}\x{5143}\x{6C17}\x{306E}\x{3042}\x{308B}\x{3082}\x{306E}\x{306F}"
            text run at (2011,0) width 464: "\x{306A}\x{3044}\x{3002}\x{3042}\x{3042}\x{6109}\x{5FEB}\x{3060}\x{3002}\x{3053}\x{3046}\x{601D}\x{3063}\x{3066}\x{3001}\x{3053}\x{3046}\x{6109}\x{5FEB}\x{306B}\x{306A}\x{308B}\x{306E}\x{304C}\x{8A69}\x{3067}\x{3042}\x{308B}\x{3002}"
          RenderBR {BR} at (2011,464) size 16x0
          RenderText {#text} at (2035,0) size 41x496
            text run at (2035,0) width 496: "\x{3000}\x{305F}\x{3061}\x{307E}\x{3061}\x{30B7}\x{30A7}\x{30EC}\x{30FC}\x{306E}\x{96F2}\x{96C0}\x{306E}\x{8A69}\x{3092}\x{601D}\x{3044}\x{51FA}\x{3057}\x{3066}\x{3001}\x{53E3}\x{306E}\x{3046}\x{3061}\x{3067}\x{899A}\x{3048}\x{305F}\x{3068}\x{3053}"
            text run at (2060,0) width 48: "\x{308D}\x{3060}\x{3051}"
          RenderRuby (inline) {RUBY} at (0,0) size 16x39
            RenderRubyRun (anonymous) at (2056,45) size 24x45
              RenderRubyText {RT} at (-7,0) size 14x45
                RenderText {#text} at (2,0) size 9x45
                  text run at (2,0) width 45: "\x{3042}\x{3093}\x{3057}\x{3087}\x{3046}"
              RenderRubyBase (anonymous) at (0,0) size 24x45
                RenderInline {RB} at (0,0) size 16x39
                  RenderText {#text} at (4,3) size 16x39
                    text run at (4,3) width 38: "\x{6697}\x{8AA6}"
          RenderText {#text} at (2060,87) size 40x503
            text run at (2060,87) width 416: "\x{3057}\x{3066}\x{898B}\x{305F}\x{304C}\x{3001}\x{899A}\x{3048}\x{3066}\x{3044}\x{308B}\x{3068}\x{3053}\x{308D}\x{306F}\x{4E8C}\x{4E09}\x{53E5}\x{3057}\x{304B}\x{306A}\x{304B}\x{3063}\x{305F}\x{3002}\x{305D}"
            text run at (2084,0) width 256: "\x{306E}\x{4E8C}\x{4E09}\x{53E5}\x{306E}\x{306A}\x{304B}\x{306B}\x{3053}\x{3093}\x{306A}\x{306E}\x{304C}\x{3042}\x{308B}\x{3002}"
          RenderBR {BR} at (2084,256) size 16x0
        RenderBlock {DIV} at (2104,32) size 112x472
          RenderText {#text} at (4,0) size 16x191
            text run at (4,0) width 191: "\x{3000}\x{3000}We look before and after"
          RenderBR {BR} at (4,190) size 16x1
          RenderText {#text} at (28,0) size 16x225
            text run at (28,0) width 225: "\x{3000}\x{3000}\x{3000}\x{3000}And pine for what is not:"
          RenderBR {BR} at (28,224) size 16x1
          RenderText {#text} at (52,0) size 16x174
            text run at (52,0) width 174: "\x{3000}\x{3000}Our sincerest laughter"
          RenderBR {BR} at (52,173) size 16x1
          RenderText {#text} at (76,0) size 16x234
            text run at (76,0) width 234: "\x{3000}\x{3000}\x{3000}\x{3000}With some pain is fraught;"
          RenderBR {BR} at (76,234) size 16x0
          RenderText {#text} at (96,0) size 16x363
            text run at (96,0) width 363: "Our sweetest songs are those that tell of saddest thought."
          RenderBR {BR} at (96,362) size 16x1
        RenderBlock (anonymous) at (2216,0) size 1586x504
          RenderText {#text} at (9,0) size 16x112
            text run at (9,0) width 112: "\x{300C}\x{524D}\x{3092}\x{307F}\x{3066}\x{306F}\x{3001}"
          RenderRuby (inline) {RUBY} at (0,0) size 16x16
            RenderRubyRun (anonymous) at (5,111) size 24x18
              RenderRubyText {RT} at (-7,0) size 14x18
                RenderText {#text} at (2,0) size 9x18
                  text run at (2,0) width 18: "\x{3057}\x{308A}"
              RenderRubyBase (anonymous) at (0,0) size 24x18
                RenderInline {RB} at (0,0) size 16x16
                  RenderText {#text} at (4,1) size 16x16
                    text run at (4,1) width 16: "\x{5F8C}"
          RenderText {#text} at (9,128) size 16x96
            text run at (9,128) width 96: "\x{3048}\x{3092}\x{898B}\x{3066}\x{306F}\x{3001}"
          RenderRuby (inline) {RUBY} at (0,0) size 16x32
            RenderRubyRun (anonymous) at (5,224) size 24x32
              RenderRubyText {RT} at (-7,0) size 14x32
                RenderText {#text} at (2,0) size 9x31
                  text run at (2,0) width 30: "\x{3082}\x{306E}\x{307B}"
              RenderRubyBase (anonymous) at (0,0) size 24x32
                RenderInline {RB} at (0,0) size 16x32
                  RenderText {#text} at (4,0) size 16x32
                    text run at (4,0) width 32: "\x{7269}\x{6B32}"
          RenderText {#text} at (9,256) size 41x496
            text run at (9,256) width 240: "\x{3057}\x{3068}\x{3001}\x{3042}\x{3053}\x{304C}\x{308B}\x{308B}\x{304B}\x{306A}\x{308F}\x{308C}\x{3002}\x{8179}\x{304B}"
            text run at (34,0) width 448: "\x{3089}\x{306E}\x{3001}\x{7B11}\x{3068}\x{3044}\x{3048}\x{3069}\x{3001}\x{82E6}\x{3057}\x{307F}\x{306E}\x{3001}\x{305D}\x{3053}\x{306B}\x{3042}\x{308B}\x{3079}\x{3057}\x{3002}\x{3046}\x{3064}\x{304F}\x{3057}\x{304D}\x{3001}"
          RenderRuby (inline) {RUBY} at (0,0) size 16x16
            RenderRubyRun (anonymous) at (30,447) size 24x18
              RenderRubyText {RT} at (-7,0) size 14x18
                RenderText {#text} at (2,0) size 9x18
                  text run at (2,0) width 18: "\x{304D}\x{308F}"
              RenderRubyBase (anonymous) at (0,0) size 24x18
                RenderInline {RB} at (0,0) size 16x16
                  RenderText {#text} at (4,1) size 16x16
                    text run at (4,1) width 16: "\x{6975}"
          RenderText {#text} at (34,464) size 41x496
            text run at (34,464) width 32: "\x{307F}\x{306E}"
            text run at (59,0) width 176: "\x{6B4C}\x{306B}\x{3001}\x{60B2}\x{3057}\x{3055}\x{306E}\x{3001}\x{6975}\x{307F}\x{306E}"
          RenderRuby (inline) {RUBY} at (0,0) size 16x19
            RenderRubyRun (anonymous) at (55,172) size 24x27
              RenderRubyText {RT} at (-7,0) size 14x27
                RenderText {#text} at (2,0) size 9x27
                  text run at (2,0) width 27: "\x{304A}\x{3082}\x{3044}"
              RenderRubyBase (anonymous) at (0,0) size 24x27
                RenderInline {RB} at (0,0) size 16x17
                  RenderText {#text} at (4,5) size 16x17
                    text run at (4,5) width 16: "\x{60F3}"
          RenderText {#text} at (59,195) size 16x16
            text run at (59,195) width 16: "\x{3001}"
          RenderRuby (inline) {RUBY} at (0,0) size 16x16
            RenderRubyRun (anonymous) at (55,210) size 24x18
              RenderRubyText {RT} at (-7,0) size 14x18
                RenderText {#text} at (2,0) size 9x18
                  text run at (2,0) width 18: "\x{3053}\x{3082}"
              RenderRubyBase (anonymous) at (0,0) size 24x18
                RenderInline {RB} at (0,0) size 16x16
                  RenderText {#text} at (4,1) size 16x16
                    text run at (4,1) width 16: "\x{7C60}"
          RenderText {#text} at (59,227) size 16x96
            text run at (59,227) width 96: "\x{308B}\x{3068}\x{305E}\x{77E5}\x{308C}\x{300D}"
          RenderBR {BR} at (59,323) size 16x0
          RenderText {#text} at (83,0) size 41x496
            text run at (83,0) width 496: "\x{3000}\x{306A}\x{308B}\x{307B}\x{3069}\x{3044}\x{304F}\x{3089}\x{8A69}\x{4EBA}\x{304C}\x{5E78}\x{798F}\x{3067}\x{3082}\x{3001}\x{3042}\x{306E}\x{96F2}\x{96C0}\x{306E}\x{3088}\x{3046}\x{306B}\x{601D}\x{3044}\x{5207}\x{3063}\x{3066}\x{3001}\x{4E00}"
            text run at (108,0) width 320: "\x{5FC3}\x{4E0D}\x{4E71}\x{306B}\x{3001}\x{524D}\x{5F8C}\x{3092}\x{5FD8}\x{5374}\x{3057}\x{3066}\x{3001}\x{308F}\x{304C}\x{559C}\x{3073}\x{3092}\x{6B4C}\x{3046}"
          RenderRuby (inline) {RUBY} at (0,0) size 16x16
            RenderRubyRun (anonymous) at (104,319) size 24x18
              RenderRubyText {RT} at (-7,0) size 14x18
                RenderText {#text} at (2,0) size 9x18
                  text run at (2,0) width 18: "\x{308F}\x{3051}"
              RenderRubyBase (anonymous) at (0,0) size 24x18
                RenderInline {RB} at (0,0) size 16x16
                  RenderText {#text} at (4,1) size 16x16
                    text run at (4,1) width 16: "\x{8A33}"
          RenderText {#text} at (108,336) size 41x496
            text run at (108,336) width 160: "\x{306B}\x{306F}\x{884C}\x{304F}\x{307E}\x{3044}\x{3002}\x{897F}\x{6D0B}\x{306E}"
            text run at (133,0) width 256: "\x{8A69}\x{306F}\x{7121}\x{8AD6}\x{306E}\x{4E8B}\x{3001}\x{652F}\x{90A3}\x{306E}\x{8A69}\x{306B}\x{3082}\x{3001}\x{3088}\x{304F}"
          RenderRuby (inline) {RUBY} at (0,0) size 16x34
            RenderRubyRun (anonymous) at (129,255) size 24x36
              RenderRubyText {RT} at (-7,0) size 14x36
                RenderText {#text} at (2,0) size 9x36
                  text run at (2,0) width 36: "\x{3070}\x{3093}\x{3053}\x{304F}"
              RenderRubyBase (anonymous) at (0,0) size 24x36
                RenderInline {RB} at (0,0) size 16x34
                  RenderText {#text} at (4,1) size 16x34
                    text run at (4,1) width 34: "\x{4E07}\x{659B}"
          RenderText {#text} at (133,290) size 16x16
            text run at (133,290) width 16: "\x{306E}"
          RenderRuby (inline) {RUBY} at (0,0) size 16x19
            RenderRubyRun (anonymous) at (129,302) size 24x27
              RenderRubyText {RT} at (-7,0) size 14x27
                RenderText {#text} at (2,0) size 9x27
                  text run at (2,0) width 27: "\x{3046}\x{308C}\x{3044}"
              RenderRubyBase (anonymous) at (0,0) size 24x27
                RenderInline {RB} at (0,0) size 16x17
                  RenderText {#text} at (4,5) size 16x17
                    text run at (4,5) width 16: "\x{6101}"
          RenderText {#text} at (133,325) size 41x501
            text run at (133,325) width 176: "\x{306A}\x{3069}\x{3068}\x{4E91}\x{3046}\x{5B57}\x{304C}\x{3042}\x{308B}\x{3002}\x{8A69}"
            text run at (158,0) width 112: "\x{4EBA}\x{3060}\x{304B}\x{3089}\x{4E07}\x{659B}\x{3067}"
          RenderRuby (inline) {RUBY} at (0,0) size 16x34
            RenderRubyRun (anonymous) at (154,111) size 24x36
              RenderRubyText {RT} at (-7,0) size 14x36
                RenderText {#text} at (2,0) size 9x36
                  text run at (2,0) width 36: "\x{3057}\x{308D}\x{3046}\x{3068}"
              RenderRubyBase (anonymous) at (0,0) size 24x36
                RenderInline {RB} at (0,0) size 16x34
                  RenderText {#text} at (4,1) size 16x34
                    text run at (4,1) width 34: "\x{7D20}\x{4EBA}"
          RenderText {#text} at (158,146) size 16x48
            text run at (158,146) width 48: "\x{306A}\x{3089}\x{4E00}"
          RenderRuby (inline) {RUBY} at (0,0) size 16x16
            RenderRubyRun (anonymous) at (154,193) size 24x18
              RenderRubyText {RT} at (-7,0) size 14x18
                RenderText {#text} at (2,0) size 9x18
                  text run at (2,0) width 18: "\x{3054}\x{3046}"
              RenderRubyBase (anonymous) at (0,0) size 24x18
                RenderInline {RB} at (0,0) size 16x16
                  RenderText {#text} at (4,1) size 16x16
                    text run at (4,1) width 16: "\x{5408}"
          RenderText {#text} at (158,210) size 41x498
            text run at (158,210) width 288: "\x{3067}\x{6E08}\x{3080}\x{304B}\x{3082}\x{77E5}\x{308C}\x{306C}\x{3002}\x{3057}\x{3066}\x{898B}\x{308B}\x{3068}\x{8A69}\x{4EBA}\x{306F}\x{5E38}"
            text run at (183,0) width 160: "\x{306E}\x{4EBA}\x{3088}\x{308A}\x{3082}\x{82E6}\x{52B4}\x{6027}\x{3067}\x{3001}"
          RenderRuby (inline) {RUBY} at (0,0) size 16x34
            RenderRubyRun (anonymous) at (179,159) size 24x36
              RenderRubyText {RT} at (-7,0) size 14x36
                RenderText {#text} at (2,0) size 9x36
                  text run at (2,0) width 36: "\x{307C}\x{3093}\x{3053}\x{3064}"
              RenderRubyBase (anonymous) at (0,0) size 24x36
                RenderInline {RB} at (0,0) size 16x34
                  RenderText {#text} at (4,1) size 16x34
                    text run at (4,1) width 34: "\x{51E1}\x{9AA8}"
          RenderText {#text} at (183,194) size 41x498
            text run at (183,194) width 304: "\x{306E}\x{500D}\x{4EE5}\x{4E0A}\x{306B}\x{795E}\x{7D4C}\x{304C}\x{92ED}\x{654F}\x{306A}\x{306E}\x{304B}\x{3082}\x{77E5}\x{308C}\x{3093}\x{3002}\x{8D85}"
            text run at (208,0) width 208: "\x{4FD7}\x{306E}\x{559C}\x{3073}\x{3082}\x{3042}\x{308D}\x{3046}\x{304C}\x{3001}\x{7121}\x{91CF}\x{306E}"
          RenderRuby (inline) {RUBY} at (0,0) size 16x28
            RenderRubyRun (anonymous) at (204,204) size 24x36
              RenderRubyText {RT} at (-7,0) size 14x36
                RenderText {#text} at (2,0) size 9x36
                  text run at (2,0) width 36: "\x{304B}\x{306A}\x{3057}\x{307F}"
              RenderRubyBase (anonymous) at (0,0) size 24x36
                RenderInline {RB} at (0,0) size 16x16
                  RenderText {#text} at (4,10) size 16x16
                    text run at (4,10) width 16: "\x{60B2}"
          RenderText {#text} at (208,236) size 40x492
            text run at (208,236) width 256: "\x{3082}\x{591A}\x{304B}\x{308D}\x{3046}\x{3002}\x{305D}\x{3093}\x{306A}\x{3089}\x{3070}\x{8A69}\x{4EBA}\x{306B}\x{306A}\x{308B}"
            text run at (232,0) width 112: "\x{306E}\x{3082}\x{8003}\x{3048}\x{7269}\x{3060}\x{3002}"
          RenderBR {BR} at (232,112) size 16x0
          RenderText {#text} at (257,0) size 16x128
            text run at (257,0) width 128: "\x{3000}\x{3057}\x{3070}\x{3089}\x{304F}\x{306F}\x{8DEF}\x{304C}"
          RenderRuby (inline) {RUBY} at (0,0) size 16x19
            RenderRubyRun (anonymous) at (253,124) size 24x27
              RenderRubyText {RT} at (-7,0) size 14x27
                RenderText {#text} at (2,0) size 9x27
                  text run at (2,0) width 27: "\x{305F}\x{3044}\x{3089}"
              RenderRubyBase (anonymous) at (0,0) size 24x27
                RenderInline {RB} at (0,0) size 16x17
                  RenderText {#text} at (4,5) size 16x17
                    text run at (4,5) width 16: "\x{5E73}"
          RenderText {#text} at (257,147) size 16x64
            text run at (257,147) width 64: "\x{3067}\x{3001}\x{53F3}\x{306F}"
          RenderRuby (inline) {RUBY} at (0,0) size 16x48
            RenderRubyRun (anonymous) at (253,211) size 24x48
              RenderRubyText {RT} at (-7,0) size 14x48
                RenderText {#text} at (2,0) size 9x48
                  text run at (2,0) width 47: "\x{305E}\x{3046}\x{304D}\x{3084}\x{307E}"
              RenderRubyBase (anonymous) at (0,0) size 24x48
                RenderInline {RB} at (0,0) size 16x48
                  RenderText {#text} at (4,0) size 16x48
                    text run at (4,0) width 48: "\x{96D1}\x{6728}\x{5C71}"
          RenderText {#text} at (257,259) size 41x499
            text run at (257,259) width 240: "\x{3001}\x{5DE6}\x{306F}\x{83DC}\x{306E}\x{82B1}\x{306E}\x{898B}\x{3064}\x{3065}\x{3051}\x{3067}\x{3042}\x{308B}\x{3002}"
            text run at (282,0) width 96: "\x{8DB3}\x{306E}\x{4E0B}\x{306B}\x{6642}\x{3005}"
          RenderRuby (inline) {RUBY} at (0,0) size 16x48
            RenderRubyRun (anonymous) at (278,96) size 24x48
              RenderRubyText {RT} at (-7,0) size 14x48
                RenderText {#text} at (2,1) size 9x46
                  text run at (2,1) width 45: "\x{305F}\x{3093}\x{307D}\x{307D}"
              RenderRubyBase (anonymous) at (0,0) size 24x48
                RenderInline {RB} at (0,0) size 16x48
                  RenderText {#text} at (4,0) size 16x48
                    text run at (4,0) width 48: "\x{84B2}\x{516C}\x{82F1}"
          RenderText {#text} at (282,144) size 16x112
            text run at (282,144) width 112: "\x{3092}\x{8E0F}\x{307F}\x{3064}\x{3051}\x{308B}\x{3002}"
          RenderRuby (inline) {RUBY} at (0,0) size 16x28
            RenderRubyRun (anonymous) at (278,252) size 24x36
              RenderRubyText {RT} at (-7,0) size 14x36
                RenderText {#text} at (2,0) size 9x36
                  text run at (2,0) width 36: "\x{306E}\x{3053}\x{304E}\x{308A}"
              RenderRubyBase (anonymous) at (0,0) size 24x36
                RenderInline {RB} at (0,0) size 16x16
                  RenderText {#text} at (4,10) size 16x16
                    text run at (4,10) width 16: "\x{92F8}"
          RenderText {#text} at (282,284) size 41x492
            text run at (282,284) width 208: "\x{306E}\x{3088}\x{3046}\x{306A}\x{8449}\x{304C}\x{9060}\x{616E}\x{306A}\x{304F}\x{56DB}\x{65B9}\x{3078}"
            text run at (307,0) width 144: "\x{306E}\x{3057}\x{3066}\x{771F}\x{4E2D}\x{306B}\x{9EC4}\x{8272}\x{306A}"
          RenderRuby (inline) {RUBY} at (0,0) size 16x16
            RenderRubyRun (anonymous) at (303,143) size 24x18
              RenderRubyText {RT} at (-7,0) size 14x18
                RenderText {#text} at (2,0) size 9x18
                  text run at (2,0) width 18: "\x{305F}\x{307E}"
              RenderRubyBase (anonymous) at (0,0) size 24x18
                RenderInline {RB} at (0,0) size 16x16
                  RenderText {#text} at (4,1) size 16x16
                    text run at (4,1) width 16: "\x{73E0}"
          RenderText {#text} at (307,160) size 65x496
            text run at (307,160) width 336: "\x{3092}\x{64C1}\x{8B77}\x{3057}\x{3066}\x{3044}\x{308B}\x{3002}\x{83DC}\x{306E}\x{82B1}\x{306B}\x{6C17}\x{3092}\x{3068}\x{3089}\x{308C}\x{3066}\x{3001}\x{8E0F}\x{307F}"
            text run at (331,0) width 496: "\x{3064}\x{3051}\x{305F}\x{3042}\x{3068}\x{3067}\x{3001}\x{6C17}\x{306E}\x{6BD2}\x{306A}\x{4E8B}\x{3092}\x{3057}\x{305F}\x{3068}\x{3001}\x{632F}\x{308A}\x{5411}\x{3044}\x{3066}\x{898B}\x{308B}\x{3068}\x{3001}\x{9EC4}\x{8272}\x{306A}\x{73E0}\x{306F}"
            text run at (356,0) width 160: "\x{4F9D}\x{7136}\x{3068}\x{3057}\x{3066}\x{92F8}\x{306E}\x{306A}\x{304B}\x{306B}"
          RenderRuby (inline) {RUBY} at (0,0) size 16x32
            RenderRubyRun (anonymous) at (352,160) size 24x32
              RenderRubyText {RT} at (-7,0) size 14x32
                RenderText {#text} at (2,0) size 9x31
                  text run at (2,0) width 30: "\x{3061}\x{3093}\x{3056}"
              RenderRubyBase (anonymous) at (0,0) size 24x32
                RenderInline {RB} at (0,0) size 16x32
                  RenderText {#text} at (4,0) size 16x32
                    text run at (4,0) width 32: "\x{93AE}\x{5EA7}"
          RenderText {#text} at (356,192) size 16x80
            text run at (356,192) width 80: "\x{3057}\x{3066}\x{3044}\x{308B}\x{3002}"
          RenderRuby (inline) {RUBY} at (0,0) size 16x32
            RenderRubyRun (anonymous) at (352,272) size 24x32
              RenderRubyText {RT} at (-7,0) size 14x32
                RenderText {#text} at (2,0) size 9x31
                  text run at (2,0) width 30: "\x{306E}\x{3093}\x{304D}"
              RenderRubyBase (anonymous) at (0,0) size 24x32
                RenderInline {RB} at (0,0) size 16x32
                  RenderText {#text} at (4,0) size 16x32
                    text run at (4,0) width 32: "\x{5451}\x{6C17}"
          RenderText {#text} at (356,304) size 40x496
            text run at (356,304) width 192: "\x{306A}\x{3082}\x{306E}\x{3060}\x{3002}\x{307E}\x{305F}\x{8003}\x{3048}\x{3092}\x{3064}\x{3065}"
            text run at (380,0) width 48: "\x{3051}\x{308B}\x{3002}"
          RenderBR {BR} at (380,48) size 16x0
          RenderText {#text} at (405,0) size 16x64
            text run at (405,0) width 64: "\x{3000}\x{8A69}\x{4EBA}\x{306B}"
          RenderRuby (inline) {RUBY} at (0,0) size 16x19
            RenderRubyRun (anonymous) at (401,60) size 24x27
              RenderRubyText {RT} at (-7,0) size 14x27
                RenderText {#text} at (2,0) size 9x27
                  text run at (2,0) width 27: "\x{3046}\x{308C}\x{3044}"
              RenderRubyBase (anonymous) at (0,0) size 24x27
                RenderInline {RB} at (0,0) size 16x17
                  RenderText {#text} at (4,5) size 16x17
                    text run at (4,5) width 16: "\x{6182}"
          RenderText {#text} at (405,83) size 16x240
            text run at (405,83) width 240: "\x{306F}\x{3064}\x{304D}\x{3082}\x{306E}\x{304B}\x{3082}\x{77E5}\x{308C}\x{306A}\x{3044}\x{304C}\x{3001}\x{3042}\x{306E}"
          RenderRuby (inline) {RUBY} at (0,0) size 16x32
            RenderRubyRun (anonymous) at (401,323) size 24x32
              RenderRubyText {RT} at (-7,0) size 14x32
                RenderText {#text} at (2,0) size 9x31
                  text run at (2,0) width 30: "\x{3072}\x{3070}\x{308A}"
              RenderRubyBase (anonymous) at (0,0) size 24x32
                RenderInline {RB} at (0,0) size 16x32
                  RenderText {#text} at (4,0) size 16x32
                    text run at (4,0) width 32: "\x{96F2}\x{96C0}"
          RenderText {#text} at (405,355) size 16x144
            text run at (405,355) width 144: "\x{3092}\x{805E}\x{304F}\x{5FC3}\x{6301}\x{306B}\x{306A}\x{308C}\x{3070}"
          RenderRuby (inline) {RUBY} at (0,0) size 16x32
            RenderRubyRun (anonymous) at (426,0) size 24x32
              RenderRubyText {RT} at (-7,0) size 14x32
                RenderText {#text} at (2,0) size 9x31
                  text run at (2,0) width 30: "\x{307F}\x{3058}\x{3093}"
              RenderRubyBase (anonymous) at (0,0) size 24x32
                RenderInline {RB} at (0,0) size 16x32
                  RenderText {#text} at (4,0) size 16x32
                    text run at (4,0) width 32: "\x{5FAE}\x{5875}"
          RenderText {#text} at (430,32) size 16x16
            text run at (430,32) width 16: "\x{306E}"
          RenderRuby (inline) {RUBY} at (0,0) size 16x16
            RenderRubyRun (anonymous) at (426,48) size 24x16
              RenderRubyText {RT} at (-7,0) size 14x16
                RenderText {#text} at (2,3) size 9x10
                  text run at (2,3) width 9: "\x{304F}"
              RenderRubyBase (anonymous) at (0,0) size 24x16
                RenderInline {RB} at (0,0) size 16x16
                  RenderText {#text} at (4,0) size 16x16
                    text run at (4,0) width 16: "\x{82E6}"
          RenderText {#text} at (430,64) size 16x336
            text run at (430,64) width 336: "\x{3082}\x{306A}\x{3044}\x{3002}\x{83DC}\x{306E}\x{82B1}\x{3092}\x{898B}\x{3066}\x{3082}\x{3001}\x{305F}\x{3060}\x{3046}\x{308C}\x{3057}\x{304F}\x{3066}\x{80F8}\x{304C}"
          RenderRuby (inline) {RUBY} at (0,0) size 16x16
            RenderRubyRun (anonymous) at (426,399) size 24x18
              RenderRubyText {RT} at (-7,0) size 14x18
                RenderText {#text} at (2,0) size 9x18
                  text run at (2,0) width 18: "\x{304A}\x{3069}"
              RenderRubyBase (anonymous) at (0,0) size 24x18
                RenderInline {RB} at (0,0) size 16x16
                  RenderText {#text} at (4,1) size 16x16
                    text run at (4,1) width 16: "\x{8E8D}"
          RenderText {#text} at (430,416) size 65x496
            text run at (430,416) width 64: "\x{308B}\x{3070}\x{304B}\x{308A}"
            text run at (454,0) width 496: "\x{3060}\x{3002}\x{84B2}\x{516C}\x{82F1}\x{3082}\x{305D}\x{306E}\x{901A}\x{308A}\x{3001}\x{685C}\x{3082}\x{2015}\x{2015}\x{685C}\x{306F}\x{3044}\x{3064}\x{304B}\x{898B}\x{3048}\x{306A}\x{304F}\x{306A}\x{3063}\x{305F}\x{3002}\x{3053}\x{3046}\x{5C71}"
            text run at (479,0) width 128: "\x{306E}\x{4E2D}\x{3078}\x{6765}\x{3066}\x{81EA}\x{7136}\x{306E}"
          RenderRuby (inline) {RUBY} at (0,0) size 16x34
            RenderRubyRun (anonymous) at (475,127) size 24x36
              RenderRubyText {RT} at (-7,0) size 14x36
                RenderText {#text} at (2,0) size 9x36
                  text run at (2,0) width 36: "\x{3051}\x{3044}\x{3076}\x{3064}"
              RenderRubyBase (anonymous) at (0,0) size 24x36
                RenderInline {RB} at (0,0) size 16x34
                  RenderText {#text} at (4,1) size 16x34
                    text run at (4,1) width 34: "\x{666F}\x{7269}"
          RenderText {#text} at (479,162) size 41x498
            text run at (479,162) width 336: "\x{306B}\x{63A5}\x{3059}\x{308C}\x{3070}\x{3001}\x{898B}\x{308B}\x{3082}\x{306E}\x{3082}\x{805E}\x{304F}\x{3082}\x{306E}\x{3082}\x{9762}\x{767D}\x{3044}\x{3002}\x{9762}"
            text run at (504,0) width 384: "\x{767D}\x{3044}\x{3060}\x{3051}\x{3067}\x{5225}\x{6BB5}\x{306E}\x{82E6}\x{3057}\x{307F}\x{3082}\x{8D77}\x{3089}\x{306C}\x{3002}\x{8D77}\x{308B}\x{3068}\x{3059}\x{308C}\x{3070}\x{8DB3}\x{304C}"
          RenderRuby (inline) {RUBY} at (0,0) size 16x32
            RenderRubyRun (anonymous) at (500,384) size 24x32
              RenderRubyText {RT} at (-7,0) size 14x32
                RenderText {#text} at (2,0) size 9x31
                  text run at (2,0) width 30: "\x{304F}\x{305F}\x{3073}"
              RenderRubyBase (anonymous) at (0,0) size 24x32
                RenderInline {RB} at (0,0) size 16x32
                  RenderText {#text} at (4,0) size 16x32
                    text run at (4,0) width 32: "\x{8349}\x{81E5}"
          RenderText {#text} at (504,416) size 16x48
            text run at (504,416) width 48: "\x{308C}\x{3066}\x{3001}"
          RenderRuby (inline) {RUBY} at (0,0) size 16x16
            RenderRubyRun (anonymous) at (500,463) size 24x18
              RenderRubyText {RT} at (-7,0) size 14x18
                RenderText {#text} at (2,0) size 9x18
                  text run at (2,0) width 18: "\x{3046}\x{307E}"
              RenderRubyBase (anonymous) at (0,0) size 24x18
                RenderInline {RB} at (0,0) size 16x16
                  RenderText {#text} at (4,1) size 16x16
                    text run at (4,1) width 16: "\x{65E8}"
          RenderText {#text} at (504,480) size 40x496
            text run at (504,480) width 16: "\x{3044}"
            text run at (528,0) width 272: "\x{3082}\x{306E}\x{304C}\x{98DF}\x{3079}\x{3089}\x{308C}\x{306C}\x{304F}\x{3089}\x{3044}\x{306E}\x{4E8B}\x{3060}\x{308D}\x{3046}\x{3002}"
          RenderBR {BR} at (528,272) size 16x0
          RenderText {#text} at (553,0) size 16x416
            text run at (553,0) width 416: "\x{3000}\x{3057}\x{304B}\x{3057}\x{82E6}\x{3057}\x{307F}\x{306E}\x{306A}\x{3044}\x{306E}\x{306F}\x{306A}\x{305C}\x{3060}\x{308D}\x{3046}\x{3002}\x{305F}\x{3060}\x{3053}\x{306E}\x{666F}\x{8272}\x{3092}\x{4E00}"
          RenderRuby (inline) {RUBY} at (0,0) size 16x16
            RenderRubyRun (anonymous) at (549,415) size 24x18
              RenderRubyText {RT} at (-7,0) size 14x18
                RenderText {#text} at (2,0) size 9x18
                  text run at (2,0) width 18: "\x{3077}\x{304F}"
              RenderRubyBase (anonymous) at (0,0) size 24x18
                RenderInline {RB} at (0,0) size 16x16
                  RenderText {#text} at (4,1) size 16x16
                    text run at (4,1) width 16: "\x{5E45}"
          RenderText {#text} at (553,432) size 16x16
            text run at (553,432) width 16: "\x{306E}"
          RenderRuby (inline) {RUBY} at (0,0) size 16x16
            RenderRubyRun (anonymous) at (549,448) size 24x16
              RenderRubyText {RT} at (-7,0) size 14x16
                RenderText {#text} at (2,3) size 9x10
                  text run at (2,3) width 9: "\x{3048}"
              RenderRubyBase (anonymous) at (0,0) size 24x16
                RenderInline {RB} at (0,0) size 16x16
                  RenderText {#text} at (4,0) size 16x16
                    text run at (4,0) width 16: "\x{753B}"
          RenderText {#text} at (553,464) size 41x496
            text run at (553,464) width 32: "\x{3068}\x{3057}"
            text run at (578,0) width 16: "\x{3066}"
          RenderRuby (inline) {RUBY} at (0,0) size 16x16
            RenderRubyRun (anonymous) at (574,16) size 24x16
              RenderRubyText {RT} at (-7,0) size 14x16
                RenderText {#text} at (2,3) size 9x10
                  text run at (2,3) width 9: "\x{307F}"
              RenderRubyBase (anonymous) at (0,0) size 24x16
                RenderInline {RB} at (0,0) size 16x16
                  RenderText {#text} at (4,0) size 16x16
                    text run at (4,0) width 16: "\x{89B3}"
          RenderText {#text} at (578,32) size 16x32
            text run at (578,32) width 32: "\x{3001}\x{4E00}"
          RenderRuby (inline) {RUBY} at (0,0) size 16x16
            RenderRubyRun (anonymous) at (574,63) size 24x18
              RenderRubyText {RT} at (-7,0) size 14x18
                RenderText {#text} at (2,0) size 9x18
                  text run at (2,0) width 18: "\x{304B}\x{3093}"
              RenderRubyBase (anonymous) at (0,0) size 24x18
                RenderInline {RB} at (0,0) size 16x16
                  RenderText {#text} at (4,1) size 16x16
                    text run at (4,1) width 16: "\x{5DFB}"
          RenderText {#text} at (578,80) size 16x208
            text run at (578,80) width 208: "\x{306E}\x{8A69}\x{3068}\x{3057}\x{3066}\x{8AAD}\x{3080}\x{304B}\x{3089}\x{3067}\x{3042}\x{308B}\x{3002}"
          RenderRuby (inline) {RUBY} at (0,0) size 16x16
            RenderRubyRun (anonymous) at (574,288) size 24x16
              RenderRubyText {RT} at (-7,0) size 14x16
                RenderText {#text} at (2,3) size 9x10
                  text run at (2,3) width 9: "\x{304C}"
              RenderRubyBase (anonymous) at (0,0) size 24x16
                RenderInline {RB} at (0,0) size 16x16
                  RenderText {#text} at (4,0) size 16x16
                    text run at (4,0) width 16: "\x{753B}"
          RenderText {#text} at (578,304) size 16x160
            text run at (578,304) width 160: "\x{3067}\x{3042}\x{308A}\x{8A69}\x{3067}\x{3042}\x{308B}\x{4EE5}\x{4E0A}\x{306F}"
          RenderRuby (inline) {RUBY} at (0,0) size 16x32
            RenderRubyRun (anonymous) at (574,464) size 24x32
              RenderRubyText {RT} at (-7,0) size 14x32
                RenderText {#text} at (2,0) size 9x31
                  text run at (2,0) width 30: "\x{3058}\x{3081}\x{3093}"
              RenderRubyBase (anonymous) at (0,0) size 24x32
                RenderInline {RB} at (0,0) size 16x32
                  RenderText {#text} at (4,0) size 16x32
                    text run at (4,0) width 32: "\x{5730}\x{9762}"
          RenderText {#text} at (603,0) size 16x368
            text run at (603,0) width 368: "\x{3092}\x{8CB0}\x{3063}\x{3066}\x{3001}\x{958B}\x{62D3}\x{3059}\x{308B}\x{6C17}\x{306B}\x{3082}\x{306A}\x{3089}\x{306D}\x{3070}\x{3001}\x{9244}\x{9053}\x{3092}\x{304B}\x{3051}\x{3066}"
          RenderRuby (inline) {RUBY} at (0,0) size 16x34
            RenderRubyRun (anonymous) at (599,367) size 24x36
              RenderRubyText {RT} at (-7,0) size 14x36
                RenderText {#text} at (2,0) size 9x36
                  text run at (2,0) width 36: "\x{3072}\x{3068}\x{3082}\x{3046}"
              RenderRubyBase (anonymous) at (0,0) size 24x36
                RenderInline {RB} at (0,0) size 16x34
                  RenderText {#text} at (4,1) size 16x34
                    text run at (4,1) width 34: "\x{4E00}\x{5132}"
          RenderText {#text} at (603,402) size 16x48
            text run at (603,402) width 48: "\x{3051}\x{3059}\x{308B}"
          RenderRuby (inline) {RUBY} at (0,0) size 16x42
            RenderRubyRun (anonymous) at (599,447) size 24x45
              RenderRubyText {RT} at (-7,0) size 14x45
                RenderText {#text} at (2,0) size 9x45
                  text run at (2,0) width 45: "\x{308A}\x{3087}\x{3046}\x{3051}\x{3093}"
              RenderRubyBase (anonymous) at (0,0) size 24x45
                RenderInline {RB} at (0,0) size 16x39
                  RenderText {#text} at (4,3) size 16x39
                    text run at (4,3) width 38: "\x{4E86}\x{898B}"
          RenderText {#text} at (628,0) size 16x256
            text run at (628,0) width 256: "\x{3082}\x{8D77}\x{3089}\x{306C}\x{3002}\x{305F}\x{3060}\x{3053}\x{306E}\x{666F}\x{8272}\x{304C}\x{2015}\x{2015}\x{8179}\x{306E}"
          RenderRuby (inline) {RUBY} at (0,0) size 16x16
            RenderRubyRun (anonymous) at (624,256) size 24x16
              RenderRubyText {RT} at (-7,0) size 14x16
                RenderText {#text} at (2,3) size 9x10
                  text run at (2,3) width 9: "\x{305F}"
              RenderRubyBase (anonymous) at (0,0) size 24x16
                RenderInline {RB} at (0,0) size 16x16
                  RenderText {#text} at (4,0) size 16x16
                    text run at (4,0) width 16: "\x{8DB3}"
          RenderText {#text} at (628,272) size 65x496
            text run at (628,272) width 224: "\x{3057}\x{306B}\x{3082}\x{306A}\x{3089}\x{306C}\x{3001}\x{6708}\x{7D66}\x{306E}\x{88DC}\x{3044}\x{306B}\x{3082}"
            text run at (652,0) width 496: "\x{306A}\x{3089}\x{306C}\x{3053}\x{306E}\x{666F}\x{8272}\x{304C}\x{666F}\x{8272}\x{3068}\x{3057}\x{3066}\x{306E}\x{307F}\x{3001}\x{4F59}\x{304C}\x{5FC3}\x{3092}\x{697D}\x{307E}\x{305B}\x{3064}\x{3064}\x{3042}\x{308B}\x{304B}\x{3089}\x{82E6}\x{52B4}"
            text run at (677,0) width 64: "\x{3082}\x{5FC3}\x{914D}\x{3082}"
          RenderRuby (inline) {RUBY} at (0,0) size 16x19
            RenderRubyRun (anonymous) at (673,60) size 24x27
              RenderRubyText {RT} at (-7,0) size 14x27
                RenderText {#text} at (2,0) size 9x27
                  text run at (2,0) width 27: "\x{3068}\x{3082}\x{306A}"
              RenderRubyBase (anonymous) at (0,0) size 24x27
                RenderInline {RB} at (0,0) size 16x17
                  RenderText {#text} at (4,5) size 16x17
                    text run at (4,5) width 16: "\x{4F34}"
          RenderText {#text} at (677,83) size 16x288
            text run at (677,83) width 288: "\x{308F}\x{306C}\x{306E}\x{3060}\x{308D}\x{3046}\x{3002}\x{81EA}\x{7136}\x{306E}\x{529B}\x{306F}\x{3053}\x{3053}\x{306B}\x{304A}\x{3044}\x{3066}"
          RenderRuby (inline) {RUBY} at (0,0) size 16x16
            RenderRubyRun (anonymous) at (673,370) size 24x18
              RenderRubyText {RT} at (-7,0) size 14x18
                RenderText {#text} at (2,0) size 9x18
                  text run at (2,0) width 18: "\x{305F}\x{3063}"
              RenderRubyBase (anonymous) at (0,0) size 24x18
                RenderInline {RB} at (0,0) size 16x16
                  RenderText {#text} at (4,1) size 16x16
                    text run at (4,1) width 16: "\x{5C0A}"
          RenderText {#text} at (677,387) size 41x499
            text run at (677,387) width 112: "\x{3068}\x{3044}\x{3002}\x{543E}\x{4EBA}\x{306E}\x{6027}"
            text run at (702,0) width 80: "\x{60C5}\x{3092}\x{77AC}\x{523B}\x{306B}"
          RenderRuby (inline) {RUBY} at (0,0) size 16x32
            RenderRubyRun (anonymous) at (698,80) size 24x32
              RenderRubyText {RT} at (-7,0) size 14x32
                RenderText {#text} at (2,0) size 9x31
                  text run at (2,0) width 30: "\x{3068}\x{3046}\x{3084}"
              RenderRubyBase (anonymous) at (0,0) size 24x32
                RenderInline {RB} at (0,0) size 16x32
                  RenderText {#text} at (4,0) size 16x32
                    text run at (4,0) width 32: "\x{9676}\x{51B6}"
          RenderText {#text} at (702,112) size 16x32
            text run at (702,112) width 32: "\x{3057}\x{3066}"
          RenderRuby (inline) {RUBY} at (0,0) size 16x34
            RenderRubyRun (anonymous) at (698,143) size 24x36
              RenderRubyText {RT} at (-7,0) size 14x36
                RenderText {#text} at (2,0) size 9x36
                  text run at (2,0) width 36: "\x{3058}\x{3085}\x{3093}\x{3053}"
              RenderRubyBase (anonymous) at (0,0) size 24x36
                RenderInline {RB} at (0,0) size 16x34
                  RenderText {#text} at (4,1) size 16x34
                    text run at (4,1) width 34: "\x{9187}\x{4E4E}"
          RenderText {#text} at (702,178) size 40x498
            text run at (702,178) width 320: "\x{3068}\x{3057}\x{3066}\x{9187}\x{306A}\x{308B}\x{8A69}\x{5883}\x{306B}\x{5165}\x{3089}\x{3057}\x{3080}\x{308B}\x{306E}\x{306F}\x{81EA}\x{7136}\x{3067}\x{3042}"
            text run at (726,0) width 32: "\x{308B}\x{3002}"
          RenderBR {BR} at (726,32) size 16x0
          RenderText {#text} at (750,0) size 41x496
            text run at (750,0) width 496: "\x{3000}\x{604B}\x{306F}\x{3046}\x{3064}\x{304F}\x{3057}\x{304B}\x{308D}\x{3001}\x{5B5D}\x{3082}\x{3046}\x{3064}\x{304F}\x{3057}\x{304B}\x{308D}\x{3001}\x{5FE0}\x{541B}\x{611B}\x{56FD}\x{3082}\x{7D50}\x{69CB}\x{3060}\x{308D}\x{3046}\x{3002}\x{3057}"
            text run at (775,0) width 112: "\x{304B}\x{3057}\x{81EA}\x{8EAB}\x{304C}\x{305D}\x{306E}"
          RenderRuby (inline) {RUBY} at (0,0) size 16x19
            RenderRubyRun (anonymous) at (771,108) size 24x27
              RenderRubyText {RT} at (-7,0) size 14x27
                RenderText {#text} at (2,0) size 9x27
                  text run at (2,0) width 27: "\x{304D}\x{3087}\x{304F}"
              RenderRubyBase (anonymous) at (0,0) size 24x27
                RenderInline {RB} at (0,0) size 16x17
                  RenderText {#text} at (4,5) size 16x17
                    text run at (4,5) width 16: "\x{5C40}"
          RenderText {#text} at (775,131) size 16x112
            text run at (775,131) width 112: "\x{306B}\x{5F53}\x{308C}\x{3070}\x{5229}\x{5BB3}\x{306E}"
          RenderRuby (inline) {RUBY} at (0,0) size 16x32
            RenderRubyRun (anonymous) at (771,243) size 24x32
              RenderRubyText {RT} at (-7,0) size 14x32
                RenderText {#text} at (2,0) size 9x31
                  text run at (2,0) width 30: "\x{3064}\x{3080}\x{3058}"
              RenderRubyBase (anonymous) at (0,0) size 24x32
                RenderInline {RB} at (0,0) size 16x32
                  RenderText {#text} at (4,0) size 16x32
                    text run at (4,0) width 32: "\x{65CB}\x{98A8}"
          RenderText {#text} at (775,275) size 16x16
            text run at (775,275) width 16: "\x{306B}"
          RenderRuby (inline) {RUBY} at (0,0) size 16x16
            RenderRubyRun (anonymous) at (771,291) size 24x16
              RenderRubyText {RT} at (-7,0) size 14x16
                RenderText {#text} at (2,3) size 9x10
                  text run at (2,3) width 9: "\x{307E}"
              RenderRubyBase (anonymous) at (0,0) size 24x16
                RenderInline {RB} at (0,0) size 16x16
                  RenderText {#text} at (4,0) size 16x16
                    text run at (4,0) width 16: "\x{6372}"
          RenderText {#text} at (775,307) size 41x499
            text run at (775,307) width 192: "\x{304D}\x{8FBC}\x{307E}\x{308C}\x{3066}\x{3001}\x{3046}\x{3064}\x{304F}\x{3057}\x{304D}\x{4E8B}"
            text run at (800,0) width 192: "\x{306B}\x{3082}\x{3001}\x{7D50}\x{69CB}\x{306A}\x{4E8B}\x{306B}\x{3082}\x{3001}\x{76EE}\x{306F}"
          RenderRuby (inline) {RUBY} at (0,0) size 16x16
            RenderRubyRun (anonymous) at (796,191) size 24x18
              RenderRubyText {RT} at (-7,0) size 14x18
                RenderText {#text} at (2,0) size 9x18
                  text run at (2,0) width 18: "\x{304F}\x{3089}"
              RenderRubyBase (anonymous) at (0,0) size 24x18
                RenderInline {RB} at (0,0) size 16x16
                  RenderText {#text} at (4,1) size 16x16
                    text run at (4,1) width 16: "\x{7729}"
          RenderText {#text} at (800,208) size 41x496
            text run at (800,208) width 288: "\x{3093}\x{3067}\x{3057}\x{307E}\x{3046}\x{3002}\x{3057}\x{305F}\x{304C}\x{3063}\x{3066}\x{3069}\x{3053}\x{306B}\x{8A69}\x{304C}\x{3042}\x{308B}"
            text run at (825,0) width 80: "\x{304B}\x{81EA}\x{8EAB}\x{306B}\x{306F}"
          RenderRuby (inline) {RUBY} at (0,0) size 16x16
            RenderRubyRun (anonymous) at (821,80) size 24x16
              RenderRubyText {RT} at (-7,0) size 14x16
                RenderText {#text} at (2,3) size 9x10
                  text run at (2,3) width 9: "\x{3052}"
              RenderRubyBase (anonymous) at (0,0) size 24x16
                RenderInline {RB} at (0,0) size 16x16
                  RenderText {#text} at (4,0) size 16x16
                    text run at (4,0) width 16: "\x{89E3}"
          RenderText {#text} at (825,96) size 16x80
            text run at (825,96) width 80: "\x{3057}\x{304B}\x{306D}\x{308B}\x{3002}"
          RenderBR {BR} at (825,176) size 16x0
          RenderText {#text} at (849,0) size 41x496
            text run at (849,0) width 496: "\x{3000}\x{3053}\x{308C}\x{304C}\x{308F}\x{304B}\x{308B}\x{305F}\x{3081}\x{306B}\x{306F}\x{3001}\x{308F}\x{304B}\x{308B}\x{3060}\x{3051}\x{306E}\x{4F59}\x{88D5}\x{306E}\x{3042}\x{308B}\x{7B2C}\x{4E09}\x{8005}\x{306E}\x{5730}\x{4F4D}\x{306B}\x{7ACB}"
            text run at (874,0) width 336: "\x{305F}\x{306D}\x{3070}\x{306A}\x{3089}\x{306C}\x{3002}\x{4E09}\x{8005}\x{306E}\x{5730}\x{4F4D}\x{306B}\x{7ACB}\x{3066}\x{3070}\x{3053}\x{305D}\x{829D}\x{5C45}\x{306F}"
          RenderRuby (inline) {RUBY} at (0,0) size 16x16
            RenderRubyRun (anonymous) at (870,336) size 24x16
              RenderRubyText {RT} at (-7,0) size 14x16
                RenderText {#text} at (2,3) size 9x10
                  text run at (2,3) width 9: "\x{307F}"
              RenderRubyBase (anonymous) at (0,0) size 24x16
                RenderInline {RB} at (0,0) size 16x16
                  RenderText {#text} at (4,0) size 16x16
                    text run at (4,0) width 16: "\x{89B3}"
          RenderText {#text} at (874,352) size 65x496
            text run at (874,352) width 144: "\x{3066}\x{9762}\x{767D}\x{3044}\x{3002}\x{5C0F}\x{8AAC}\x{3082}\x{898B}"
            text run at (898,0) width 496: "\x{3066}\x{9762}\x{767D}\x{3044}\x{3002}\x{829D}\x{5C45}\x{3092}\x{898B}\x{3066}\x{9762}\x{767D}\x{3044}\x{4EBA}\x{3082}\x{3001}\x{5C0F}\x{8AAC}\x{3092}\x{8AAD}\x{3093}\x{3067}\x{9762}\x{767D}\x{3044}\x{4EBA}\x{3082}\x{3001}\x{81EA}\x{5DF1}\x{306E}"
            text run at (923,0) width 48: "\x{5229}\x{5BB3}\x{306F}"
          RenderRuby (inline) {RUBY} at (0,0) size 16x16
            RenderRubyRun (anonymous) at (919,47) size 24x18
              RenderRubyText {RT} at (-7,0) size 14x18
                RenderText {#text} at (2,0) size 9x18
                  text run at (2,0) width 18: "\x{305F}\x{306A}"
              RenderRubyBase (anonymous) at (0,0) size 24x18
                RenderInline {RB} at (0,0) size 16x16
                  RenderText {#text} at (4,1) size 16x16
                    text run at (4,1) width 16: "\x{68DA}"
          RenderText {#text} at (923,64) size 16x416
            text run at (923,64) width 416: "\x{3078}\x{4E0A}\x{3052}\x{3066}\x{3044}\x{308B}\x{3002}\x{898B}\x{305F}\x{308A}\x{8AAD}\x{3093}\x{3060}\x{308A}\x{3059}\x{308B}\x{9593}\x{3060}\x{3051}\x{306F}\x{8A69}\x{4EBA}\x{3067}\x{3042}\x{308B}\x{3002}"
          RenderBR {BR} at (923,480) size 16x0
          RenderText {#text} at (948,0) size 16x304
            text run at (948,0) width 304: "\x{3000}\x{305D}\x{308C}\x{3059}\x{3089}\x{3001}\x{666E}\x{901A}\x{306E}\x{829D}\x{5C45}\x{3084}\x{5C0F}\x{8AAC}\x{3067}\x{306F}\x{4EBA}\x{60C5}\x{3092}"
          RenderRuby (inline) {RUBY} at (0,0) size 16x16
            RenderRubyRun (anonymous) at (944,303) size 24x18
              RenderRubyText {RT} at (-7,0) size 14x18
                RenderText {#text} at (2,0) size 9x18
                  text run at (2,0) width 18: "\x{307E}\x{306C}"
              RenderRubyBase (anonymous) at (0,0) size 24x18
                RenderInline {RB} at (0,0) size 16x16
                  RenderText {#text} at (4,1) size 16x16
                    text run at (4,1) width 16: "\x{514D}"
          RenderText {#text} at (948,320) size 65x496
            text run at (948,320) width 176: "\x{304B}\x{308C}\x{306C}\x{3002}\x{82E6}\x{3057}\x{3093}\x{3060}\x{308A}\x{3001}\x{6012}"
            text run at (972,0) width 496: "\x{3063}\x{305F}\x{308A}\x{3001}\x{9A12}\x{3044}\x{3060}\x{308A}\x{3001}\x{6CE3}\x{3044}\x{305F}\x{308A}\x{3059}\x{308B}\x{3002}\x{898B}\x{308B}\x{3082}\x{306E}\x{3082}\x{3044}\x{3064}\x{304B}\x{305D}\x{306E}\x{4E2D}\x{306B}\x{540C}\x{5316}\x{3057}"
            text run at (997,0) width 384: "\x{3066}\x{82E6}\x{3057}\x{3093}\x{3060}\x{308A}\x{3001}\x{6012}\x{3063}\x{305F}\x{308A}\x{3001}\x{9A12}\x{3044}\x{3060}\x{308A}\x{3001}\x{6CE3}\x{3044}\x{305F}\x{308A}\x{3059}\x{308B}\x{3002}"
          RenderRuby (inline) {RUBY} at (0,0) size 16x32
            RenderRubyRun (anonymous) at (993,384) size 24x32
              RenderRubyText {RT} at (-7,0) size 14x32
                RenderText {#text} at (2,0) size 9x31
                  text run at (2,0) width 30: "\x{3068}\x{308A}\x{3048}"
              RenderRubyBase (anonymous) at (0,0) size 24x32
                RenderInline {RB} at (0,0) size 16x32
                  RenderText {#text} at (4,0) size 16x32
                    text run at (4,0) width 32: "\x{53D6}\x{67C4}"
          RenderText {#text} at (997,416) size 16x64
            text run at (997,416) width 64: "\x{306F}\x{5229}\x{617E}\x{304C}"
          RenderRuby (inline) {RUBY} at (0,0) size 16x17
            RenderRubyRun (anonymous) at (993,479) size 24x18
              RenderRubyText {RT} at (-7,0) size 14x18
                RenderText {#text} at (2,0) size 9x18
                  text run at (2,0) width 18: "\x{307E}\x{3058}"
              RenderRubyBase (anonymous) at (0,0) size 24x18
                RenderInline {RB} at (0,0) size 16x16
                  RenderText {#text} at (4,1) size 16x16
                    text run at (4,1) width 16: "\x{4EA4}"
          RenderText {#text} at (1022,0) size 16x112
            text run at (1022,0) width 112: "\x{3089}\x{306C}\x{3068}\x{4E91}\x{3046}\x{70B9}\x{306B}"
          RenderRuby (inline) {RUBY} at (0,0) size 16x16
            RenderRubyRun (anonymous) at (1018,111) size 24x18
              RenderRubyText {RT} at (-7,0) size 14x18
                RenderText {#text} at (2,0) size 9x18
                  text run at (2,0) width 18: "\x{305D}\x{3093}"
              RenderRubyBase (anonymous) at (0,0) size 24x18
                RenderInline {RB} at (0,0) size 16x16
                  RenderText {#text} at (4,1) size 16x16
                    text run at (4,1) width 16: "\x{5B58}"
          RenderText {#text} at (1022,128) size 16x304
            text run at (1022,128) width 304: "\x{3059}\x{308B}\x{304B}\x{3082}\x{77E5}\x{308C}\x{306C}\x{304C}\x{3001}\x{4EA4}\x{3089}\x{306C}\x{3060}\x{3051}\x{306B}\x{305D}\x{306E}\x{4ED6}\x{306E}"
          RenderRuby (inline) {RUBY} at (0,0) size 16x39
            RenderRubyRun (anonymous) at (1018,429) size 24x45
              RenderRubyText {RT} at (-7,0) size 14x45
                RenderText {#text} at (2,0) size 9x45
                  text run at (2,0) width 45: "\x{3058}\x{3087}\x{3046}\x{3057}\x{3087}"
              RenderRubyBase (anonymous) at (0,0) size 24x45
                RenderInline {RB} at (0,0) size 16x39
                  RenderText {#text} at (4,3) size 16x39
                    text run at (4,3) width 38: "\x{60C5}\x{7DD2}"
          RenderText {#text} at (1022,471) size 41x503
            text run at (1022,471) width 32: "\x{306F}\x{5E38}"
            text run at (1047,0) width 272: "\x{3088}\x{308A}\x{306F}\x{4F59}\x{8A08}\x{306B}\x{6D3B}\x{52D5}\x{3059}\x{308B}\x{3060}\x{308D}\x{3046}\x{3002}\x{305D}\x{308C}\x{304C}"
          RenderRuby (inline) {RUBY} at (0,0) size 16x16
            RenderRubyRun (anonymous) at (1043,271) size 24x18
              RenderRubyText {RT} at (-7,0) size 14x18
                RenderText {#text} at (2,0) size 9x18
                  text run at (2,0) width 18: "\x{3044}\x{3084}"
              RenderRubyBase (anonymous) at (0,0) size 24x18
                RenderInline {RB} at (0,0) size 16x16
                  RenderText {#text} at (4,1) size 16x16
                    text run at (4,1) width 16: "\x{5ACC}"
          RenderText {#text} at (1047,288) size 16x32
            text run at (1047,288) width 32: "\x{3060}\x{3002}"
          RenderBR {BR} at (1047,320) size 16x0
          RenderText {#text} at (1071,0) size 41x480
            text run at (1071,0) width 480: "\x{3000}\x{82E6}\x{3057}\x{3093}\x{3060}\x{308A}\x{3001}\x{6012}\x{3063}\x{305F}\x{308A}\x{3001}\x{9A12}\x{3044}\x{3060}\x{308A}\x{3001}\x{6CE3}\x{3044}\x{305F}\x{308A}\x{306F}\x{4EBA}\x{306E}\x{4E16}\x{306B}\x{3064}\x{304D}\x{3082}\x{306E}"
            text run at (1096,0) width 192: "\x{3060}\x{3002}\x{4F59}\x{3082}\x{4E09}\x{5341}\x{5E74}\x{306E}\x{9593}\x{305D}\x{308C}\x{3092}"
          RenderRuby (inline) {RUBY} at (0,0) size 16x32
            RenderRubyRun (anonymous) at (1092,192) size 24x32
              RenderRubyText {RT} at (-7,0) size 14x32
                RenderText {#text} at (2,0) size 9x31
                  text run at (2,0) width 30: "\x{3057}\x{3068}\x{304A}"
              RenderRubyBase (anonymous) at (0,0) size 24x32
                RenderInline {RB} at (0,0) size 16x32
                  RenderText {#text} at (4,0) size 16x32
                    text run at (4,0) width 32: "\x{4ED5}\x{901A}"
          RenderText {#text} at (1096,224) size 16x48
            text run at (1096,224) width 48: "\x{3057}\x{3066}\x{3001}"
          RenderRuby (inline) {RUBY} at (0,0) size 16x34
            RenderRubyRun (anonymous) at (1092,271) size 24x36
              RenderRubyText {RT} at (-7,0) size 14x36
                RenderText {#text} at (2,0) size 9x36
                  text run at (2,0) width 36: "\x{3042}\x{304D}\x{3042}\x{304D}"
              RenderRubyBase (anonymous) at (0,0) size 24x36
                RenderInline {RB} at (0,0) size 16x34
                  RenderText {#text} at (4,1) size 16x34
                    text run at (4,1) width 34: "\x{98FD}\x{3005}"
          RenderText {#text} at (1096,306) size 16x48
            text run at (1096,306) width 48: "\x{3057}\x{305F}\x{3002}"
          RenderRuby (inline) {RUBY} at (0,0) size 16x16
            RenderRubyRun (anonymous) at (1092,354) size 24x16
              RenderRubyText {RT} at (-7,0) size 14x16
                RenderText {#text} at (2,3) size 9x10
                  text run at (2,3) width 9: "\x{3042}"
              RenderRubyBase (anonymous) at (0,0) size 24x16
                RenderInline {RB} at (0,0) size 16x16
                  RenderText {#text} at (4,0) size 16x16
                    text run at (4,0) width 16: "\x{98FD}"
          RenderText {#text} at (1096,370) size 65x498
            text run at (1096,370) width 128: "\x{304D}\x{98FD}\x{304D}\x{3057}\x{305F}\x{4E0A}\x{306B}\x{829D}"
            text run at (1120,0) width 496: "\x{5C45}\x{3084}\x{5C0F}\x{8AAC}\x{3067}\x{540C}\x{3058}\x{523A}\x{6FC0}\x{3092}\x{7E70}\x{308A}\x{8FD4}\x{3057}\x{3066}\x{306F}\x{5927}\x{5909}\x{3060}\x{3002}\x{4F59}\x{304C}\x{6B32}\x{3059}\x{308B}\x{8A69}\x{306F}\x{305D}\x{3093}\x{306A}\x{4E16}"
            text run at (1145,0) width 96: "\x{9593}\x{7684}\x{306E}\x{4EBA}\x{60C5}\x{3092}"
          RenderRuby (inline) {RUBY} at (0,0) size 16x32
            RenderRubyRun (anonymous) at (1141,96) size 24x32
              RenderRubyText {RT} at (-7,0) size 14x32
                RenderText {#text} at (2,3) size 9x26
                  text run at (2,3) width 25: "\x{3053}\x{3076}"
              RenderRubyBase (anonymous) at (0,0) size 24x32
                RenderInline {RB} at (0,0) size 16x32
                  RenderText {#text} at (4,0) size 16x32
                    text run at (4,0) width 32: "\x{9F13}\x{821E}"
          RenderText {#text} at (1145,128) size 41x496
            text run at (1145,128) width 368: "\x{3059}\x{308B}\x{3088}\x{3046}\x{306A}\x{3082}\x{306E}\x{3067}\x{306F}\x{306A}\x{3044}\x{3002}\x{4FD7}\x{5FF5}\x{3092}\x{653E}\x{68C4}\x{3057}\x{3066}\x{3001}\x{3057}\x{3070}\x{3089}"
            text run at (1170,0) width 48: "\x{304F}\x{3067}\x{3082}"
          RenderRuby (inline) {RUBY} at (0,0) size 16x34
            RenderRubyRun (anonymous) at (1166,47) size 24x36
              RenderRubyText {RT} at (-7,0) size 14x36
                RenderText {#text} at (2,0) size 9x36
                  text run at (2,0) width 36: "\x{3058}\x{3093}\x{304B}\x{3044}"
              RenderRubyBase (anonymous) at (0,0) size 24x36
                RenderInline {RB} at (0,0) size 16x34
                  RenderText {#text} at (4,1) size 16x34
                    text run at (4,1) width 34: "\x{5875}\x{754C}"
          RenderText {#text} at (1170,82) size 89x498
            text run at (1170,82) width 416: "\x{3092}\x{96E2}\x{308C}\x{305F}\x{5FC3}\x{6301}\x{3061}\x{306B}\x{306A}\x{308C}\x{308B}\x{8A69}\x{3067}\x{3042}\x{308B}\x{3002}\x{3044}\x{304F}\x{3089}\x{5091}\x{4F5C}\x{3067}\x{3082}\x{4EBA}\x{60C5}\x{3092}"
            text run at (1194,0) width 496: "\x{96E2}\x{308C}\x{305F}\x{829D}\x{5C45}\x{306F}\x{306A}\x{3044}\x{3001}\x{7406}\x{975E}\x{3092}\x{7D76}\x{3057}\x{305F}\x{5C0F}\x{8AAC}\x{306F}\x{5C11}\x{304B}\x{308D}\x{3046}\x{3002}\x{3069}\x{3053}\x{307E}\x{3067}\x{3082}\x{4E16}\x{9593}\x{3092}"
            text run at (1218,0) width 496: "\x{51FA}\x{308B}\x{4E8B}\x{304C}\x{51FA}\x{6765}\x{306C}\x{306E}\x{304C}\x{5F7C}\x{3089}\x{306E}\x{7279}\x{8272}\x{3067}\x{3042}\x{308B}\x{3002}\x{3053}\x{3068}\x{306B}\x{897F}\x{6D0B}\x{306E}\x{8A69}\x{306B}\x{306A}\x{308B}\x{3068}\x{3001}\x{4EBA}"
            text run at (1243,0) width 208: "\x{4E8B}\x{304C}\x{6839}\x{672C}\x{306B}\x{306A}\x{308B}\x{304B}\x{3089}\x{3044}\x{308F}\x{3086}\x{308B}"
          RenderRuby (inline) {RUBY} at (0,0) size 16x32
            RenderRubyRun (anonymous) at (1239,208) size 24x32
              RenderRubyText {RT} at (-7,0) size 14x32
                RenderText {#text} at (2,0) size 9x31
                  text run at (2,0) width 30: "\x{3057}\x{3044}\x{304B}"
              RenderRubyBase (anonymous) at (0,0) size 24x32
                RenderInline {RB} at (0,0) size 16x32
                  RenderText {#text} at (4,0) size 16x32
                    text run at (4,0) width 32: "\x{8A69}\x{6B4C}"
          RenderText {#text} at (1243,240) size 16x160
            text run at (1243,240) width 160: "\x{306E}\x{7D14}\x{7C8B}\x{306A}\x{308B}\x{3082}\x{306E}\x{3082}\x{3053}\x{306E}"
          RenderRuby (inline) {RUBY} at (0,0) size 16x19
            RenderRubyRun (anonymous) at (1239,396) size 24x27
              RenderRubyText {RT} at (-7,0) size 14x27
                RenderText {#text} at (2,0) size 9x27
                  text run at (2,0) width 27: "\x{304D}\x{3087}\x{3046}"
              RenderRubyBase (anonymous) at (0,0) size 24x27
                RenderInline {RB} at (0,0) size 16x17
                  RenderText {#text} at (4,5) size 16x17
                    text run at (4,5) width 16: "\x{5883}"
          RenderText {#text} at (1243,419) size 16x16
            text run at (1243,419) width 16: "\x{3092}"
          RenderRuby (inline) {RUBY} at (0,0) size 16x32
            RenderRubyRun (anonymous) at (1239,435) size 24x32
              RenderRubyText {RT} at (-7,0) size 14x32
                RenderText {#text} at (2,0) size 9x31
                  text run at (2,0) width 30: "\x{3052}\x{3060}\x{3064}"
              RenderRubyBase (anonymous) at (0,0) size 24x32
                RenderInline {RB} at (0,0) size 16x32
                  RenderText {#text} at (4,0) size 16x32
                    text run at (4,0) width 32: "\x{89E3}\x{8131}"
          RenderText {#text} at (1243,467) size 65x499
            text run at (1243,467) width 32: "\x{3059}\x{308B}"
            text run at (1267,0) width 496: "\x{4E8B}\x{3092}\x{77E5}\x{3089}\x{306C}\x{3002}\x{3069}\x{3053}\x{307E}\x{3067}\x{3082}\x{540C}\x{60C5}\x{3060}\x{3068}\x{304B}\x{3001}\x{611B}\x{3060}\x{3068}\x{304B}\x{3001}\x{6B63}\x{7FA9}\x{3060}\x{3068}\x{304B}\x{3001}\x{81EA}\x{7531}\x{3060}"
            text run at (1292,0) width 48: "\x{3068}\x{304B}\x{3001}"
          RenderRuby (inline) {RUBY} at (0,0) size 16x32
            RenderRubyRun (anonymous) at (1288,48) size 24x32
              RenderRubyText {RT} at (-7,0) size 14x32
                RenderText {#text} at (2,0) size 9x31
                  text run at (2,0) width 30: "\x{3046}\x{304D}\x{3088}"
              RenderRubyBase (anonymous) at (0,0) size 24x32
                RenderInline {RB} at (0,0) size 16x32
                  RenderText {#text} at (4,0) size 16x32
                    text run at (4,0) width 32: "\x{6D6E}\x{4E16}"
          RenderText {#text} at (1292,80) size 16x16
            text run at (1292,80) width 16: "\x{306E}"
          RenderRuby (inline) {RUBY} at (0,0) size 16x48
            RenderRubyRun (anonymous) at (1288,96) size 24x48
              RenderRubyText {RT} at (-7,0) size 14x48
                RenderText {#text} at (2,0) size 9x48
                  text run at (2,0) width 47: "\x{304B}\x{3093}\x{3053}\x{3046}\x{3070}"
              RenderRubyBase (anonymous) at (0,0) size 24x48
                RenderInline {RB} at (0,0) size 16x48
                  RenderText {#text} at (4,0) size 16x48
                    text run at (4,0) width 48: "\x{52E7}\x{5DE5}\x{5834}"
          RenderText {#text} at (1292,144) size 16x160
            text run at (1292,144) width 160: "\x{306B}\x{3042}\x{308B}\x{3082}\x{306E}\x{3060}\x{3051}\x{3067}\x{7528}\x{3092}"
          RenderRuby (inline) {RUBY} at (0,0) size 16x16
            RenderRubyRun (anonymous) at (1288,303) size 24x18
              RenderRubyText {RT} at (-7,0) size 14x18
                RenderText {#text} at (2,0) size 9x18
                  text run at (2,0) width 18: "\x{3079}\x{3093}"
              RenderRubyBase (anonymous) at (0,0) size 24x18
                RenderInline {RB} at (0,0) size 16x16
                  RenderText {#text} at (4,1) size 16x16
                    text run at (4,1) width 16: "\x{5F01}"
          RenderText {#text} at (1292,320) size 41x496
            text run at (1292,320) width 176: "\x{3058}\x{3066}\x{3044}\x{308B}\x{3002}\x{3044}\x{304F}\x{3089}\x{8A69}\x{7684}\x{306B}"
            text run at (1317,0) width 144: "\x{306A}\x{3063}\x{3066}\x{3082}\x{5730}\x{9762}\x{306E}\x{4E0A}\x{3092}"
          RenderRuby (inline) {RUBY} at (0,0) size 16x16
            RenderRubyRun (anonymous) at (1313,144) size 24x16
              RenderRubyText {RT} at (-7,0) size 14x16
                RenderText {#text} at (2,3) size 9x10
                  text run at (2,3) width 9: "\x{304B}"
              RenderRubyBase (anonymous) at (0,0) size 24x16
                RenderInline {RB} at (0,0) size 16x16
                  RenderText {#text} at (4,0) size 16x16
                    text run at (4,0) width 16: "\x{99B3}"
          RenderText {#text} at (1317,160) size 16x112
            text run at (1317,160) width 112: "\x{3051}\x{3066}\x{3042}\x{308B}\x{3044}\x{3066}\x{3001}"
          RenderRuby (inline) {RUBY} at (0,0) size 16x16
            RenderRubyRun (anonymous) at (1313,271) size 24x18
              RenderRubyText {RT} at (-7,0) size 14x18
                RenderText {#text} at (2,0) size 9x18
                  text run at (2,0) width 18: "\x{305C}\x{306B}"
              RenderRubyBase (anonymous) at (0,0) size 24x18
                RenderInline {RB} at (0,0) size 16x16
                  RenderText {#text} at (4,1) size 16x16
                    text run at (4,1) width 16: "\x{92AD}"
          RenderText {#text} at (1317,288) size 41x496
            text run at (1317,288) width 208: "\x{306E}\x{52D8}\x{5B9A}\x{3092}\x{5FD8}\x{308C}\x{308B}\x{3072}\x{307E}\x{304C}\x{306A}\x{3044}\x{3002}"
            text run at (1342,0) width 80: "\x{30B7}\x{30A7}\x{30EC}\x{30FC}\x{304C}"
          RenderRuby (inline) {RUBY} at (0,0) size 16x32
            RenderRubyRun (anonymous) at (1338,80) size 24x32
              RenderRubyText {RT} at (-7,0) size 14x32
                RenderText {#text} at (2,0) size 9x31
                  text run at (2,0) width 30: "\x{3072}\x{3070}\x{308A}"
              RenderRubyBase (anonymous) at (0,0) size 24x32
                RenderInline {RB} at (0,0) size 16x32
                  RenderText {#text} at (4,0) size 16x32
                    text run at (4,0) width 32: "\x{96F2}\x{96C0}"
          RenderText {#text} at (1342,112) size 16x256
            text run at (1342,112) width 256: "\x{3092}\x{805E}\x{3044}\x{3066}\x{5606}\x{606F}\x{3057}\x{305F}\x{306E}\x{3082}\x{7121}\x{7406}\x{306F}\x{306A}\x{3044}\x{3002}"
          RenderBR {BR} at (1342,368) size 16x0
          RenderText {#text} at (1367,0) size 16x160
            text run at (1367,0) width 160: "\x{3000}\x{3046}\x{308C}\x{3057}\x{3044}\x{4E8B}\x{306B}\x{6771}\x{6D0B}\x{306E}"
          RenderRuby (inline) {RUBY} at (0,0) size 16x32
            RenderRubyRun (anonymous) at (1363,160) size 24x32
              RenderRubyText {RT} at (-7,0) size 14x32
                RenderText {#text} at (2,0) size 9x31
                  text run at (2,0) width 30: "\x{3057}\x{3044}\x{304B}"
              RenderRubyBase (anonymous) at (0,0) size 24x32
                RenderInline {RB} at (0,0) size 16x32
                  RenderText {#text} at (4,0) size 16x32
                    text run at (4,0) width 32: "\x{8A69}\x{6B4C}"
          RenderText {#text} at (1367,192) size 16x64
            text run at (1367,192) width 64: "\x{306F}\x{305D}\x{3053}\x{3092}"
          RenderRuby (inline) {RUBY} at (0,0) size 16x32
            RenderRubyRun (anonymous) at (1363,256) size 24x32
              RenderRubyText {RT} at (-7,0) size 14x32
                RenderText {#text} at (2,0) size 9x31
                  text run at (2,0) width 30: "\x{3052}\x{3060}\x{3064}"
              RenderRubyBase (anonymous) at (0,0) size 24x32
                RenderInline {RB} at (0,0) size 16x32
                  RenderText {#text} at (4,0) size 16x32
                    text run at (4,0) width 32: "\x{89E3}\x{8131}"
          RenderText {#text} at (1367,288) size 16x112
            text run at (1367,288) width 112: "\x{3057}\x{305F}\x{306E}\x{304C}\x{3042}\x{308B}\x{3002}"
          RenderRuby (inline) {RUBY} at (0,0) size 16x42
            RenderRubyRun (anonymous) at (1363,397) size 24x45
              RenderRubyText {RT} at (-7,0) size 14x45
                RenderText {#text} at (2,0) size 9x45
                  text run at (2,0) width 45: "\x{304D}\x{304F}\x{3092}\x{3068}\x{308B}"
              RenderRubyBase (anonymous) at (0,0) size 24x45
                RenderInline {RB} at (0,0) size 16x39
                  RenderText {#text} at (4,3) size 16x39
                    text run at (4,3) width 38: "\x{63A1}\x{83CA}"
          RenderRuby (inline) {RUBY} at (0,0) size 16x54
            RenderRubyRun (anonymous) at (1363,442) size 24x54
              RenderRubyText {RT} at (-7,0) size 14x54
                RenderText {#text} at (2,0) size 9x54
                  text run at (2,0) width 54: "\x{3068}\x{3046}\x{308A}\x{306E}\x{3082}\x{3068}"
              RenderRubyBase (anonymous) at (0,0) size 24x54
                RenderInline {RB} at (0,0) size 16x52
                  RenderText {#text} at (4,1) size 16x52
                    text run at (4,1) width 52: "\x{6771}\x{7C6C}\x{4E0B}"
          RenderText {#text} at (1392,0) size 16x16
            text run at (1392,0) width 16: "\x{3001}"
          RenderRuby (inline) {RUBY} at (0,0) size 16x59
            RenderRubyRun (anonymous) at (1388,12) size 24x63
              RenderRubyText {RT} at (-7,0) size 14x63
                RenderText {#text} at (2,0) size 9x63
                  text run at (2,0) width 63: "\x{3086}\x{3046}\x{305C}\x{3093}\x{3068}\x{3057}\x{3066}"
              RenderRubyBase (anonymous) at (0,0) size 24x63
                RenderInline {RB} at (0,0) size 16x48
                  RenderText {#text} at (4,7) size 16x48
                    text run at (4,7) width 47: "\x{60A0}\x{7136}"
          RenderRuby (inline) {RUBY} at (0,0) size 16x61
            RenderRubyRun (anonymous) at (1388,75) size 24x63
              RenderRubyText {RT} at (-7,0) size 14x63
                RenderText {#text} at (2,0) size 9x63
                  text run at (2,0) width 63: "\x{306A}\x{3093}\x{3056}\x{3093}\x{3092}\x{307F}\x{308B}"
              RenderRubyBase (anonymous) at (0,0) size 24x63
                RenderInline {RB} at (0,0) size 16x59
                  RenderText {#text} at (4,2) size 16x59
                    text run at (4,2) width 58: "\x{898B}\x{5357}\x{5C71}"
          RenderText {#text} at (1392,136) size 16x128
            text run at (1392,136) width 128: "\x{3002}\x{305F}\x{3060}\x{305D}\x{308C}\x{304E}\x{308A}\x{306E}"
          RenderRuby (inline) {RUBY} at (0,0) size 16x16
            RenderRubyRun (anonymous) at (1388,263) size 24x18
              RenderRubyText {RT} at (-7,0) size 14x18
                RenderText {#text} at (2,0) size 9x18
                  text run at (2,0) width 18: "\x{3046}\x{3061}"
              RenderRubyBase (anonymous) at (0,0) size 24x18
                RenderInline {RB} at (0,0) size 16x16
                  RenderText {#text} at (4,1) size 16x16
                    text run at (4,1) width 16: "\x{88CF}"
          RenderText {#text} at (1392,280) size 41x504
            text run at (1392,280) width 224: "\x{306B}\x{6691}\x{82E6}\x{3057}\x{3044}\x{4E16}\x{306E}\x{4E2D}\x{3092}\x{307E}\x{308B}\x{3067}\x{5FD8}\x{308C}"
            text run at (1417,0) width 304: "\x{305F}\x{5149}\x{666F}\x{304C}\x{51FA}\x{3066}\x{304F}\x{308B}\x{3002}\x{57A3}\x{306E}\x{5411}\x{3046}\x{306B}\x{96A3}\x{308A}\x{306E}\x{5A18}\x{304C}"
          RenderRuby (inline) {RUBY} at (0,0) size 16x16
            RenderRubyRun (anonymous) at (1413,303) size 24x18
              RenderRubyText {RT} at (-7,0) size 14x18
                RenderText {#text} at (2,0) size 9x18
                  text run at (2,0) width 18: "\x{306E}\x{305E}"
              RenderRubyBase (anonymous) at (0,0) size 24x18
                RenderInline {RB} at (0,0) size 16x16
                  RenderText {#text} at (4,1) size 16x16
                    text run at (4,1) width 16: "\x{8997}"
          RenderText {#text} at (1417,320) size 16x176
            text run at (1417,320) width 176: "\x{3044}\x{3066}\x{308B}\x{8A33}\x{3067}\x{3082}\x{306A}\x{3051}\x{308C}\x{3070}\x{3001}"
          RenderRuby (inline) {RUBY} at (0,0) size 16x35
            RenderRubyRun (anonymous) at (1438,0) size 24x36
              RenderRubyText {RT} at (-7,0) size 14x36
                RenderText {#text} at (2,0) size 9x36
                  text run at (2,0) width 36: "\x{306A}\x{3093}\x{3056}\x{3093}"
              RenderRubyBase (anonymous) at (0,0) size 24x36
                RenderInline {RB} at (0,0) size 16x34
                  RenderText {#text} at (4,1) size 16x34
                    text run at (4,1) width 34: "\x{5357}\x{5C71}"
          RenderText {#text} at (1442,35) size 16x320
            text run at (1442,35) width 320: "\x{306B}\x{89AA}\x{53CB}\x{304C}\x{5949}\x{8077}\x{3057}\x{3066}\x{3044}\x{308B}\x{6B21}\x{7B2C}\x{3067}\x{3082}\x{306A}\x{3044}\x{3002}\x{8D85}\x{7136}\x{3068}"
          RenderRuby (inline) {RUBY} at (0,0) size 16x70
            RenderRubyRun (anonymous) at (1438,354) size 24x72
              RenderRubyText {RT} at (-7,0) size 14x72
                RenderText {#text} at (2,0) size 9x72
                  text run at (2,0) width 72: "\x{3057}\x{3085}\x{3063}\x{305B}\x{3051}\x{3093}\x{3066}\x{304D}"
              RenderRubyBase (anonymous) at (0,0) size 24x72
                RenderInline {RB} at (0,0) size 16x70
                  RenderText {#text} at (4,1) size 16x70
                    text run at (4,1) width 70: "\x{51FA}\x{4E16}\x{9593}\x{7684}"
          RenderText {#text} at (1442,425) size 41x489
            text run at (1442,425) width 64: "\x{306B}\x{5229}\x{5BB3}\x{640D}"
            text run at (1467,0) width 272: "\x{5F97}\x{306E}\x{6C57}\x{3092}\x{6D41}\x{3057}\x{53BB}\x{3063}\x{305F}\x{5FC3}\x{6301}\x{3061}\x{306B}\x{306A}\x{308C}\x{308B}\x{3002}"
          RenderRuby (inline) {RUBY} at (0,0) size 16x23
            RenderRubyRun (anonymous) at (1463,268) size 24x27
              RenderRubyText {RT} at (-7,0) size 14x27
                RenderText {#text} at (2,0) size 9x27
                  text run at (2,0) width 27: "\x{3072}\x{3068}\x{308A}"
              RenderRubyBase (anonymous) at (0,0) size 24x27
                RenderInline {RB} at (0,0) size 16x17
                  RenderText {#text} at (4,5) size 16x17
                    text run at (4,5) width 16: "\x{72EC}"
          RenderRuby (inline) {RUBY} at (0,0) size 16x87
            RenderRubyRun (anonymous) at (1463,295) size 24x90
              RenderRubyText {RT} at (-7,0) size 14x90
                RenderText {#text} at (2,0) size 9x90
                  text run at (2,0) width 90: "\x{3086}\x{3046}\x{3053}\x{3046}\x{306E}\x{3046}\x{3061}\x{306B}\x{3056}\x{3057}"
              RenderRubyBase (anonymous) at (0,0) size 24x90
                RenderInline {RB} at (0,0) size 16x84
                  RenderText {#text} at (4,3) size 16x84
                    text run at (4,3) width 83: "\x{5750}\x{5E7D}\x{7BC1}\x{88CF}"
          RenderText {#text} at (1467,382) size 16x16
            text run at (1467,382) width 16: "\x{3001}"
          RenderRuby (inline) {RUBY} at (0,0) size 16x59
            RenderRubyRun (anonymous) at (1463,394) size 24x63
              RenderRubyText {RT} at (-7,0) size 14x63
                RenderText {#text} at (2,0) size 9x63
                  text run at (2,0) width 63: "\x{304D}\x{3093}\x{3092}\x{3060}\x{3093}\x{3058}\x{3066}"
              RenderRubyBase (anonymous) at (0,0) size 24x63
                RenderInline {RB} at (0,0) size 16x48
                  RenderText {#text} at (4,7) size 16x48
                    text run at (4,7) width 47: "\x{5F3E}\x{7434}"
          RenderRuby (inline) {RUBY} at (0,0) size 16x77
            RenderRubyRun (anonymous) at (1488,0) size 24x81
              RenderRubyText {RT} at (-7,0) size 14x81
                RenderText {#text} at (2,0) size 9x81
                  text run at (2,0) width 81: "\x{307E}\x{305F}\x{3061}\x{3087}\x{3046}\x{3057}\x{3087}\x{3046}\x{3059}"
              RenderRubyBase (anonymous) at (0,0) size 24x81
                RenderInline {RB} at (0,0) size 16x71
                  RenderText {#text} at (4,5) size 16x71
                    text run at (4,5) width 70: "\x{5FA9}\x{9577}\x{562F}"
          RenderText {#text} at (1492,77) size 16x16
            text run at (1492,77) width 16: "\x{3001}"
          RenderRuby (inline) {RUBY} at (0,0) size 16x35
            RenderRubyRun (anonymous) at (1488,92) size 24x36
              RenderRubyText {RT} at (-7,0) size 14x36
                RenderText {#text} at (2,0) size 9x36
                  text run at (2,0) width 36: "\x{3057}\x{3093}\x{308A}\x{3093}"
              RenderRubyBase (anonymous) at (0,0) size 24x36
                RenderInline {RB} at (0,0) size 16x34
                  RenderText {#text} at (4,1) size 16x34
                    text run at (4,1) width 34: "\x{6DF1}\x{6797}"
          RenderRuby (inline) {RUBY} at (0,0) size 16x48
            RenderRubyRun (anonymous) at (1488,128) size 24x48
              RenderRubyText {RT} at (-7,0) size 14x48
                RenderText {#text} at (2,0) size 9x48
                  text run at (2,0) width 47: "\x{3072}\x{3068}\x{3057}\x{3089}\x{305A}"
              RenderRubyBase (anonymous) at (0,0) size 24x48
                RenderInline {RB} at (0,0) size 16x48
                  RenderText {#text} at (4,0) size 16x48
                    text run at (4,0) width 48: "\x{4EBA}\x{4E0D}\x{77E5}"
          RenderText {#text} at (1492,176) size 16x16
            text run at (1492,176) width 16: "\x{3001}"
          RenderRuby (inline) {RUBY} at (0,0) size 16x68
            RenderRubyRun (anonymous) at (1488,188) size 24x72
              RenderRubyText {RT} at (-7,0) size 14x72
                RenderText {#text} at (2,0) size 9x72
                  text run at (2,0) width 72: "\x{3081}\x{3044}\x{3052}\x{3064}\x{304D}\x{305F}\x{308A}\x{3066}"
              RenderRubyBase (anonymous) at (0,0) size 24x72
                RenderInline {RB} at (0,0) size 16x64
                  RenderText {#text} at (4,4) size 16x64
                    text run at (4,4) width 64: "\x{660E}\x{6708}\x{6765}"
          RenderRuby (inline) {RUBY} at (0,0) size 16x42
            RenderRubyRun (anonymous) at (1488,260) size 24x45
              RenderRubyText {RT} at (-7,0) size 14x45
                RenderText {#text} at (2,0) size 9x45
                  text run at (2,0) width 45: "\x{3042}\x{3044}\x{3066}\x{3089}\x{3059}"
              RenderRubyBase (anonymous) at (0,0) size 24x45
                RenderInline {RB} at (0,0) size 16x39
                  RenderText {#text} at (4,3) size 16x39
                    text run at (4,3) width 38: "\x{76F8}\x{7167}"
          RenderText {#text} at (1492,302) size 16x160
            text run at (1492,302) width 160: "\x{3002}\x{305F}\x{3060}\x{4E8C}\x{5341}\x{5B57}\x{306E}\x{3046}\x{3061}\x{306B}"
          RenderRuby (inline) {RUBY} at (0,0) size 16x16
            RenderRubyRun (anonymous) at (1488,461) size 24x18
              RenderRubyText {RT} at (-7,0) size 14x18
                RenderText {#text} at (2,0) size 9x18
                  text run at (2,0) width 18: "\x{3086}\x{3046}"
              RenderRubyBase (anonymous) at (0,0) size 24x18
                RenderInline {RB} at (0,0) size 16x16
                  RenderText {#text} at (4,1) size 16x16
                    text run at (4,1) width 16: "\x{512A}"
          RenderText {#text} at (1492,478) size 16x16
            text run at (1492,478) width 16: "\x{306B}"
          RenderRuby (inline) {RUBY} at (0,0) size 16x53
            RenderRubyRun (anonymous) at (1513,0) size 24x54
              RenderRubyText {RT} at (-7,0) size 14x54
                RenderText {#text} at (2,0) size 9x54
                  text run at (2,0) width 54: "\x{3079}\x{3064}\x{3051}\x{3093}\x{3053}\x{3093}"
              RenderRubyBase (anonymous) at (0,0) size 24x54
                RenderInline {RB} at (0,0) size 16x52
                  RenderText {#text} at (4,1) size 16x52
                    text run at (4,1) width 52: "\x{5225}\x{4E7E}\x{5764}"
          RenderText {#text} at (1517,53) size 16x16
            text run at (1517,53) width 16: "\x{3092}"
          RenderRuby (inline) {RUBY} at (0,0) size 16x39
            RenderRubyRun (anonymous) at (1513,66) size 24x45
              RenderRubyText {RT} at (-7,0) size 14x45
                RenderText {#text} at (2,0) size 9x45
                  text run at (2,0) width 45: "\x{3053}\x{3093}\x{308A}\x{3085}\x{3046}"
              RenderRubyBase (anonymous) at (0,0) size 24x45
                RenderInline {RB} at (0,0) size 16x39
                  RenderText {#text} at (4,3) size 16x39
                    text run at (4,3) width 38: "\x{5EFA}\x{7ACB}"
          RenderText {#text} at (1517,108) size 16x160
            text run at (1517,108) width 160: "\x{3057}\x{3066}\x{3044}\x{308B}\x{3002}\x{3053}\x{306E}\x{4E7E}\x{5764}\x{306E}"
          RenderRuby (inline) {RUBY} at (0,0) size 16x32
            RenderRubyRun (anonymous) at (1513,268) size 24x32
              RenderRubyText {RT} at (-7,0) size 14x32
                RenderText {#text} at (2,0) size 9x31
                  text run at (2,0) width 30: "\x{304F}\x{3069}\x{304F}"
              RenderRubyBase (anonymous) at (0,0) size 24x32
                RenderInline {RB} at (0,0) size 16x32
                  RenderText {#text} at (4,0) size 16x32
                    text run at (4,0) width 32: "\x{529F}\x{5FB3}"
          RenderText {#text} at (1517,300) size 16x32
            text run at (1517,300) width 32: "\x{306F}\x{300C}"
          RenderRuby (inline) {RUBY} at (0,0) size 16x48
            RenderRubyRun (anonymous) at (1513,332) size 24x48
              RenderRubyText {RT} at (-7,0) size 14x48
                RenderText {#text} at (2,0) size 9x48
                  text run at (2,0) width 47: "\x{307B}\x{3068}\x{3068}\x{304E}\x{3059}"
              RenderRubyBase (anonymous) at (0,0) size 24x48
                RenderInline {RB} at (0,0) size 16x48
                  RenderText {#text} at (4,0) size 16x48
                    text run at (4,0) width 48: "\x{4E0D}\x{5982}\x{5E30}"
          RenderText {#text} at (1517,380) size 16x48
            text run at (1517,380) width 48: "\x{300D}\x{3084}\x{300C}"
          RenderRuby (inline) {RUBY} at (0,0) size 16x64
            RenderRubyRun (anonymous) at (1513,428) size 24x64
              RenderRubyText {RT} at (-7,0) size 14x64
                RenderText {#text} at (2,0) size 9x64
                  text run at (2,0) width 63: "\x{3053}\x{3093}\x{3058}\x{304D}\x{3084}\x{3057}\x{3083}"
              RenderRubyBase (anonymous) at (0,0) size 24x64
                RenderInline {RB} at (0,0) size 16x64
                  RenderText {#text} at (4,0) size 16x64
                    text run at (4,0) width 64: "\x{91D1}\x{8272}\x{591C}\x{53C9}"
          RenderText {#text} at (1541,0) size 41x496
            text run at (1541,0) width 496: "\x{300D}\x{306E}\x{529F}\x{5FB3}\x{3067}\x{306F}\x{306A}\x{3044}\x{3002}\x{6C7D}\x{8239}\x{3001}\x{6C7D}\x{8ECA}\x{3001}\x{6A29}\x{5229}\x{3001}\x{7FA9}\x{52D9}\x{3001}\x{9053}\x{5FB3}\x{3001}\x{793C}\x{7FA9}\x{3067}\x{75B2}\x{308C}\x{679C}\x{3066}"
            text run at (1566,0) width 16: "\x{305F}"
          RenderRuby (inline) {RUBY} at (0,0) size 16x16
            RenderRubyRun (anonymous) at (1562,15) size 24x18
              RenderRubyText {RT} at (-7,0) size 14x18
                RenderText {#text} at (2,0) size 9x18
                  text run at (2,0) width 18: "\x{306E}\x{3061}"
              RenderRubyBase (anonymous) at (0,0) size 24x18
                RenderInline {RB} at (0,0) size 16x16
                  RenderText {#text} at (4,1) size 16x16
                    text run at (4,1) width 16: "\x{5F8C}"
          RenderText {#text} at (1566,32) size 16x416
            text run at (1566,32) width 416: "\x{306B}\x{3001}\x{3059}\x{3079}\x{3066}\x{3092}\x{5FD8}\x{5374}\x{3057}\x{3066}\x{3050}\x{3063}\x{3059}\x{308A}\x{5BDD}\x{8FBC}\x{3080}\x{3088}\x{3046}\x{306A}\x{529F}\x{5FB3}\x{3067}\x{3042}\x{308B}\x{3002}"
          RenderBR {BR} at (1566,448) size 16x0
