layer at (0,0) size 800x600
  RenderView at (0,0) size 800x600
layer at (0,0) size 800x352
  RenderBlock {HTML} at (0,0) size 800x352
    RenderBody {BODY} at (8,8) size 784x336
      RenderBlock (anonymous) at (0,0) size 784x54
        RenderText {#text} at (0,0) size 342x17
          text run at (0,0) width 342: "Tests if glyph caches of different languages interfere."
        RenderBR {BR} at (341,0) size 1x17
        RenderText {#text} at (0,18) size 743x35
          text run at (0,18) width 743: "On systems that the locales have different font preferences, the following divs should be displayed in corresponding"
          text run at (0,36) width 180: "preferred fonts respectively."
        RenderBR {BR} at (179,36) size 1x17
      RenderBlock {DIV} at (0,54) size 784x94
        RenderBlock (anonymous) at (0,0) size 784x18
          RenderText {#text} at (0,0) size 130x17
            text run at (0,0) width 130: "Default font-family:"
        RenderBlock {DIV} at (0,18) size 784x19
          RenderText {#text} at (0,1) size 180x17
            text run at (0,1) width 180: "Simplified Chinese: \x{8AA4}\x{904E}\x{9AA8}"
        RenderBlock {DIV} at (0,37) size 784x19
          RenderText {#text} at (0,1) size 184x17
            text run at (0,1) width 184: "Traditional Chinese: \x{8AA4}\x{904E}\x{9AA8}"
        RenderBlock {DIV} at (0,56) size 784x19
          RenderText {#text} at (0,1) size 114x17
            text run at (0,1) width 114: "Japanese: \x{8AA4}\x{904E}\x{9AA8}"
        RenderBlock {DIV} at (0,75) size 784x19
          RenderText {#text} at (0,1) size 104x17
            text run at (0,1) width 104: "Korean: \x{8AA4}\x{904E}\x{9AA8}"
      RenderBlock {DIV} at (0,148) size 784x94
        RenderBlock (anonymous) at (0,0) size 784x18
          RenderText {#text} at (0,0) size 224x17
            text run at (0,0) width 224: "Generic font-family (sans-serif):"
        RenderBlock {DIV} at (0,18) size 784x19
          RenderText {#text} at (0,1) size 190x17
            text run at (0,1) width 190: "Simplified Chinese: \x{8AA4}\x{904E}\x{9AA8}"
        RenderBlock {DIV} at (0,37) size 784x19
          RenderText {#text} at (0,1) size 195x17
            text run at (0,1) width 195: "Traditional Chinese: \x{8AA4}\x{904E}\x{9AA8}"
        RenderBlock {DIV} at (0,56) size 784x19
          RenderText {#text} at (0,1) size 127x17
            text run at (0,1) width 127: "Japanese: \x{8AA4}\x{904E}\x{9AA8}"
        RenderBlock {DIV} at (0,75) size 784x19
          RenderText {#text} at (0,1) size 109x17
            text run at (0,1) width 109: "Korean: \x{8AA4}\x{904E}\x{9AA8}"
      RenderBlock {DIV} at (0,242) size 784x94
        RenderBlock (anonymous) at (0,0) size 784x18
          RenderText {#text} at (0,0) size 301x17
            text run at (0,0) width 301: "Non-generic font-family (Times New Roman):"
        RenderBlock {DIV} at (0,18) size 784x19
          RenderText {#text} at (0,1) size 180x17
            text run at (0,1) width 180: "Simplified Chinese: \x{8AA4}\x{904E}\x{9AA8}"
        RenderBlock {DIV} at (0,37) size 784x19
          RenderText {#text} at (0,1) size 184x17
            text run at (0,1) width 184: "Traditional Chinese: \x{8AA4}\x{904E}\x{9AA8}"
        RenderBlock {DIV} at (0,56) size 784x19
          RenderText {#text} at (0,1) size 114x17
            text run at (0,1) width 114: "Japanese: \x{8AA4}\x{904E}\x{9AA8}"
        RenderBlock {DIV} at (0,75) size 784x19
          RenderText {#text} at (0,1) size 104x17
            text run at (0,1) width 104: "Korean: \x{8AA4}\x{904E}\x{9AA8}"
