layer at (0,0) size 800x600
  RenderView at (0,0) size 800x600
layer at (0,0) size 800x86
  RenderBlock {HTML} at (0,0) size 800x86
    RenderBody {BODY} at (8,8) size 784x70
      RenderText {#text} at (0,0) size 749x70
        text run at (0,0) width 749: "This test shows what alt content looks like when an image errors out on a page with a CSP that blocks data: URIs for"
        text run at (0,54) width 54: "images. "
      RenderBlock {IMG} at (53.31,16) size 50x50
      RenderText {#text} at (0,0) size 0x0
layer at (61,24) size 50x50 clip at (62,25) size 48x48
  RenderBlock {DIV} at (0,0) size 50x50 [border: (1px solid #C0C0C0)]
    RenderImage {IMG} at (2,2) size 16x16
layer at (79,26) size 30x32
  RenderBlock {DIV} at (18,2) size 30x32
    RenderText {#text} at (0,0) size 24x32
      text run at (0,0) width 16: "alt"
      text run at (0,16) width 24: "text"
