layer at (0,0) size 800x600
  RenderView at (0,0) size 800x600
layer at (0,0) size 800x31
  RenderBlock {HTML} at (0,0) size 800x31
    RenderBody {BODY} at (0,0) size 800x30 [bgcolor=#000000]
      RenderBlock {A} at (0,0) size 800x30 [color=#0000EE] [bgcolor=#FF0000]
        RenderText {#text} at (10,5) size 37x19
          text run at (10,5) width 37: "Home"
layer at (55,190) size 50x50
  RenderBlock (positioned) {IMG} at (55,190) size 50x50
layer at (55,190) size 50x50 clip at (56,191) size 48x48
  RenderBlock {DIV} at (0,0) size 50x50 [border: (1px solid #C0C0C0)]
    RenderImage {IMG} at (2,2) size 16x16
layer at (73,192) size 30x0
  RenderBlock {DIV} at (18,2) size 30x0
layer at (55,190) size 50x50
  RenderBlock (positioned) {DIV} at (55,190) size 50x50 [bgcolor=#008000]
