layer at (0,0) size 800x600
  RenderView at (0,0) size 800x600
layer at (0,0) size 800x600
  RenderBlock {HTML} at (0,0) size 800x600
    RenderBody {BODY} at (8,8) size 784x584
      RenderBlock (anonymous) at (0,0) size 784x16
        RenderText {#text} at (0,0) size 342x16
          text run at (0,0) width 342: "If bug 12268 is not fixed, then the table is too narrow"
      RenderTable {TABLE} at (0,16) size 610x110 [border: (1px outset #808080)]
        RenderTableSection {TBODY} at (1,1) size 608x108
          RenderTableRow {TR} at (0,2) size 608x104
            RenderTableCell {TD} at (2,2) size 604x104 [border: (1px inset #808080)] [r=0 c=0 rs=1 cs=1]
              RenderBlock {IMG} at (2,2) size 600x100
layer at (13,29) size 600x100 clip at (14,30) size 598x98
  RenderBlock {DIV} at (0,0) size 600x100 [border: (1px solid #C0C0C0)]
    RenderImage {IMG} at (2,2) size 16x16
layer at (31,31) size 580x0
  RenderBlock {DIV} at (18,2) size 580x0
