layer at (0,0) size 800x600
  RenderView at (0,0) size 800x600
layer at (0,0) size 800x600
  RenderBlock {HTML} at (0,0) size 800x600
    RenderBody {BODY} at (8,8) size 784x584
      RenderBlock {P} at (0,0) size 784x16
        RenderText {#text} at (0,0) size 741x16
          text run at (0,0) width 158: "Here's the original case. "
          text run at (157,0) width 584: "All of the cells have images that fill to their given widths except the ones marked \"Empty\"."
      RenderTable {TABLE} at (0,32) size 566x60 [bgcolor=#00FFFF]
        RenderTableSection {TBODY} at (0,0) size 566x60
          RenderTableRow {TR} at (0,0) size 566x40
            RenderTableCell {TD} at (0,0) size 222x40 [bgcolor=#FF0000] [r=0 c=0 rs=1 cs=1]
              RenderBlock {IMG} at (0,0) size 222x40
            RenderTableCell {TD} at (222,0) size 145x40 [bgcolor=#666600] [r=0 c=1 rs=1 cs=1]
              RenderBlock {IMG} at (0,0) size 145x40
            RenderTableCell {TD} at (367,12) size 199x16 [bgcolor=#009999] [r=0 c=2 rs=1 cs=1]
              RenderText {#text} at (0,0) size 43x16
                text run at (0,0) width 43: "Empty"
          RenderTableRow {TR} at (0,40) size 566x20
            RenderTableCell {TD} at (0,40) size 367x20 [bgcolor=#0000FF] [r=1 c=0 rs=1 cs=2]
              RenderBlock {IMG} at (0,0) size 367x20
            RenderTableCell {TD} at (367,42) size 199x16 [bgcolor=#990099] [r=1 c=2 rs=1 cs=1]
              RenderText {#text} at (0,0) size 43x16
                text run at (0,0) width 43: "Empty"
      RenderBlock {P} at (0,108) size 784x16
        RenderText {#text} at (0,0) size 386x16
          text run at (0,0) width 386: "If we fill either empty out with text, the problem goes away."
      RenderTable {TABLE} at (0,140) size 566x68 [bgcolor=#00FFFF]
        RenderTableSection {TBODY} at (0,0) size 566x68
          RenderTableRow {TR} at (0,0) size 566x48
            RenderTableCell {TD} at (0,4) size 222x40 [bgcolor=#FF0000] [r=0 c=0 rs=1 cs=1]
              RenderBlock {IMG} at (0,0) size 222x40
            RenderTableCell {TD} at (222,4) size 145x40 [bgcolor=#666600] [r=0 c=1 rs=1 cs=1]
              RenderBlock {IMG} at (0,0) size 145x40
            RenderTableCell {TD} at (367,0) size 199x48 [bgcolor=#009999] [r=0 c=2 rs=1 cs=1]
              RenderText {#text} at (0,0) size 197x48
                text run at (0,0) width 197: "Empty - lots of text here now -"
                text run at (0,16) width 188: "and more and more and more"
                text run at (0,32) width 54: "text in it"
          RenderTableRow {TR} at (0,48) size 566x20
            RenderTableCell {TD} at (0,48) size 367x20 [bgcolor=#0000FF] [r=1 c=0 rs=1 cs=2]
              RenderBlock {IMG} at (0,0) size 367x20
            RenderTableCell {TD} at (367,50) size 199x16 [bgcolor=#990099] [r=1 c=2 rs=1 cs=1]
              RenderText {#text} at (0,0) size 43x16
                text run at (0,0) width 43: "Empty"
      RenderBlock {P} at (0,224) size 784x16
        RenderText {#text} at (0,0) size 4x16
          text run at (0,0) width 4: " "
      RenderTable {TABLE} at (0,256) size 566x72 [bgcolor=#00FFFF]
        RenderTableSection {TBODY} at (0,0) size 566x72
          RenderTableRow {TR} at (0,0) size 566x40
            RenderTableCell {TD} at (0,0) size 222x40 [bgcolor=#FF0000] [r=0 c=0 rs=1 cs=1]
              RenderBlock {IMG} at (0,0) size 222x40
            RenderTableCell {TD} at (222,0) size 145x40 [bgcolor=#666600] [r=0 c=1 rs=1 cs=1]
              RenderBlock {IMG} at (0,0) size 145x40
            RenderTableCell {TD} at (367,12) size 199x16 [bgcolor=#009999] [r=0 c=2 rs=1 cs=1]
              RenderText {#text} at (0,0) size 43x16
                text run at (0,0) width 43: "Empty"
          RenderTableRow {TR} at (0,40) size 566x32
            RenderTableCell {TD} at (0,46) size 367x20 [bgcolor=#0000FF] [r=1 c=0 rs=1 cs=2]
              RenderBlock {IMG} at (0,0) size 367x20
            RenderTableCell {TD} at (367,40) size 199x32 [bgcolor=#990099] [r=1 c=2 rs=1 cs=1]
              RenderText {#text} at (0,0) size 186x32
                text run at (0,0) width 186: "Empty - this has lots and lots"
                text run at (0,16) width 125: "and lots of text in it"
      RenderBlock {P} at (0,344) size 784x16
        RenderText {#text} at (0,0) size 473x16
          text run at (0,0) width 473: "Taking away either the cellpadding=0 or cellspacing=0 fixes the problem."
      RenderTable {TABLE} at (0,376) size 566x70 [bgcolor=#00FFFF]
        RenderTableSection {TBODY} at (0,0) size 566x70
          RenderTableRow {TR} at (0,2) size 566x42
            RenderTableCell {TD} at (2,2) size 224x42 [bgcolor=#FF0000] [r=0 c=0 rs=1 cs=1]
              RenderBlock {IMG} at (1,1) size 222x40
            RenderTableCell {TD} at (228,2) size 147x42 [bgcolor=#666600] [r=0 c=1 rs=1 cs=1]
              RenderBlock {IMG} at (1,1) size 145x40
            RenderTableCell {TD} at (377,14) size 187x18 [bgcolor=#009999] [r=0 c=2 rs=1 cs=1]
              RenderText {#text} at (1,1) size 43x16
                text run at (1,1) width 43: "Empty"
          RenderTableRow {TR} at (0,46) size 566x22
            RenderTableCell {TD} at (2,46) size 373x22 [bgcolor=#0000FF] [r=1 c=0 rs=1 cs=2]
              RenderBlock {IMG} at (1,1) size 367x20
            RenderTableCell {TD} at (377,48) size 187x18 [bgcolor=#990099] [r=1 c=2 rs=1 cs=1]
              RenderText {#text} at (1,1) size 43x16
                text run at (1,1) width 43: "Empty"
      RenderBlock {P} at (0,462) size 784x16
        RenderText {#text} at (0,0) size 324x16
          text run at (0,0) width 324: "As does removing the explicit width on the table..."
      RenderTable {TABLE} at (0,494) size 566x60 [bgcolor=#00FFFF]
        RenderTableSection {TBODY} at (0,0) size 566x60
          RenderTableRow {TR} at (0,0) size 566x40
            RenderTableCell {TD} at (0,0) size 222x40 [bgcolor=#FF0000] [r=0 c=0 rs=1 cs=1]
              RenderBlock {IMG} at (0,0) size 222x40
            RenderTableCell {TD} at (222,0) size 145x40 [bgcolor=#666600] [r=0 c=1 rs=1 cs=1]
              RenderBlock {IMG} at (0,0) size 145x40
            RenderTableCell {TD} at (367,12) size 199x16 [bgcolor=#009999] [r=0 c=2 rs=1 cs=1]
              RenderText {#text} at (0,0) size 43x16
                text run at (0,0) width 43: "Empty"
          RenderTableRow {TR} at (0,40) size 566x20
            RenderTableCell {TD} at (0,40) size 367x20 [bgcolor=#0000FF] [r=1 c=0 rs=1 cs=2]
              RenderBlock {IMG} at (0,0) size 367x20
            RenderTableCell {TD} at (367,42) size 199x16 [bgcolor=#990099] [r=1 c=2 rs=1 cs=1]
              RenderText {#text} at (0,0) size 43x16
                text run at (0,0) width 43: "Empty"
layer at (8,40) size 222x40 clip at (9,41) size 220x38
  RenderBlock {DIV} at (0,0) size 222x40 [border: (1px solid #C0C0C0)]
layer at (10,42) size 218x16
  RenderBlock {DIV} at (2,2) size 218x16
    RenderText {#text} at (0,0) size 108x16
      text run at (0,0) width 108: "Hometown AOL"
layer at (230,40) size 145x40 clip at (231,41) size 143x38
  RenderBlock {DIV} at (0,0) size 145x40 [border: (1px solid #C0C0C0)]
layer at (232,42) size 141x16
  RenderBlock {DIV} at (2,2) size 141x16
    RenderText {#text} at (0,0) size 108x16
      text run at (0,0) width 108: "Quick Start Link"
layer at (8,80) size 367x20 clip at (9,81) size 365x18
  RenderBlock {DIV} at (0,0) size 367x20 [border: (1px solid #C0C0C0)]
layer at (10,82) size 363x16
  RenderBlock {DIV} at (2,2) size 363x16
    RenderText {#text} at (0,0) size 62x16
      text run at (0,0) width 62: "Welcome"
layer at (8,152) size 222x40 clip at (9,153) size 220x38
  RenderBlock {DIV} at (0,0) size 222x40 [border: (1px solid #C0C0C0)]
layer at (10,154) size 218x16
  RenderBlock {DIV} at (2,2) size 218x16
    RenderText {#text} at (0,0) size 108x16
      text run at (0,0) width 108: "Hometown AOL"
layer at (230,152) size 145x40 clip at (231,153) size 143x38
  RenderBlock {DIV} at (0,0) size 145x40 [border: (1px solid #C0C0C0)]
layer at (232,154) size 141x16
  RenderBlock {DIV} at (2,2) size 141x16
    RenderText {#text} at (0,0) size 108x16
      text run at (0,0) width 108: "Quick Start Link"
layer at (8,196) size 367x20 clip at (9,197) size 365x18
  RenderBlock {DIV} at (0,0) size 367x20 [border: (1px solid #C0C0C0)]
layer at (10,198) size 363x16
  RenderBlock {DIV} at (2,2) size 363x16
    RenderText {#text} at (0,0) size 62x16
      text run at (0,0) width 62: "Welcome"
layer at (8,264) size 222x40 clip at (9,265) size 220x38
  RenderBlock {DIV} at (0,0) size 222x40 [border: (1px solid #C0C0C0)]
layer at (10,266) size 218x16
  RenderBlock {DIV} at (2,2) size 218x16
    RenderText {#text} at (0,0) size 108x16
      text run at (0,0) width 108: "Hometown AOL"
layer at (230,264) size 145x40 clip at (231,265) size 143x38
  RenderBlock {DIV} at (0,0) size 145x40 [border: (1px solid #C0C0C0)]
layer at (232,266) size 141x16
  RenderBlock {DIV} at (2,2) size 141x16
    RenderText {#text} at (0,0) size 108x16
      text run at (0,0) width 108: "Quick Start Link"
layer at (8,310) size 367x20 clip at (9,311) size 365x18
  RenderBlock {DIV} at (0,0) size 367x20 [border: (1px solid #C0C0C0)]
layer at (10,312) size 363x16
  RenderBlock {DIV} at (2,2) size 363x16
    RenderText {#text} at (0,0) size 62x16
      text run at (0,0) width 62: "Welcome"
layer at (11,387) size 222x40 clip at (12,388) size 220x38
  RenderBlock {DIV} at (0,0) size 222x40 [border: (1px solid #C0C0C0)]
layer at (13,389) size 218x16
  RenderBlock {DIV} at (2,2) size 218x16
    RenderText {#text} at (0,0) size 108x16
      text run at (0,0) width 108: "Hometown AOL"
layer at (237,387) size 145x40 clip at (238,388) size 143x38
  RenderBlock {DIV} at (0,0) size 145x40 [border: (1px solid #C0C0C0)]
layer at (239,389) size 141x16
  RenderBlock {DIV} at (2,2) size 141x16
    RenderText {#text} at (0,0) size 108x16
      text run at (0,0) width 108: "Quick Start Link"
layer at (11,431) size 367x20 clip at (12,432) size 365x18
  RenderBlock {DIV} at (0,0) size 367x20 [border: (1px solid #C0C0C0)]
layer at (13,433) size 363x16
  RenderBlock {DIV} at (2,2) size 363x16
    RenderText {#text} at (0,0) size 62x16
      text run at (0,0) width 62: "Welcome"
layer at (8,502) size 222x40 clip at (9,503) size 220x38
  RenderBlock {DIV} at (0,0) size 222x40 [border: (1px solid #C0C0C0)]
layer at (10,504) size 218x16
  RenderBlock {DIV} at (2,2) size 218x16
    RenderText {#text} at (0,0) size 108x16
      text run at (0,0) width 108: "Hometown AOL"
layer at (230,502) size 145x40 clip at (231,503) size 143x38
  RenderBlock {DIV} at (0,0) size 145x40 [border: (1px solid #C0C0C0)]
layer at (232,504) size 141x16
  RenderBlock {DIV} at (2,2) size 141x16
    RenderText {#text} at (0,0) size 108x16
      text run at (0,0) width 108: "Quick Start Link"
layer at (8,542) size 367x20 clip at (9,543) size 365x18
  RenderBlock {DIV} at (0,0) size 367x20 [border: (1px solid #C0C0C0)]
layer at (10,544) size 363x16
  RenderBlock {DIV} at (2,2) size 363x16
    RenderText {#text} at (0,0) size 62x16
      text run at (0,0) width 62: "Welcome"
