layer at (0,0) size 800x600
  RenderView at (0,0) size 800x600
layer at (0,0) size 800x600
  RenderBlock {HTML} at (0,0) size 800x600
    RenderBody {BODY} at (8,8) size 784x584
      RenderBlock {P} at (0,0) size 784x16
        RenderText {#text} at (0,0) size 216x16
          text run at (0,0) width 216: "Image URLs intentionally broken"
      RenderTable {TABLE} at (0,32) size 732x57
        RenderTableSection {TBODY} at (0,0) size 732x57
          RenderTableRow {TR} at (0,2) size 732x53
            RenderTableCell {TD} at (2,2) size 728x53 [r=0 c=0 rs=1 cs=1]
              RenderBlock {IMG} at (1,1) size 167x51
              RenderBlock {IMG} at (168,1) size 181x51
              RenderBlock {IMG} at (349,1) size 205x51
              RenderBlock {IMG} at (554,1) size 173x51
      RenderBlock {P} at (0,105) size 784x16
        RenderText {#text} at (0,0) size 462x16
          text run at (0,0) width 462: "Identical to the above except that width=\"100%\" was removed from TD"
      RenderTable {TABLE} at (0,137) size 732x57
        RenderTableSection {TBODY} at (0,0) size 732x57
          RenderTableRow {TR} at (0,2) size 732x53
            RenderTableCell {TD} at (2,2) size 728x53 [r=0 c=0 rs=1 cs=1]
              RenderBlock {IMG} at (1,1) size 167x51
              RenderBlock {IMG} at (168,1) size 181x51
              RenderBlock {IMG} at (349,1) size 205x51
              RenderBlock {IMG} at (554,1) size 173x51
layer at (11,43) size 167x51 clip at (12,44) size 165x49
  RenderBlock {DIV} at (0,0) size 167x51 [border: (1px solid #C0C0C0)]
    RenderImage {IMG} at (2,2) size 16x16
layer at (29,45) size 147x0
  RenderBlock {DIV} at (18,2) size 147x0
layer at (178,43) size 181x51 clip at (179,44) size 179x49
  RenderBlock {DIV} at (0,0) size 181x51 [border: (1px solid #C0C0C0)]
    RenderImage {IMG} at (2,2) size 16x16
layer at (196,45) size 161x0
  RenderBlock {DIV} at (18,2) size 161x0
layer at (359,43) size 205x51 clip at (360,44) size 203x49
  RenderBlock {DIV} at (0,0) size 205x51 [border: (1px solid #C0C0C0)]
    RenderImage {IMG} at (2,2) size 16x16
layer at (377,45) size 185x0
  RenderBlock {DIV} at (18,2) size 185x0
layer at (564,43) size 173x51 clip at (565,44) size 171x49
  RenderBlock {DIV} at (0,0) size 173x51 [border: (1px solid #C0C0C0)]
    RenderImage {IMG} at (2,2) size 16x16
layer at (582,45) size 153x0
  RenderBlock {DIV} at (18,2) size 153x0
layer at (11,148) size 167x51 clip at (12,149) size 165x49
  RenderBlock {DIV} at (0,0) size 167x51 [border: (1px solid #C0C0C0)]
    RenderImage {IMG} at (2,2) size 16x16
layer at (29,150) size 147x0
  RenderBlock {DIV} at (18,2) size 147x0
layer at (178,148) size 181x51 clip at (179,149) size 179x49
  RenderBlock {DIV} at (0,0) size 181x51 [border: (1px solid #C0C0C0)]
    RenderImage {IMG} at (2,2) size 16x16
layer at (196,150) size 161x0
  RenderBlock {DIV} at (18,2) size 161x0
layer at (359,148) size 205x51 clip at (360,149) size 203x49
  RenderBlock {DIV} at (0,0) size 205x51 [border: (1px solid #C0C0C0)]
    RenderImage {IMG} at (2,2) size 16x16
layer at (377,150) size 185x0
  RenderBlock {DIV} at (18,2) size 185x0
layer at (564,148) size 173x51 clip at (565,149) size 171x49
  RenderBlock {DIV} at (0,0) size 173x51 [border: (1px solid #C0C0C0)]
    RenderImage {IMG} at (2,2) size 16x16
layer at (582,150) size 153x0
  RenderBlock {DIV} at (18,2) size 153x0
