EDITING DELEGATE: webViewDidChangeSelection:WebViewDidChangeSelectionNotification
EDITING DELEGATE: webViewDidChangeSelection:WebViewDidChangeSelectionNotification
EDITING DELEGATE: webViewDidChange:WebViewDidChangeNotification
EDITING DELEGATE: webViewDidChangeSelection:WebViewDidChangeSelectionNotification
EDITING DELEGATE: webViewDidChange:WebViewDidChangeNotification
layer at (0,0) size 800x600
  RenderView at (0,0) size 800x600
layer at (0,0) size 800x600
  RenderBlock {HTML} at (0,0) size 800x600
    RenderBody {BODY} at (8,8) size 784x576
      RenderBlock {P} at (0,0) size 784x32
        RenderText {#text} at (0,0) size 764x32
          text run at (0,0) width 313: "This is a test of execCommand(InsertImage, ...). "
          text run at (312,0) width 452: "The first test passes execCommand a path to a valid image, the second"
          text run at (0,16) width 375: "passes execCommand a path where no image should exist."
      RenderBlock {DIV} at (0,48) size 784x103
        RenderImage {IMG} at (0,0) size 76x103
        RenderBlock {IMG} at (76,83) size 20x20
      RenderBlock {UL} at (0,167) size 784x0
layer at (84,139) size 20x20 clip at (85,140) size 18x18
  RenderBlock {DIV} at (0,0) size 20x20 [border: (1px solid #C0C0C0)]
    RenderImage {IMG} at (2,2) size 16x16
layer at (102,141) size 0x0
  RenderBlock {DIV} at (18,2) size 0x0
caret: position 1 of child 1 {IMG} of child 3 {DIV} of body
