layer at (0,0) size 800x600
  RenderView at (0,0) size 800x600
layer at (0,0) size 800x600
  RenderBlock {HTML} at (0,0) size 800x600
    RenderBody {BODY} at (8,8) size 784x584
      RenderBlock {IMG} at (0,0) size 20x20
      RenderText {#text} at (20,5) size 210x19
        text run at (20,5) width 210: " This text should only appear once."
      RenderText {#text} at (0,0) size 0x0
layer at (8,8) size 20x20 clip at (9,9) size 18x18
  RenderBlock {DIV} at (0,0) size 20x20 [border: (1px solid #C0C0C0)]
    RenderImage {IMG} at (2,2) size 16x16
layer at (26,10) size 0x0
  RenderBlock {DIV} at (18,2) size 0x0
