layer at (0,0) size 800x600 scrollHeight 672
  RenderView at (0,0) size 800x600
layer at (0,0) size 800x672 backgroundClip at (0,0) size 800x600 clip at (0,0) size 800x600 outlineClip at (0,0) size 800x600
  RenderBlock {HTML} at (0,0) size 800x672
    RenderBody {BODY} at (8,8) size 784x656
      RenderBlock {P} at (0,0) size 784x40
        RenderText {#text} at (0,0) size 753x39
          text run at (0,0) width 668: "This test exercises the vertical text rendering feature of Blink's shaping code, and checks for errors in font code "
          text run at (668,0) width 85: "path selection:"
          text run at (0,20) width 570: "Vertical text should always go through the shaper. It exercises glyph orientation difficulties with "
          text run at (570,20) width 113: "two different fonts."
      RenderBlock {DIV} at (0,56) size 348x600
        RenderBlock {DIV} at (0,0) size 174x453 [border: (1px solid #008000)]
          RenderInline {SPAN} at (0,0) size 41x170
            RenderText {#text} at (2,1) size 41x170
              text run at (2,1) width 170: "Hello world"
          RenderBR {BR} at (11,171) size 0x0
          RenderInline {SPAN} at (0,0) size 41x451
            RenderText {#text} at (45,1) size 41x451
              text run at (45,1) width 451: "Hello world"
          RenderBR {BR} at (54,452) size 0x0
          RenderInline {SPAN} at (0,0) size 41x170
            RenderText {#text} at (88,1) size 41x170
              text run at (88,1) width 170: "Hello world"
          RenderBR {BR} at (97,171) size 0x0
          RenderInline {SPAN} at (0,0) size 41x451
            RenderText {#text} at (131,1) size 41x451
              text run at (131,1) width 451: "Hello world"
          RenderBR {BR} at (140,452) size 0x0
        RenderText {#text} at (0,0) size 0x0
        RenderBlock {DIV} at (174,0) size 174x453 [border: (1px solid #008000)]
          RenderInline {SPAN} at (0,0) size 41x170
            RenderText {#text} at (2,1) size 41x170
              text run at (2,1) width 170: "Hello world"
          RenderBR {BR} at (11,171) size 0x0
          RenderInline {SPAN} at (0,0) size 41x451
            RenderText {#text} at (45,1) size 41x451
              text run at (45,1) width 451: "Hello world"
          RenderBR {BR} at (54,452) size 0x0
          RenderInline {SPAN} at (0,0) size 41x170
            RenderText {#text} at (88,1) size 41x170
              text run at (88,1) width 170: "Hello world"
          RenderBR {BR} at (97,171) size 0x0
          RenderInline {SPAN} at (0,0) size 41x451
            RenderText {#text} at (131,1) size 41x451
              text run at (131,1) width 451: "Hello world"
          RenderBR {BR} at (140,452) size 0x0
        RenderText {#text} at (0,0) size 0x0
