layer at (0,0) size 800x600
  RenderView at (0,0) size 800x600
layer at (0,0) size 800x188
  RenderBlock {html} at (0,0) size 800x187.88
    RenderBlock {parsererror} at (16,16) size 768x135.88 [bgcolor=#FFDDDD] [border: (2px solid #CC7777)]
      RenderBlock {h3} at (18,20.72) size 732x21
        RenderText {#text} at (0,0) size 306x20
          text run at (0,0) width 306: "This page contains the following errors:"
      RenderBlock {div} at (18,60.44) size 732x15
        RenderText {#text} at (0,0) size 385x15
          text run at (0,0) width 385: "error on line 4 at column 13: Entity 'fnof' not defined"
          text run at (385,0) width 0: " "
      RenderBlock {h3} at (18,94.16) size 732x21
        RenderText {#text} at (0,0) size 408x20
          text run at (0,0) width 408: "Below is a rendering of the page up to the first error."
    RenderBlock (anonymous) at (0,167.88) size 800x20
      RenderInline {h1} at (0,0) size 0x0
        RenderText {#text} at (0,0) size 0x0
      RenderText {#text} at (0,0) size 0x0
      RenderText {#text} at (0,0) size 0x0
      RenderInline {p} at (0,0) size 466x19
        RenderInline {font} at (0,0) size 466x19
          RenderText {#text} at (0,0) size 466x19
            text run at (0,0) width 246: "This should be the only line on this page. "
            text run at (246,0) width 220: "You should see a parse error above."
      RenderText {#text} at (0,0) size 0x0
