layer at (0,0) size 800x600
  RenderView at (0,0) size 800x600
layer at (0,0) size 800x392
  RenderBlock {HTML} at (0,0) size 800x392.44
    RenderBody {BODY} at (8,18.72) size 784x365.72
      RenderBlock {H3} at (0,0) size 784x21
        RenderText {#text} at (0,0) size 87x20
          text run at (0,0) width 87: "It passes if:"
      RenderBlock {UL} at (0,39.72) size 784x60
        RenderListItem {LI} at (40,0) size 744x20
          RenderListMarker at (-18,0) size 7x19: bullet
          RenderText {#text} at (0,0) size 389x19
            text run at (0,0) width 389: "the video content has rounded corners (top left and bottom right)"
        RenderListItem {LI} at (40,20) size 744x20
          RenderListMarker at (-18,0) size 7x19: bullet
          RenderText {#text} at (0,0) size 451x19
            text run at (0,0) width 451: "the remaining space is gray and has same rounded corners as video content"
        RenderListItem {LI} at (40,40) size 744x20
          RenderListMarker at (-18,0) size 7x19: bullet
          RenderText {#text} at (0,0) size 253x19
            text run at (0,0) width 253: "has box shadow around the video element"
      RenderBlock (anonymous) at (0,115.72) size 784x250
        RenderText {#text} at (0,0) size 0x0
layer at (18,144) size 500x225
  RenderVideo {VIDEO} at (10,10) size 500x225 [bgcolor=#808080]
layer at (18,144) size 500x225
  RenderFlexibleBox {DIV} at (0,0) size 500x225
    RenderBlock {DIV} at (0,190) size 500x35
layer at (18,144) size 500x190
  RenderFlexibleBox {DIV} at (0,0) size 500x190
