layer at (0,0) size 800x600
  RenderView at (0,0) size 800x600
layer at (0,0) size 800x352
  RenderBlock {HTML} at (0,0) size 800x352.44
    RenderBody {BODY} at (8,18.72) size 784x325.72
      RenderBlock {H3} at (0,0) size 784x21
        RenderText {#text} at (0,0) size 87x20
          text run at (0,0) width 87: "It passes if:"
      RenderBlock {UL} at (0,39.72) size 784x40
        RenderListItem {LI} at (40,0) size 744x20
          RenderListMarker at (-18,0) size 7x19: bullet
          RenderText {#text} at (0,0) size 389x19
            text run at (0,0) width 389: "the video content has rounded corners (top left and bottom right)"
        RenderListItem {LI} at (40,20) size 744x20
          RenderListMarker at (-18,0) size 7x19: bullet
          RenderText {#text} at (0,0) size 451x19
            text run at (0,0) width 451: "the remaining space is gray and has same rounded corners as video content"
      RenderBlock (anonymous) at (0,95.72) size 784x230
        RenderText {#text} at (0,0) size 0x0
layer at (8,114) size 500x225
  RenderVideo {VIDEO} at (0,0) size 500x225 [bgcolor=#808080]
layer at (8,114) size 500x225
  RenderFlexibleBox {DIV} at (0,0) size 500x225
    RenderBlock {DIV} at (0,190) size 500x35
layer at (8,114) size 500x190
  RenderFlexibleBox {DIV} at (0,0) size 500x190
