layer at (0,0) size 800x600
  RenderView at (0,0) size 800x600
layer at (0,0) size 800x94
  RenderBlock {HTML} at (0,0) size 800x94.44 [bgcolor=#666666]
    RenderBody {BODY} at (8,18.72) size 784x59.72
      RenderBlock {H3} at (0,0) size 784x21
        RenderText {#text} at (0,0) size 433x20
          text run at (0,0) width 433: "Test of unqualifed :hover selector in strict parsing mode"
      RenderBlock {P} at (0,39.72) size 784x20
        RenderText {#text} at (0,0) size 655x19
          text run at (0,0) width 655: "Moving the mouse anywhere over the document should result in the background color being changed to grey."
