layer at (0,0) size 800x600
  RenderView at (0,0) size 800x600
layer at (0,0) size 800x600
  RenderBlock {HTML} at (0,0) size 800x600
    RenderBody {BODY} at (8,8) size 784x584
      RenderBlock {IMG} at (0,0) size 100x100
      RenderText {#text} at (0,0) size 0x0
layer at (8,8) size 100x100 clip at (9,9) size 98x98 scrollHeight 102
  RenderBlock {DIV} at (0,0) size 100x100 [border: (1px solid #C0C0C0)]
    RenderImage {IMG} at (2,2) size 16x16
layer at (26,10) size 80x100 backgroundClip at (26,10) size 80x97 clip at (26,10) size 80x97 outlineClip at (9,9) size 98x98
  RenderBlock {DIV} at (18,2) size 80x100
    RenderText {#text} at (0,0) size 74x99
      text run at (0,0) width 51: "This text"
      text run at (0,20) width 74: "should wrap"
      text run at (0,40) width 56: "inside the"
      text run at (0,60) width 47: "fallback"
      text run at (0,80) width 48: "content."
