layer at (0,0) size 800x600
  RenderView at (0,0) size 800x600
layer at (0,0) size 800x204
  RenderBlock {HTML} at (0,0) size 800x204
    RenderBody {BODY} at (8,8) size 784x180
      RenderBlock (anonymous) at (0,0) size 784x16
        RenderText {#text} at (0,0) size 502x16
          text run at (0,0) width 264: "You should see a green rectangle below. "
          text run at (263,0) width 239: "If you see any red, the test has failed."
        RenderText {#text} at (0,0) size 0x0
      RenderBlock {P} at (0,162) size 784x18 [border: (1px solid #000000)]
        RenderText {#text} at (1,1) size 189x16
          text run at (1,1) width 189: "This line should look normal."
layer at (8,24) size 384x130
  RenderBlock {DIV} at (0,16) size 384x130 [bgcolor=#FF0000]
    RenderInline {SPAN} at (0,0) size 320x65 [color=#008000] [border: (1px solid #008000) none]
      RenderText {#text} at (0,1) size 320x64
        text run at (0,1) width 320: "xxxxx"
    RenderInline {SPAN} at (0,0) size 64x128 [bgcolor=#008000]
    RenderBR {BR} at (384,1) size 0x64
    RenderBlock {DIV} at (0,2) size 64x128 [bgcolor=#008000]
    RenderInline {SPAN} at (0,0) size 320x65 [color=#008000] [border: (1px solid #008000) none]
      RenderText {#text} at (64,66) size 320x64
        text run at (64,66) width 320: "xxxxx"
    RenderText {#text} at (0,0) size 0x0
