layer at (0,0) size 800x600
  RenderView at (0,0) size 800x600
layer at (0,0) size 800x403
  RenderBlock {HTML} at (0,0) size 800x403
    RenderBody {BODY} at (8,16) size 784x370
      RenderBlock {P} at (0,0) size 784x16
        RenderText {#text} at (0,0) size 253x16
          text run at (0,0) width 253: "None of these should have clipped text."
      RenderBlock {DIV} at (0,32) size 784x338
layer at (8,48) size 784x12
  RenderBlock {P} at (0,0) size 784x12
    RenderText {#text} at (0,0) size 137x12
      text run at (0,0) width 137: "Lorem ipsum dolor sit amet."
layer at (8,73) size 784x12
  RenderBlock {P} at (0,25) size 784x12
    RenderText {#text} at (0,-1) size 148x13
      text run at (0,-1) width 148: "Lorem ipsum dolor sit amet."
layer at (8,99) size 784x14
  RenderBlock {P} at (0,51) size 784x14
    RenderText {#text} at (0,-1) size 160x15
      text run at (0,-1) width 160: "Lorem ipsum dolor sit amet."
layer at (8,128) size 784x15
  RenderBlock {P} at (0,80) size 784x15
    RenderText {#text} at (0,0) size 171x15
      text run at (0,0) width 171: "Lorem ipsum dolor sit amet."
layer at (8,159) size 784x15
  RenderBlock {P} at (0,111) size 784x15
    RenderText {#text} at (0,-1) size 182x16
      text run at (0,-1) width 182: "Lorem ipsum dolor sit amet."
layer at (8,191) size 784x16
  RenderBlock {P} at (0,143) size 784x16
    RenderText {#text} at (0,-1) size 194x17
      text run at (0,-1) width 194: "Lorem ipsum dolor sit amet."
layer at (8,224) size 784x12 scrollHeight 14
  RenderBlock {P} at (0,176) size 784x12
    RenderText {#text} at (0,2) size 54x12
      text run at (0,2) width 54: "\x{C9}tats-Unis."
layer at (8,249) size 784x13 scrollHeight 15
  RenderBlock {P} at (0,201) size 784x13
    RenderText {#text} at (0,2) size 59x13
      text run at (0,2) width 59: "\x{C9}tats-Unis."
layer at (8,276) size 784x14 scrollHeight 17
  RenderBlock {P} at (0,228) size 784x14
    RenderText {#text} at (0,2) size 63x15
      text run at (0,2) width 63: "\x{C9}tats-Unis."
layer at (8,305) size 784x15 scrollHeight 18
  RenderBlock {P} at (0,257) size 784x15
    RenderText {#text} at (0,3) size 68x15
      text run at (0,3) width 68: "\x{C9}tats-Unis."
layer at (8,336) size 784x16 scrollHeight 19
  RenderBlock {P} at (0,288) size 784x16
    RenderText {#text} at (0,3) size 72x16
      text run at (0,3) width 72: "\x{C9}tats-Unis."
layer at (8,369) size 784x17 scrollHeight 20
  RenderBlock {P} at (0,321) size 784x17
    RenderText {#text} at (0,3) size 77x17
      text run at (0,3) width 77: "\x{C9}tats-Unis."
