layer at (0,0) size 800x600
  RenderView at (0,0) size 800x600
layer at (0,0) size 800x267
  RenderBlock {HTML} at (0,0) size 800x267
    RenderBody {BODY} at (8,8) size 784x243
      RenderBlock (anonymous) at (0,0) size 784x16
        RenderText {#text} at (0,0) size 502x16
          text run at (0,0) width 264: "You should see a green rectangle below. "
          text run at (263,0) width 239: "If you see any red, the test has failed."
        RenderText {#text} at (0,0) size 0x0
      RenderBlock {P} at (0,162) size 784x17 [border: (1px solid #000000)]
        RenderText {#text} at (1,0) size 280x16
          text run at (1,0) width 280: "this block should hug the lowercase glyphs."
      RenderBlock {P} at (0,195) size 784x48
        RenderBlock (floating) {<pseudo:first-letter>} at (0,0) size 21.98x25
          RenderTextFragment at (0,-3) size 22x36
            text run at (0,-3) width 22: "T"
        RenderTextFragment {#text} at (23,0) size 420x16
          text run at (23,0) width 420: "he first letter here should look nicer because it uses glyph bounds"
        RenderBR {BR} at (442,0) size 1x16
        RenderText {#text} at (23,16) size 525x16
          text run at (23,16) width 525: "This should make the top of the T line up with the line and not look shifted down."
        RenderBR {BR} at (547,16) size 1x16
        RenderText {#text} at (0,32) size 462x16
          text run at (0,32) width 462: "Maybe we should do this by default for all first letters like Firefox does."
layer at (8,24) size 384x130
  RenderBlock {DIV} at (0,16) size 384x130 [bgcolor=#FF0000]
    RenderInline {SPAN} at (0,0) size 320x65 [color=#008000] [border: (1px solid #008000) none]
      RenderText {#text} at (0,1) size 320x64
        text run at (0,1) width 320: "xxxxx"
    RenderInline {SPAN} at (0,0) size 64x128 [bgcolor=#008000]
    RenderBR {BR} at (384,1) size 0x64
    RenderBlock {DIV} at (0,2) size 64x128 [bgcolor=#008000]
    RenderInline {SPAN} at (0,0) size 320x65 [color=#008000] [border: (1px solid #008000) none]
      RenderText {#text} at (64,66) size 320x64
        text run at (64,66) width 320: "xxxxx"
    RenderText {#text} at (0,0) size 0x0
