layer at (0,0) size 800x600
  RenderView at (0,0) size 800x600
layer at (0,0) size 800x404
  RenderBlock {HTML} at (0,0) size 800x404
    RenderBody {BODY} at (8,8) size 784x388
      RenderBlock (anonymous) at (0,0) size 784x92
        RenderTextControl {INPUT} at (4,4) size 155x22 [bgcolor=#FFFFFF] [border: (2px inset #EEEEEE)]
          RenderFlexibleBox {DIV} at (3,3) size 149x16
            RenderBlock {DIV} at (0,2.50) size 1x11
            RenderBlock {DIV} at (1,0) size 135x16
        RenderText {#text} at (163,5) size 4x19
          text run at (163,5) width 4: " "
        RenderTextControl {INPUT} at (171,4) size 155x22 [bgcolor=#FFFFFF] [border: (2px inset #EEEEEE)]
          RenderFlexibleBox {DIV} at (3,3) size 149x16
            RenderBlock {DIV} at (0,2.50) size 1x11
            RenderBlock {DIV} at (1,0) size 135x16
            RenderBlock {DIV} at (137,3.50) size 9x9
        RenderBR {BR} at (330,5) size 0x19
        RenderTextControl {INPUT} at (4,34) size 155x22 [bgcolor=#FFFFFF] [border: (2px inset #EEEEEE)]
          RenderFlexibleBox {DIV} at (3,3) size 149x16
            RenderBlock {DIV} at (0,2.50) size 1x11
            RenderBlock {DIV} at (1,0) size 135x16
        RenderText {#text} at (163,35) size 4x19
          text run at (163,35) width 4: " "
        RenderTextControl {INPUT} at (171,34) size 155x22 [color=#545454] [bgcolor=#EBEBE4] [border: (2px inset #EEEEEE)]
          RenderFlexibleBox {DIV} at (3,3) size 149x16
            RenderBlock {DIV} at (0,2.50) size 1x11
            RenderBlock {DIV} at (1,0) size 135x16
        RenderText {#text} at (330,35) size 4x19
          text run at (330,35) width 4: " "
        RenderBR {BR} at (334,35) size 0x19
        RenderTextControl {INPUT} at (4,64) size 157x24 [bgcolor=#FFFFFF] [border: (3px solid #00FF00)]
          RenderFlexibleBox {DIV} at (4,4) size 149x16
            RenderBlock {DIV} at (0,2.50) size 1x11
            RenderBlock {DIV} at (1,0) size 135x16
        RenderText {#text} at (165,66) size 4x19
          text run at (165,66) width 4: " "
        RenderTextControl {INPUT} at (173,65) size 155x22 [bgcolor=#FFFFFF] [border: (2px inset #EEEEEE)]
          RenderFlexibleBox {DIV} at (3,3) size 149x16
            RenderBlock {DIV} at (0,2.50) size 1x11
            RenderBlock {DIV} at (1,0) size 135x16
        RenderText {#text} at (332,66) size 4x19
          text run at (332,66) width 4: " "
        RenderBR {BR} at (336,66) size 0x19
      RenderBlock {DIV} at (0,92) size 163x45 [bgcolor=#888888]
        RenderTextControl {INPUT} at (11,9) size 133x22 [bgcolor=#00FF00] [border: (2px inset #EEEEEE)]
          RenderFlexibleBox {DIV} at (3,3) size 127x16
            RenderBlock {DIV} at (0,2.50) size 1x11
            RenderBlock {DIV} at (1,0) size 113x16
        RenderText {#text} at (0,0) size 0x0
      RenderBlock (anonymous) at (0,137) size 784x251
        RenderTextControl {INPUT} at (4,4) size 155x22 [border: (2px inset #EEEEEE)]
          RenderFlexibleBox {DIV} at (3,3) size 149x16
            RenderBlock {DIV} at (0,2.50) size 1x11
            RenderBlock {DIV} at (1,0) size 135x16
        RenderText {#text} at (163,5) size 4x19
          text run at (163,5) width 4: " "
        RenderBR {BR} at (167,5) size 0x19
        RenderTextControl {INPUT} at (4,34) size 155x22 [bgcolor=#FFFFFF] [border: (2px inset #EEEEEE)]
          RenderFlexibleBox {DIV} at (3,3) size 149x16
            RenderBlock {DIV} at (0,2.50) size 1x11
            RenderBlock {DIV} at (1,0) size 135x16
        RenderText {#text} at (163,35) size 4x19
          text run at (163,35) width 4: " "
        RenderBR {BR} at (167,35) size 0x19
        RenderTextControl {INPUT} at (4,70) size 182x25 [bgcolor=#FFFFFF] [border: (2px inset #EEEEEE)]
          RenderFlexibleBox {DIV} at (3,3) size 176x19
            RenderBlock {DIV} at (0,4) size 1x11
            RenderBlock {DIV} at (1,0) size 160x19
        RenderText {#text} at (190,73) size 4x19
          text run at (190,73) width 4: " "
        RenderTextControl {INPUT} at (198,66) size 230x30 [bgcolor=#FFFFFF] [border: (2px inset #EEEEEE)]
          RenderFlexibleBox {DIV} at (3,3) size 224x24
            RenderBlock {DIV} at (0,6.50) size 1x11
            RenderBlock {DIV} at (1,0) size 205x24
        RenderText {#text} at (432,73) size 4x19
          text run at (432,73) width 4: " "
        RenderTextControl {INPUT} at (440,64) size 279x34 [bgcolor=#FFFFFF] [border: (2px inset #EEEEEE)]
          RenderFlexibleBox {DIV} at (3,3) size 273x28
            RenderBlock {DIV} at (0,8.50) size 1x11
            RenderBlock {DIV} at (1,0) size 251x28
        RenderText {#text} at (723,73) size 4x19
          text run at (723,73) width 4: " "
        RenderBR {BR} at (727,73) size 0x19
        RenderTextControl {INPUT} at (6,118) size 233x33 [bgcolor=#FFFFFF] [border: (3px inset #EEEEEE)]
          RenderFlexibleBox {DIV} at (4.50,4.50) size 224x24
            RenderBlock {DIV} at (0,6.50) size 1x11
            RenderBlock {DIV} at (1,0) size 203x24
        RenderText {#text} at (245,126) size 4x19
          text run at (245,126) width 4: " "
        RenderTextControl {INPUT} at (257,110) size 290x44 [bgcolor=#FFFFFF] [border: (4px inset #EEEEEE)]
          RenderFlexibleBox {DIV} at (6,6) size 278x32
            RenderBlock {DIV} at (0,10.50) size 1x11
            RenderBlock {DIV} at (1,0) size 250x32
        RenderText {#text} at (555,126) size 4x19
          text run at (555,126) width 4: " "
        RenderBR {BR} at (559,126) size 0x19
        RenderTextControl {INPUT} at (6,178) size 233x33 [bgcolor=#FFFFFF] [border: (3px inset #EEEEEE)]
          RenderFlexibleBox {DIV} at (4.50,4.50) size 224x24
            RenderBlock {DIV} at (3,2) size 20x20
            RenderBlock {DIV} at (27.50,0) size 176.50x24
        RenderText {#text} at (245,186) size 4x19
          text run at (245,186) width 4: " "
        RenderTextControl {INPUT} at (257,170) size 290x44 [bgcolor=#FFFFFF] [border: (4px inset #EEEEEE)]
          RenderFlexibleBox {DIV} at (6,6) size 278x32
            RenderBlock {DIV} at (4,2.50) size 27x27
            RenderBlock {DIV} at (37,0) size 214x32
        RenderText {#text} at (555,186) size 4x19
          text run at (555,186) width 4: " "
        RenderBR {BR} at (559,186) size 0x19
        RenderTextControl {INPUT} at (4,226) size 138x21 [bgcolor=#FFFFFF] [border: (1px solid #BDC7D8)]
          RenderFlexibleBox {DIV} at (18,4) size 116x13
            RenderBlock {DIV} at (2,1) size 11x11
            RenderBlock {DIV} at (16,0) size 88x13
        RenderText {#text} at (0,0) size 0x0
        RenderText {#text} at (0,0) size 0x0
layer at (16,15) size 135x16
  RenderBlock {DIV} at (0,0) size 135x16
    RenderText {#text} at (0,0) size 17x16
      text run at (0,0) width 17: "foo"
layer at (183,15) size 135x16
  RenderBlock {DIV} at (0,0) size 135x16
    RenderText {#text} at (0,0) size 17x16
      text run at (0,0) width 17: "foo"
layer at (16,45) size 135x16
  RenderBlock {DIV} at (0,0) size 135x16
    RenderText {#text} at (0,0) size 17x16
      text run at (0,0) width 17: "foo"
layer at (183,45) size 135x16
  RenderBlock {DIV} at (0,0) size 135x16
    RenderText {#text} at (0,0) size 17x16
      text run at (0,0) width 17: "foo"
layer at (17,76) size 135x16
  RenderBlock {DIV} at (0,0) size 135x16
    RenderText {#text} at (0,0) size 17x16
      text run at (0,0) width 17: "foo"
layer at (185,76) size 135x16
  RenderBlock {DIV} at (0,0) size 135x16
    RenderText {#text} at (0,0) size 17x16
      text run at (0,0) width 17: "foo"
layer at (23,112) size 113x16
  RenderBlock {DIV} at (0,0) size 113x16
    RenderText {#text} at (0,0) size 64x16
      text run at (0,0) width 64: "default text"
layer at (16,152) size 135x16
  RenderBlock {DIV} at (0,0) size 135x16
    RenderText {#text} at (0,0) size 17x16
      text run at (0,0) width 17: "foo"
layer at (16,182) size 135x16
  RenderBlock {DIV} at (0,0) size 135x16
    RenderText {#text} at (0,0) size 17x16
      text run at (0,0) width 17: "foo"
layer at (16,218) size 160x19
  RenderBlock {DIV} at (0,0) size 160x19
    RenderText {#text} at (0,0) size 22x18
      text run at (0,0) width 22: "foo"
layer at (210,214) size 205x24
  RenderBlock {DIV} at (0,0) size 205x24
    RenderText {#text} at (0,0) size 28x23
      text run at (0,0) width 28: "foo"
layer at (452,212) size 251x28
  RenderBlock {DIV} at (0,0) size 251x28
    RenderText {#text} at (0,0) size 33x27
      text run at (0,0) width 33: "foo"
layer at (20,268) size 203x24
  RenderBlock {DIV} at (0,0) size 203x24
    RenderText {#text} at (0,0) size 28x23
      text run at (0,0) width 28: "foo"
layer at (272,261) size 250x32
  RenderBlock {DIV} at (0,0) size 250x32
    RenderText {#text} at (0,0) size 35x31
      text run at (0,0) width 35: "foo"
layer at (46,328) size 177x24
  RenderBlock {DIV} at (0,0) size 176.50x24
    RenderText {#text} at (0,0) size 28x23
      text run at (0,0) width 28: "foo"
layer at (308,321) size 214x32
  RenderBlock {DIV} at (0,0) size 214x32
    RenderText {#text} at (0,0) size 35x31
      text run at (0,0) width 35: "foo"
layer at (46,375) size 88x13
  RenderBlock {DIV} at (34,4) size 88x13 [color=#A9A9A9]
    RenderText {#text} at (0,0) size 86x13
      text run at (0,0) width 86: "Search for Events"
layer at (46,375) size 88x13
  RenderBlock {DIV} at (0,0) size 88x13
layer at (152,19) size 9x9 transparent
  RenderBlock {DIV} at (137,3.50) size 9x9
layer at (152,49) size 9x9 transparent
  RenderBlock {DIV} at (137,3.50) size 9x9
layer at (319,49) size 9x9 transparent
  RenderBlock {DIV} at (137,3.50) size 9x9
layer at (153,80) size 9x9 transparent
  RenderBlock {DIV} at (137,3.50) size 9x9
layer at (321,80) size 9x9 transparent
  RenderBlock {DIV} at (137,3.50) size 9x9
layer at (137,116) size 9x9 transparent
  RenderBlock {DIV} at (115,3.50) size 9x9
layer at (152,156) size 9x9 transparent
  RenderBlock {DIV} at (137,3.50) size 9x9
layer at (152,186) size 9x9 transparent
  RenderBlock {DIV} at (137,3.50) size 9x9
layer at (177,222) size 11x11 transparent
  RenderBlock {DIV} at (162,4) size 11x11
layer at (416,219) size 14x14 transparent
  RenderBlock {DIV} at (207,5) size 14x14
layer at (704,218) size 17x17 transparent
  RenderBlock {DIV} at (253,5.50) size 17x17
layer at (224,273) size 14x14 transparent
  RenderBlock {DIV} at (205.50,5) size 14x14
layer at (524,268) size 19x19 transparent
  RenderBlock {DIV} at (253,6.50) size 19x19
layer at (224,333) size 14x14 transparent
  RenderBlock {DIV} at (205.50,5) size 14x14
layer at (524,328) size 19x19 transparent
  RenderBlock {DIV} at (253,6.50) size 19x19
layer at (135,378) size 8x8 transparent
  RenderBlock {DIV} at (105,2.50) size 8x8
caret: position 0 of child 0 {#text} of child 0 {DIV} of child 1 {DIV} of child 0 {DIV} of {#document-fragment} of child 10 {INPUT} of body
