layer at (0,0) size 800x600
  RenderView at (0,0) size 800x600
layer at (0,0) size 800x564
  RenderBlock {HTML} at (0,0) size 800x564
    RenderBody {BODY} at (8,16) size 784x540
      RenderBlock {P} at (0,0) size 784x16
        RenderText {#text} at (0,0) size 747x16
          text run at (0,0) width 747: "Test that when we have images sprinkled within a span, borders, paddings and margins are still calculated correctly ."
      RenderBlock {DIV} at (0,32) size 212x254 [border: (1px solid #000000)]
        RenderBlock {P} at (6,22) size 200x162
          RenderText {#text} at (0,8) size 183x48
            text run at (0,8) width 152: "aaa bbb ccc ddd eee fff "
            text run at (151,8) width 32 RTL: "\x{5DC}\x{5DE}\x{5D4}"
            text run at (0,40) width 74 RTL: "\x{5E2}\x{5E9}\x{5D9}\x{5EA}\x{5D9} \x{5D6}\x{5D0}\x{5EA}"
            text run at (73,40) width 5: " "
            text run at (77,40) width 17: "gg"
          RenderInline {SPAN} at (0,0) size 183x51 [border: (1px solid #0000FF) (10px solid #FFA500) (1px solid #0000FF) (10px solid #008000)]
            RenderText {#text} at (138,40) size 45x16
              text run at (138,40) width 45: " dgnjk "
            RenderBlock {IMG} at (0,64) size 22x34 [border: (1px solid #0000FF)]
            RenderText {#text} at (22,73) size 41x16
              text run at (22,73) width 41: "njkng "
          RenderText {#text} at (107,73) size 187x81
            text run at (107,73) width 71 RTL: "\x{5D6}\x{5D0}\x{5EA} \x{2013} \x{5D0}\x{5D9}\x{5E0}\x{5D9}"
            text run at (0,106) width 71 RTL: "\x{5D9}\x{5D5}\x{5D3}\x{5E2} \x{5D1}\x{5E2}\x{5E6}\x{5DE}"
            text run at (70,106) width 117: " qqq rrr sss ttt uuu"
            text run at (0,138) width 24: "vvv"
        RenderBlock {P} at (6,200) size 200x32
          RenderInline {SPAN} at (0,0) size 163x18 [border: (1px solid #0000FF) (10px solid #FFA500) (1px solid #0000FF) (10px solid #008000)]
            RenderText {#text} at (45,8) size 88x16
              text run at (45,8) width 88: "Some fill text"
            RenderBlock {IMG} at (132.09,0) size 20x32
      RenderBlock {DIV} at (0,286) size 212x254 [border: (1px solid #000000)]
        RenderBlock {P} at (6,22) size 200x162
          RenderText {#text} at (17,8) size 183x48
            text run at (17,8) width 36 RTL: " \x{5DC}\x{5DE}\x{5D4}"
            text run at (52,8) width 148: "aaa bbb ccc ddd eee fff"
            text run at (17,40) width 17: "gg"
            text run at (122,40) width 78 RTL: "\x{5E2}\x{5E9}\x{5D9}\x{5EA}\x{5D9} \x{5D6}\x{5D0}\x{5EA} "
          RenderInline {SPAN} at (0,0) size 167x51 [border: (1px solid #0000FF) (10px solid #FFA500) (1px solid #0000FF) (10px solid #008000)]
            RenderText {#text} at (33,40) size 45x16
              text run at (33,40) width 45: " dgnjk "
            RenderBlock {IMG} at (141.55,64) size 22x34 [border: (1px solid #0000FF)]
            RenderText {#text} at (137,73) size 63x16
              text run at (137,73) width 5 RTL: " "
              text run at (163,73) width 37: "njkng"
          RenderText {#text} at (22,73) size 187x81
            text run at (22,73) width 71 RTL: "\x{5D6}\x{5D0}\x{5EA} \x{2013} \x{5D0}\x{5D9}\x{5E0}\x{5D9}"
            text run at (13,106) width 113: "qqq rrr sss ttt uuu"
            text run at (125,106) width 75 RTL: "\x{5D9}\x{5D5}\x{5D3}\x{5E2} \x{5D1}\x{5E2}\x{5E6}\x{5DE} "
            text run at (176,138) width 24: "vvv"
        RenderBlock {P} at (6,200) size 200x32
          RenderInline {SPAN} at (0,0) size 163x18 [border: (1px solid #0000FF) (10px solid #FFA500) (1px solid #0000FF) (10px solid #008000)]
            RenderText {#text} at (67,8) size 88x16
              text run at (67,8) width 88: "Some fill text"
            RenderBlock {IMG} at (47.89,0) size 20x32
layer at (15,135) size 20x20 clip at (16,136) size 18x18
  RenderBlock {DIV} at (1,1) size 20x20 [border: (1px solid #C0C0C0)]
    RenderImage {IMG} at (2,2) size 16x16
layer at (33,137) size 0x0
  RenderBlock {DIV} at (18,2) size 0x0
layer at (146,248) size 20x20 clip at (147,249) size 18x18
  RenderBlock {DIV} at (0,0) size 20x20 [border: (1px solid #C0C0C0)]
    RenderImage {IMG} at (2,2) size 16x16
layer at (164,250) size 0x0
  RenderBlock {DIV} at (18,2) size 0x0
layer at (157,389) size 20x20 clip at (158,390) size 18x18
  RenderBlock {DIV} at (1,1) size 20x20 [border: (1px solid #C0C0C0)]
    RenderImage {IMG} at (2,2) size 16x16
layer at (159,391) size 0x0
  RenderBlock {DIV} at (2,2) size 0x0
layer at (62,502) size 20x20 clip at (63,503) size 18x18
  RenderBlock {DIV} at (0,0) size 20x20 [border: (1px solid #C0C0C0)]
    RenderImage {IMG} at (2,2) size 16x16
layer at (64,504) size 0x0
  RenderBlock {DIV} at (2,2) size 0x0
