layer at (0,0) size 800x600
  RenderView at (0,0) size 800x600
layer at (0,0) size 800x600
  RenderBlock {HTML} at (0,0) size 800x600
    RenderBody {BODY} at (8,8) size 784x584
      RenderBlock {DIV} at (0,0) size 784x18
        RenderText {#text} at (0,0) size 755x17
          text run at (0,0) width 755: "This test passes if the broken image icon appears high-resolution in HiDPI and if the outline is of the appropriate size."
      RenderBlock (anonymous) at (0,18) size 784x20
        RenderBlock {IMG} at (0,0) size 20x20
        RenderText {#text} at (0,0) size 0x0
layer at (8,26) size 20x20 clip at (9,27) size 18x18
  RenderBlock {DIV} at (0,0) size 20x20 [border: (1px solid #C0C0C0)]
    RenderImage {IMG} at (2,2) size 16x16
layer at (26,28) size 0x0
  RenderBlock {DIV} at (18,2) size 0x0
