layer at (0,0) size 800x600
  RenderView at (0,0) size 800x600
layer at (0,0) size 800x194
  RenderBlock {HTML} at (0,0) size 800x194
    RenderBody {BODY} at (8,16) size 784x162
      RenderTable {TABLE} at (16,0) size 64x82 [border: (3px solid #FF0000)]
        RenderTableSection {TBODY} at (3,3) size 58x76
          RenderTableRow {TR} at (0,2) size 54x76
            RenderTableCell {TD} at (2,2) size 54x72 [r=0 c=0 rs=1 cs=1]
              RenderTable {TABLE} at (1,1) size 26x69 [color=#FFFFFF] [bgcolor=#800080]
                RenderTableSection {TBODY} at (0,0) size 26x69
                  RenderTableRow {TR} at (0,2) size 22x69
                    RenderTableCell {TD} at (2,2) size 22x65 [r=0 c=0 rs=1 cs=1]
                      RenderText {#text} at (1,1) size 19x63
                        text run at (1,1) width 63: "Table One"
              RenderTable {TABLE} at (27,1) size 26x70 [color=#FFFFFF] [bgcolor=#800080]
                RenderTableSection {TBODY} at (0,0) size 26x70
                  RenderTableRow {TR} at (0,2) size 22x70
                    RenderTableCell {TD} at (2,2) size 22x66 [r=0 c=0 rs=1 cs=1]
                      RenderText {#text} at (1,1) size 19x64
                        text run at (1,1) width 64: "Table Two"
      RenderTable {TABLE} at (16,98) size 52x64 [border: (3px solid #FF0000)]
        RenderTableSection {TBODY} at (3,3) size 46x58
          RenderTableRow {TR} at (0,2) size 42x58
            RenderTableCell {TD} at (2,2) size 42x54 [r=0 c=0 rs=1 cs=1]
              RenderBlock {DIV} at (1,1) size 20x52 [color=#FFFFFF] [bgcolor=#800080]
                RenderText {#text} at (0,0) size 19x51
                  text run at (0,0) width 51: "Div One"
              RenderBlock {DIV} at (21,1) size 20x52 [color=#FFFFFF] [bgcolor=#800080]
                RenderText {#text} at (0,0) size 19x52
                  text run at (0,0) width 52: "Div Two"
