layer at (0,0) size 800x600
  RenderView at (0,0) size 800x600
layer at (0,0) size 800x402
  RenderBlock {HTML} at (0,0) size 800x402
    RenderBody {BODY} at (8,8) size 784x386
      RenderBlock (anonymous) at (0,0) size 784x48
        RenderText {#text} at (0,0) size 342x16
          text run at (0,0) width 342: "Tests if glyph caches of different languages interfere."
        RenderBR {BR} at (341,0) size 1x16
        RenderText {#text} at (0,16) size 743x32
          text run at (0,16) width 743: "On systems that the locales have different font preferences, the following divs should be displayed in corresponding"
          text run at (0,32) width 180: "preferred fonts respectively."
        RenderBR {BR} at (179,32) size 1x16
      RenderBlock {DIV} at (0,48) size 784x112
        RenderBlock (anonymous) at (0,0) size 784x16
          RenderText {#text} at (0,0) size 130x16
            text run at (0,0) width 130: "Default font-family:"
        RenderBlock {DIV} at (0,16) size 784x24
          RenderText {#text} at (0,6) size 180x16
            text run at (0,6) width 180: "Simplified Chinese: \x{8AA4}\x{904E}\x{9AA8}"
        RenderBlock {DIV} at (0,40) size 784x24
          RenderText {#text} at (0,6) size 184x16
            text run at (0,6) width 184: "Traditional Chinese: \x{8AA4}\x{904E}\x{9AA8}"
        RenderBlock {DIV} at (0,64) size 784x24
          RenderText {#text} at (0,6) size 114x16
            text run at (0,6) width 114: "Japanese: \x{8AA4}\x{904E}\x{9AA8}"
        RenderBlock {DIV} at (0,88) size 784x24
          RenderText {#text} at (0,6) size 104x16
            text run at (0,6) width 104: "Korean: \x{8AA4}\x{904E}\x{9AA8}"
      RenderBlock {DIV} at (0,160) size 784x112
        RenderBlock (anonymous) at (0,0) size 784x16
          RenderText {#text} at (0,0) size 224x16
            text run at (0,0) width 224: "Generic font-family (sans-serif):"
        RenderBlock {DIV} at (0,16) size 784x24
          RenderText {#text} at (0,6) size 190x16
            text run at (0,6) width 190: "Simplified Chinese: \x{8AA4}\x{904E}\x{9AA8}"
        RenderBlock {DIV} at (0,40) size 784x24
          RenderText {#text} at (0,6) size 195x16
            text run at (0,6) width 195: "Traditional Chinese: \x{8AA4}\x{904E}\x{9AA8}"
        RenderBlock {DIV} at (0,64) size 784x24
          RenderText {#text} at (0,6) size 127x16
            text run at (0,6) width 127: "Japanese: \x{8AA4}\x{904E}\x{9AA8}"
        RenderBlock {DIV} at (0,88) size 784x24
          RenderText {#text} at (0,6) size 109x16
            text run at (0,6) width 109: "Korean: \x{8AA4}\x{904E}\x{9AA8}"
      RenderBlock {DIV} at (0,272) size 784x114
        RenderBlock (anonymous) at (0,0) size 784x18
          RenderText {#text} at (0,0) size 301x17
            text run at (0,0) width 301: "Non-generic font-family (Times New Roman):"
        RenderBlock {DIV} at (0,18) size 784x24
          RenderText {#text} at (0,4) size 180x17
            text run at (0,4) width 180: "Simplified Chinese: \x{8AA4}\x{904E}\x{9AA8}"
        RenderBlock {DIV} at (0,42) size 784x24
          RenderText {#text} at (0,4) size 184x17
            text run at (0,4) width 184: "Traditional Chinese: \x{8AA4}\x{904E}\x{9AA8}"
        RenderBlock {DIV} at (0,66) size 784x24
          RenderText {#text} at (0,4) size 114x17
            text run at (0,4) width 114: "Japanese: \x{8AA4}\x{904E}\x{9AA8}"
        RenderBlock {DIV} at (0,90) size 784x24
          RenderText {#text} at (0,4) size 104x17
            text run at (0,4) width 104: "Korean: \x{8AA4}\x{904E}\x{9AA8}"
