layer at (0,0) size 800x600
  RenderView at (0,0) size 800x600
layer at (0,0) size 800x600
  RenderBlock {HTML} at (0,0) size 800x600
    RenderBody {BODY} at (8,8) size 784x584
      RenderBlock {IMG} at (0,0) size 100x100
      RenderText {#text} at (0,0) size 0x0
layer at (8,8) size 100x100 clip at (9,9) size 98x98
  RenderBlock {DIV} at (0,0) size 100x100 [border: (1px solid #C0C0C0)]
    RenderImage {IMG} at (2,2) size 16x16
layer at (26,10) size 80x80
  RenderBlock {DIV} at (18,2) size 80x80
    RenderText {#text} at (0,0) size 79x80
      text run at (0,0) width 57: "This text"
      text run at (0,16) width 79: "should wrap"
      text run at (0,32) width 62: "inside the"
      text run at (0,48) width 52: "fallback"
      text run at (0,64) width 52: "content."
