layer at (0,0) size 800x600
  RenderView at (0,0) size 800x600
layer at (0,0) size 800x600
  RenderBlock {HTML} at (0,0) size 800x600
    RenderBody {BODY} at (8,8) size 784x576
      RenderBlock (anonymous) at (0,0) size 784x40
        RenderText {#text} at (0,0) size 766x39
          text run at (0,0) width 766: "This tests whether alt text is shown for image elements with no src attribute. You should see \"Success\" twice, followed by a blue"
          text run at (0,20) width 58: "rectangle."
      RenderBlock {P} at (0,56) size 784x101
        RenderBlock {IMG} at (0,0) size 53x24
        RenderBR {BR} at (53,24) size 0x0
        RenderBlock {IMG} at (0,24) size 102x52 [border: (1px solid #000000)]
        RenderBR {BR} at (102,75) size 0x0
        RenderImage {IMG} at (0,76) size 75x25
        RenderBR {BR} at (75,101) size 0x0
layer at (8,64) size 53x24 clip at (9,65) size 51x22
  RenderBlock {DIV} at (0,0) size 53x24 [border: (1px solid #C0C0C0)]
layer at (10,66) size 49x20
  RenderBlock {DIV} at (2,2) size 49x20
    RenderText {#text} at (0,0) size 49x19
      text run at (0,0) width 49: "Success"
layer at (9,89) size 100x50 clip at (10,90) size 98x48
  RenderBlock {DIV} at (1,1) size 100x50 [border: (1px solid #C0C0C0)]
layer at (11,91) size 96x20
  RenderBlock {DIV} at (2,2) size 96x20
    RenderText {#text} at (0,0) size 49x19
      text run at (0,0) width 49: "Success"
