layer at (0,0) size 800x600
  RenderView at (0,0) size 800x600
layer at (0,0) size 800x119
  RenderBlock {HTML} at (0,0) size 800x119.19
    RenderBody {BODY} at (8,9.59) size 784x100 [color=#000080]
      RenderBlock {P} at (0,0) size 784x100
        RenderText {#text} at (0,6) size 421x12
          text run at (0,6) width 421: "This test should be about 10px, sans-serif, and light. There should be about 15px between each line. "
        RenderInline {SPAN} at (0,0) size 777x87 [color=#C0C0C0]
          RenderText {#text} at (421,6) size 777x87
            text run at (421,6) width 305: "dummy text dummy text dummy text dummy text dummy text dummy "
            text run at (726,6) width 51: "text dummy"
            text run at (0,31) width 270: "text dummy text dummy text dummy text dummy text dummy "
            text run at (270,31) width 324: "text dummy text dummy text dummy text dummy text dummy text dummy "
            text run at (594,31) width 178: "text dummy text dummy text dummy text"
            text run at (0,56) width 143: "dummy text dummy text dummy "
            text run at (143,56) width 324: "text dummy text dummy text dummy text dummy text dummy text dummy "
            text run at (467,56) width 286: "text dummy text dummy text dummy text dummy text dummy text"
            text run at (0,81) width 35: "dummy "
            text run at (35,81) width 324: "text dummy text dummy text dummy text dummy text dummy text dummy "
            text run at (359,81) width 286: "text dummy text dummy text dummy text dummy text dummy text"
        RenderText {#text} at (0,0) size 0x0
