layer at (0,0) size 800x600 scrollWidth 903
  RenderView at (0,0) size 800x600
layer at (0,0) size 800x600
  RenderBlock {HTML} at (0,0) size 800x600
    RenderBody {BODY} at (8,8) size 800x584
      RenderBlock {DIV} at (0,0) size 800x0
      RenderBlock {DIV} at (0,0) size 800x0
      RenderBlock {DIV} at (0,0) size 800x0
      RenderBlock {DIV} at (0,0) size 800x0
      RenderBlock {DIV} at (0,0) size 800x0
      RenderBlock {DIV} at (0,0) size 800x0
      RenderBlock {DIV} at (0,0) size 800x0
      RenderBlock {DIV} at (0,0) size 800x0
layer at (159,563) size 249x27
  RenderBlock (positioned) {FONT} at (159.33,563) size 248.67x27
    RenderText {#text} at (0,0) size 250x26
      text run at (0,0) width 249: "RTL-Center-Aligned"
layer at (-87,469) size 95x81 backgroundClip at (0,0) size 800x600 clip at (0,0) size 800x600 outlineClip at (0,0) size 800x600
  RenderBlock (positioned) {FONT} at (-86.58,469) size 94.58x81
    RenderText {#text} at (0,0) size 96x80
      text run at (0,0) width 62: "RTL-"
      text run at (0,27) width 63: "Left-"
      text run at (0,54) width 95: "Aligned"
layer at (576,473) size 232x27 backgroundClip at (0,0) size 800x600 clip at (0,0) size 800x600 outlineClip at (0,0) size 800x600
  RenderBlock (positioned) {FONT} at (575.50,473) size 232.50x27
    RenderText {#text} at (0,0) size 234x26
      text run at (0,0) width 233: "RTL-Right-Aligned"
layer at (609,423) size 199x27 backgroundClip at (0,0) size 800x600 clip at (0,0) size 800x600 outlineClip at (0,0) size 800x600
  RenderBlock (positioned) {FONT} at (608.50,423) size 199.50x27
    RenderText {#text} at (0,0) size 201x26
      text run at (0,0) width 200: "RTL-No-Aligned"
layer at (408,373) size 249x27
  RenderBlock (positioned) {FONT} at (408,373) size 248.67x27
    RenderText {#text} at (0,0) size 249x26
      text run at (0,0) width 249: "LTR-Center-Aligned"
layer at (8,323) size 219x27
  RenderBlock (positioned) {FONT} at (8,323) size 218.78x27
    RenderText {#text} at (0,0) size 219x26
      text run at (0,0) width 219: "LTR-Left-Aligned"
layer at (808,219) size 95x81 backgroundClip at (0,0) size 800x600 clip at (0,0) size 800x600 outlineClip at (0,0) size 800x600
  RenderBlock (positioned) {FONT} at (808,219) size 94.58x81
    RenderText {#text} at (33,0) size 95x80
      text run at (33,0) width 62: "LTR-"
      text run at (17,27) width 78: "Right-"
      text run at (0,54) width 95: "Aligned"
layer at (8,223) size 200x27
  RenderBlock (positioned) {FONT} at (8,223) size 199.50x27
    RenderText {#text} at (0,0) size 200x26
      text run at (0,0) width 200: "LTR-No-Aligned"
