layer at (0,0) size 800x600
  RenderView at (0,0) size 800x600
layer at (0,0) size 800x168
  RenderBlock {html} at (0,0) size 800x167.88
    RenderBody {body} at (8,16) size 784x135.88
      RenderBlock {parsererror} at (16,0) size 752x135.88 [bgcolor=#FFDDDD] [border: (2px solid #CC7777)]
        RenderBlock {h3} at (18,20.72) size 716x21
          RenderText {#text} at (0,0) size 306x20
            text run at (0,0) width 306: "This page contains the following errors:"
        RenderBlock {div} at (18,60.44) size 716x15
          RenderText {#text} at (0,0) size 483x15
            text run at (0,0) width 483: "error on line 1 at column 1: Extra content at the end of the document"
            text run at (483,0) width 0: " "
        RenderBlock {h3} at (18,94.16) size 716x21
          RenderText {#text} at (0,0) size 408x20
            text run at (0,0) width 408: "Below is a rendering of the page up to the first error."
