layer at (0,0) size 800x600
  RenderView at (0,0) size 800x600
layer at (0,0) size 800x600
  RenderBlock {HTML} at (0,0) size 800x600
    RenderBody {BODY} at (8,8) size 784x573.28
      RenderBlock (anonymous) at (0,0) size 784x20
        RenderText {#text} at (0,0) size 540x19
          text run at (0,0) width 540: "In this sample, the H3s should be nested. This matches Firefox, IE, and the HTML5 spec."
      RenderBlock {H3} at (0,38.72) size 784x298.97 [border: (2px solid #FF0000)]
        RenderBlock (anonymous) at (4,4) size 776x22
          RenderInline {I} at (0,0) size 31x21
            RenderText {#text} at (0,0) size 31x21
              text run at (0,0) width 31: "One"
        RenderBlock (anonymous) at (4,47.89) size 776x225.19
          RenderBlock {H3} at (0,0) size 776x225.19 [border: (2px solid #FF0000)]
            RenderBlock (anonymous) at (4,4) size 768x25
              RenderInline {I} at (0,0) size 37x24
                RenderText {#text} at (0,0) size 37x24
                  text run at (0,0) width 37: "Two"
            RenderBlock (anonymous) at (4,54.63) size 768x140.94
              RenderBlock {H3} at (0,0) size 768x140.94 [border: (2px solid #FF0000)]
                RenderBlock (anonymous) at (4,4) size 760x31
                  RenderInline {I} at (0,0) size 61x30
                    RenderText {#text} at (0,0) size 61x30
                      text run at (0,0) width 61: "Three"
                RenderBlock (anonymous) at (4,64.97) size 760x42
                  RenderBlock {H3} at (0,0) size 760x42 [border: (2px solid #FF0000)]
                    RenderInline {I} at (0,0) size 61x33
                      RenderText {#text} at (4,4) size 61x33
                        text run at (4,4) width 61: "Four"
                RenderBlock (anonymous) at (4,136.94) size 760x0
                  RenderInline {I} at (0,0) size 0x0
            RenderBlock (anonymous) at (4,221.19) size 768x0
              RenderInline {I} at (0,0) size 0x0
        RenderBlock (anonymous) at (4,294.97) size 776x0
          RenderInline {I} at (0,0) size 0x0
