layer at (0,0) size 800x600
  RenderView at (0,0) size 800x600
layer at (0,0) size 800x457
  RenderBlock {HTML} at (0,0) size 800x456.88
    RenderBody {BODY} at (8,8) size 784x440.88
      RenderBlock {HR} at (0,0) size 784x2 [border: (1px inset #EEEEEE)]
      RenderBlock {H3} at (0,20.72) size 784x21
        RenderText {#text} at (0,0) size 57x20
          text run at (0,0) width 57: "Table 1"
      RenderBlock {PRE} at (0,60.44) size 784x64
        RenderText {#text} at (0,0) size 224x64
          text run at (0,0) width 224: "<TABLE width=\"500\" border=1>"
          text run at (224,0) width 0: " "
          text run at (0,16) width 168: "<COLGROUP width=\"1*\">"
          text run at (168,16) width 0: " "
          text run at (0,32) width 168: "<COLGROUP width=\"1*\">"
          text run at (168,32) width 0: " "
          text run at (0,48) width 168: "<COLGROUP width=\"3*\">"
          text run at (168,48) width 0: " "
      RenderTable {TABLE} at (0,137.44) size 500x82 [border: (1px outset #808080)]
        RenderTableCol {COLGROUP} at (0,0) size 0x0
        RenderTableCol {COLGROUP} at (0,0) size 0x0
        RenderTableCol {COLGROUP} at (0,0) size 0x0
        RenderTableSection {TBODY} at (1,1) size 498x80
          RenderTableRow {TR} at (0,2) size 498x24
            RenderTableCell {TD} at (2,2) size 163x24 [border: (1px inset #808080)] [r=0 c=0 rs=1 cs=1]
              RenderText {#text} at (2,2) size 39x19
                text run at (2,2) width 39: "Cell A"
            RenderTableCell {TD} at (167,2) size 163x24 [border: (1px inset #808080)] [r=0 c=1 rs=1 cs=1]
              RenderText {#text} at (2,2) size 38x19
                text run at (2,2) width 38: "Cell B"
            RenderTableCell {TD} at (332,2) size 164x24 [border: (1px inset #808080)] [r=0 c=2 rs=1 cs=1]
              RenderText {#text} at (2,2) size 39x19
                text run at (2,2) width 39: "Cell C"
          RenderTableRow {TR} at (0,28) size 498x24
            RenderTableCell {TD} at (2,28) size 163x24 [border: (1px inset #808080)] [r=1 c=0 rs=1 cs=1]
              RenderText {#text} at (2,2) size 39x19
                text run at (2,2) width 39: "Cell D"
            RenderTableCell {TD} at (167,28) size 163x24 [border: (1px inset #808080)] [r=1 c=1 rs=1 cs=1]
              RenderText {#text} at (2,2) size 37x19
                text run at (2,2) width 37: "Cell E"
            RenderTableCell {TD} at (332,28) size 164x24 [border: (1px inset #808080)] [r=1 c=2 rs=1 cs=1]
              RenderText {#text} at (2,2) size 37x19
                text run at (2,2) width 37: "Cell F"
          RenderTableRow {TR} at (0,54) size 498x24
            RenderTableCell {TD} at (2,54) size 163x24 [border: (1px inset #808080)] [r=2 c=0 rs=1 cs=1]
              RenderText {#text} at (2,2) size 39x19
                text run at (2,2) width 39: "Cell G"
            RenderTableCell {TD} at (167,54) size 163x24 [border: (1px inset #808080)] [r=2 c=1 rs=1 cs=1]
              RenderText {#text} at (2,2) size 39x19
                text run at (2,2) width 39: "Cell H"
            RenderTableCell {TD} at (332,54) size 164x24 [border: (1px inset #808080)] [r=2 c=2 rs=1 cs=1]
              RenderText {#text} at (2,2) size 33x19
                text run at (2,2) width 33: "Cell I"
      RenderBlock {HR} at (0,227.44) size 784x2 [border: (1px inset #EEEEEE)]
      RenderBlock {H3} at (0,248.16) size 784x21
        RenderText {#text} at (0,0) size 57x20
          text run at (0,0) width 57: "Table 2"
      RenderBlock {PRE} at (0,287.88) size 784x48
        RenderText {#text} at (0,0) size 224x48
          text run at (0,0) width 224: "<TABLE width=\"500\" border=1>"
          text run at (224,0) width 0: " "
          text run at (0,16) width 224: "<COLGROUP span=2 width=\"1*\">"
          text run at (224,16) width 0: " "
          text run at (0,32) width 168: "<COLGROUP width=\"3*\">"
          text run at (168,32) width 0: " "
      RenderTable {TABLE} at (0,348.88) size 500x82 [border: (1px outset #808080)]
        RenderTableCol {COLGROUP} at (0,0) size 0x0
        RenderTableCol {COLGROUP} at (0,0) size 0x0
        RenderTableSection {TBODY} at (1,1) size 498x80
          RenderTableRow {TR} at (0,2) size 498x24
            RenderTableCell {TD} at (2,2) size 163x24 [border: (1px inset #808080)] [r=0 c=0 rs=1 cs=1]
              RenderText {#text} at (2,2) size 39x19
                text run at (2,2) width 39: "Cell A"
            RenderTableCell {TD} at (167,2) size 163x24 [border: (1px inset #808080)] [r=0 c=1 rs=1 cs=1]
              RenderText {#text} at (2,2) size 38x19
                text run at (2,2) width 38: "Cell B"
            RenderTableCell {TD} at (332,2) size 164x24 [border: (1px inset #808080)] [r=0 c=2 rs=1 cs=1]
              RenderText {#text} at (2,2) size 39x19
                text run at (2,2) width 39: "Cell C"
          RenderTableRow {TR} at (0,28) size 498x24
            RenderTableCell {TD} at (2,28) size 163x24 [border: (1px inset #808080)] [r=1 c=0 rs=1 cs=1]
              RenderText {#text} at (2,2) size 39x19
                text run at (2,2) width 39: "Cell D"
            RenderTableCell {TD} at (167,28) size 163x24 [border: (1px inset #808080)] [r=1 c=1 rs=1 cs=1]
              RenderText {#text} at (2,2) size 37x19
                text run at (2,2) width 37: "Cell E"
            RenderTableCell {TD} at (332,28) size 164x24 [border: (1px inset #808080)] [r=1 c=2 rs=1 cs=1]
              RenderText {#text} at (2,2) size 37x19
                text run at (2,2) width 37: "Cell F"
          RenderTableRow {TR} at (0,54) size 498x24
            RenderTableCell {TD} at (2,54) size 163x24 [border: (1px inset #808080)] [r=2 c=0 rs=1 cs=1]
              RenderText {#text} at (2,2) size 39x19
                text run at (2,2) width 39: "Cell G"
            RenderTableCell {TD} at (167,54) size 163x24 [border: (1px inset #808080)] [r=2 c=1 rs=1 cs=1]
              RenderText {#text} at (2,2) size 39x19
                text run at (2,2) width 39: "Cell H"
            RenderTableCell {TD} at (332,54) size 164x24 [border: (1px inset #808080)] [r=2 c=2 rs=1 cs=1]
              RenderText {#text} at (2,2) size 33x19
                text run at (2,2) width 33: "Cell I"
      RenderBlock {HR} at (0,438.88) size 784x2 [border: (1px inset #EEEEEE)]
