layer at (0,0) size 800x600
  RenderView at (0,0) size 800x600
layer at (0,0) size 800x600
  RenderBlock {HTML} at (0,0) size 800x600
    RenderBody {BODY} at (8,8) size 784x576
      RenderBlock {DIV} at (0,0) size 190x40
        RenderBlock {UL} at (0,0) size 190x40
          RenderListItem {LI} at (40,0) size 150x40
            RenderListMarker at (-16,24) size 6x16: bullet
            RenderInline {A} at (0,0) size 150x16
              RenderText {#text} at (0,0) size 0x0
              RenderBlock {IMG} at (0,0) size 150x36
            RenderText {#text} at (0,0) size 0x0
layer at (48,8) size 150x36 clip at (49,9) size 148x34
  RenderBlock {DIV} at (0,0) size 150x36 [border: (1px solid #C0C0C0)]
    RenderImage {IMG} at (2,2) size 16x16
layer at (66,10) size 130x32
  RenderBlock {DIV} at (18,2) size 130x32
    RenderText {#text} at (0,0) size 113x32
      text run at (0,0) width 113: "Eriadan - Fumetti"
      text run at (0,16) width 86: "tanto per fare"
