layer at (0,0) size 800x600 scrollHeight 686
  RenderView at (0,0) size 800x600
layer at (0,0) size 800x686 backgroundClip at (0,0) size 800x600 clip at (0,0) size 800x600 outlineClip at (0,0) size 800x600
  RenderBlock {HTML} at (0,0) size 800x686
    RenderBody {BODY} at (8,8) size 784x670
      RenderBlock {P} at (0,0) size 784x54
        RenderText {#text} at (0,0) size 771x53
          text run at (0,0) width 716: "This test exercises the vertical text rendering feature of Blink's shaping code, and checks for errors in font code "
          text run at (715,0) width 29: "path"
          text run at (0,18) width 687: "selection: Vertical text should always go through the shaper. It exercises glyph orientation difficulties with "
          text run at (686,18) width 85: "two different"
          text run at (0,36) width 36: "fonts."
      RenderBlock {DIV} at (0,70) size 340x600
        RenderBlock {DIV} at (0,0) size 170x442 [border: (1px solid #008000)]
          RenderInline {SPAN} at (0,0) size 40x173
            RenderText {#text} at (2,1) size 40x173
              text run at (2,1) width 173: "Hello world"
          RenderBR {BR} at (10,173) size 0x1
          RenderInline {SPAN} at (0,0) size 40x440
            RenderText {#text} at (44,1) size 40x440
              text run at (44,1) width 440: "Hello world"
          RenderBR {BR} at (52,441) size 0x0
          RenderInline {SPAN} at (0,0) size 40x173
            RenderText {#text} at (86,1) size 40x173
              text run at (86,1) width 173: "Hello world"
          RenderBR {BR} at (94,173) size 0x1
          RenderInline {SPAN} at (0,0) size 40x440
            RenderText {#text} at (128,1) size 40x440
              text run at (128,1) width 440: "Hello world"
          RenderBR {BR} at (136,441) size 0x0
        RenderText {#text} at (0,0) size 0x0
        RenderBlock {DIV} at (170,0) size 170x442 [border: (1px solid #008000)]
          RenderInline {SPAN} at (0,0) size 40x173
            RenderText {#text} at (2,1) size 40x173
              text run at (2,1) width 173: "Hello world"
          RenderBR {BR} at (10,173) size 0x1
          RenderInline {SPAN} at (0,0) size 40x440
            RenderText {#text} at (44,1) size 40x440
              text run at (44,1) width 440: "Hello world"
          RenderBR {BR} at (52,441) size 0x0
          RenderInline {SPAN} at (0,0) size 40x173
            RenderText {#text} at (86,1) size 40x173
              text run at (86,1) width 173: "Hello world"
          RenderBR {BR} at (94,173) size 0x1
          RenderInline {SPAN} at (0,0) size 40x440
            RenderText {#text} at (128,1) size 40x440
              text run at (128,1) width 440: "Hello world"
          RenderBR {BR} at (136,441) size 0x0
        RenderText {#text} at (0,0) size 0x0
