layer at (0,0) size 800x600
  RenderView at (0,0) size 800x600
layer at (0,0) size 800x600
  RenderBlock {HTML} at (0,0) size 800x600
    RenderBody {BODY} at (8,8) size 784x584
      RenderBlock (floating) {IMG} at (643,10) size 121x84
      RenderInline {A} at (0,0) size 388x16 [color=#0000EE]
        RenderText {#text} at (0,0) size 388x16
          text run at (0,0) width 388: "http://www.apple.com/pr/library/2003/jan/02ical_isync.html"
      RenderBR {BR} at (387,12) size 1x0
      RenderInline {A} at (0,0) size 176x16 [color=#0000EE]
        RenderText {#text} at (0,16) size 176x16
          text run at (0,16) width 176: "http://www.apple.com/ical/"
      RenderBR {BR} at (175,28) size 1x0
      RenderInline {A} at (0,0) size 186x16 [color=#0000EE]
        RenderText {#text} at (0,32) size 186x16
          text run at (0,32) width 186: "http://www.apple.com/isync/"
layer at (651,18) size 121x84 clip at (652,19) size 119x82
  RenderBlock {DIV} at (0,0) size 121x84 [border: (1px solid #C0C0C0)]
    RenderImage {IMG} at (2,2) size 16x16
layer at (669,20) size 101x32
  RenderBlock {DIV} at (18,2) size 101x32
    RenderText {#text} at (0,0) size 60x32
      text run at (0,0) width 60: "News for"
      text run at (0,16) width 44: "Nerds!"
