layer at (0,0) size 800x600 clip at (0,0) size 785x600 scrollHeight 2982
  RenderView at (0,0) size 800x600
layer at (0,0) size 785x2982 backgroundClip at (0,0) size 785x600 clip at (0,0) size 785x600 outlineClip at (0,0) size 785x600
  RenderBlock {HTML} at (0,0) size 785x2981.75
    RenderBody {BODY} at (8,8) size 769x2953.75
      RenderBlock {H3} at (0,0) size 769x23
        RenderText {#text} at (0,0) size 84x22
          text run at (0,0) width 84: "Single line"
      RenderBlock {H3} at (0,371.72) size 769x23
        RenderText {#text} at (0,0) size 78x22
          text run at (0,0) width 78: "Multi line"
      RenderBlock {H3} at (0,743.44) size 769x23
        RenderText {#text} at (0,0) size 230x22
          text run at (0,0) width 230: "Containing replaced content"
      RenderBlock {H3} at (0,1115.16) size 769x23
        RenderText {#text} at (0,0) size 395x22
          text run at (0,0) width 395: "Containing replaced content blocking the ellipsis"
      RenderBlock {H3} at (0,1486.88) size 769x23
        RenderText {#text} at (0,0) size 199x22
          text run at (0,0) width 199: "Right-To-Left single line"
      RenderBlock {H3} at (0,1858.59) size 769x23
        RenderText {#text} at (0,0) size 196x22
          text run at (0,0) width 196: "Right-To-Left Multi line"
      RenderBlock {H3} at (0,2230.31) size 769x23
        RenderText {#text} at (0,0) size 343x22
          text run at (0,0) width 343: "Right-To-Left containing replaced content"
      RenderBlock {H3} at (0,2602.03) size 769x23
        RenderText {#text} at (0,0) size 508x22
          text run at (0,0) width 508: "Right-To-Left containing replaced content blocking the ellipsis"
layer at (8,50) size 22x310 clip at (9,51) size 20x308 scrollHeight 681
  RenderBlock {DIV} at (0,41.72) size 22x310 [border: (1px solid #000000)]
    RenderText {#text} at (1,1) size 19x682
      text run at (1,1) width 682: "Lorem ipsum dolor sit amet, consectetur adipiscing elit. Vivamus vitae eros non libero faucibus sagittis sed ut eros."
layer at (8,421) size 82x310 backgroundClip at (8,421) size 82x179 clip at (9,422) size 80x178 outlineClip at (0,0) size 785x600 scrollHeight 681
  RenderBlock {DIV} at (0,413.44) size 82x310 [border: (1px solid #000000)]
    RenderText {#text} at (1,1) size 19x682
      text run at (1,1) width 682: "Lorem ipsum dolor sit amet, consectetur adipiscing elit. Vivamus vitae eros non libero faucibus sagittis sed ut eros."
    RenderBR {BR} at (0,0) size 0x0
    RenderText {#text} at (21,1) size 19x673
      text run at (21,1) width 673: "orem ipsum dolor sit amet, consectetur adipiscing elit. Vivamus vitae eros non libero faucibus sagittis sed ut eros."
    RenderBR {BR} at (0,0) size 0x0
    RenderText {#text} at (41,1) size 19x665
      text run at (41,1) width 665: "rem ipsum dolor sit amet, consectetur adipiscing elit. Vivamus vitae eros non libero faucibus sagittis sed ut eros."
    RenderBR {BR} at (0,0) size 0x0
    RenderText {#text} at (61,1) size 19x660
      text run at (61,1) width 660: "em ipsum dolor sit amet, consectetur adipiscing elit. Vivamus vitae eros non libero faucibus sagittis sed ut eros."
    RenderBR {BR} at (0,0) size 0x0
layer at (8,793) size 32x310 backgroundClip at (0,0) size 0x0 clip at (0,0) size 0x0 outlineClip at (0,0) size 785x600 scrollHeight 710
  RenderBlock {DIV} at (0,785.16) size 32x310 [border: (1px solid #000000)]
    RenderText {#text} at (11,1) size 19x173
      text run at (11,1) width 173: "Lorem ipsum dolor sit amet, "
    RenderImage {IMG} at (1,174) size 25x25
    RenderText {#text} at (11,199) size 19x513
      text run at (11,199) width 513: " consectetur adipiscing elit. Vivamus vitae eros non libero faucibus sagittis sed ut eros."
layer at (8,1165) size 32x310 backgroundClip at (0,0) size 0x0 clip at (0,0) size 0x0 outlineClip at (0,0) size 785x600 scrollHeight 706
  RenderBlock {DIV} at (0,1156.88) size 32x310 [border: (1px solid #000000)]
    RenderText {#text} at (11,1) size 19x261
      text run at (11,1) width 261: "Lorem ipsum dolor sit amet, consectetur ad"
    RenderImage {IMG} at (1,262) size 25x25
    RenderText {#text} at (11,287) size 19x421
      text run at (11,287) width 421: "ipiscing elit. Vivamus vitae eros non libero faucibus sagittis sed ut eros."
layer at (8,1537) size 22x310 backgroundClip at (0,0) size 0x0 clip at (0,0) size 0x0 outlineClip at (0,0) size 785x600 scrollY 373.00 scrollHeight 681
  RenderBlock {DIV} at (0,1528.59) size 22x310 [border: (1px solid #000000)]
    RenderText {#text} at (1,-372) size 19x682
      text run at (1,-372) width 682 RTL override: "Lorem ipsum dolor sit amet, consectetur adipiscing elit. Vivamus vitae eros non libero faucibus sagittis sed ut eros."
layer at (8,1908) size 82x310 backgroundClip at (0,0) size 0x0 clip at (0,0) size 0x0 outlineClip at (0,0) size 785x600
  RenderBlock {DIV} at (0,1900.31) size 82x310 [border: (1px solid #000000)]
    RenderText {#text} at (1,1) size 19x682
      text run at (1,1) width 682 RTL override: "Lorem ipsum dolor sit amet, consectetur adipiscing elit. Vivamus vitae eros non libero faucibus sagittis sed ut eros."
    RenderBR {BR} at (0,0) size 0x0
    RenderText {#text} at (21,1) size 19x673
      text run at (21,1) width 673 RTL override: "orem ipsum dolor sit amet, consectetur adipiscing elit. Vivamus vitae eros non libero faucibus sagittis sed ut eros."
    RenderBR {BR} at (0,0) size 0x0
    RenderText {#text} at (41,1) size 19x665
      text run at (41,1) width 665 RTL override: "rem ipsum dolor sit amet, consectetur adipiscing elit. Vivamus vitae eros non libero faucibus sagittis sed ut eros."
    RenderBR {BR} at (0,0) size 0x0
    RenderText {#text} at (61,1) size 19x660
      text run at (61,1) width 660 RTL override: "em ipsum dolor sit amet, consectetur adipiscing elit. Vivamus vitae eros non libero faucibus sagittis sed ut eros."
    RenderBR {BR} at (0,0) size 0x0
layer at (8,2280) size 32x310 backgroundClip at (0,0) size 0x0 clip at (0,0) size 0x0 outlineClip at (0,0) size 785x600 scrollY 402.00 scrollHeight 710
  RenderBlock {DIV} at (0,2272.03) size 32x310 [border: (1px solid #000000)]
    RenderText {#text} at (11,136) size 19x173
      text run at (11,136) width 173 RTL override: "Lorem ipsum dolor sit amet, "
    RenderImage {IMG} at (1,111) size 25x25
    RenderText {#text} at (11,-401) size 19x513
      text run at (11,-401) width 513 RTL override: " consectetur adipiscing elit. Vivamus vitae eros non libero faucibus sagittis sed ut eros."
layer at (8,2652) size 32x310 backgroundClip at (0,0) size 0x0 clip at (0,0) size 0x0 outlineClip at (0,0) size 785x600 scrollY 398.00 scrollHeight 706
  RenderBlock {DIV} at (0,2643.75) size 32x310 [border: (1px solid #000000)]
    RenderText {#text} at (11,48) size 19x261
      text run at (11,48) width 261 RTL override: "Lorem ipsum dolor sit amet, consectetur ad"
    RenderImage {IMG} at (1,23) size 25x25
    RenderText {#text} at (11,-397) size 19x421
      text run at (11,-397) width 421 RTL override: "ipiscing elit. Vivamus vitae eros non libero faucibus sagittis sed ut eros."
