layer at (0,0) size 800x600
  RenderView at (0,0) size 800x600
layer at (0,0) size 800x398
  RenderBlock {HTML} at (0,0) size 800x398
    RenderBody {BODY} at (8,16) size 784x365
      RenderBlock {P} at (0,0) size 784x18
        RenderText {#text} at (0,0) size 253x17
          text run at (0,0) width 253: "None of these should have clipped text."
      RenderBlock {DIV} at (0,34) size 784x331
layer at (8,50) size 784x11
  RenderBlock {P} at (0,0) size 784x11
    RenderText {#text} at (0,-4) size 136x15
      text run at (0,-4) width 136: "Lorem ipsum dolor sit amet."
layer at (8,74) size 784x12
  RenderBlock {P} at (0,24) size 784x12
    RenderText {#text} at (0,-3) size 146x15
      text run at (0,-3) width 146: "Lorem ipsum dolor sit amet."
layer at (8,100) size 784x13
  RenderBlock {P} at (0,50) size 784x13
    RenderText {#text} at (0,-3) size 160x16
      text run at (0,-3) width 160: "Lorem ipsum dolor sit amet."
layer at (8,128) size 784x13 scrollHeight 14
  RenderBlock {P} at (0,78) size 784x13
    RenderText {#text} at (0,-3) size 164x17
      text run at (0,-3) width 164: "Lorem ipsum dolor sit amet."
layer at (8,157) size 784x16
  RenderBlock {P} at (0,107) size 784x16
    RenderText {#text} at (0,-2) size 182x17
      text run at (0,-2) width 182: "Lorem ipsum dolor sit amet."
layer at (8,190) size 784x16
  RenderBlock {P} at (0,140) size 784x16
    RenderText {#text} at (0,-3) size 194x19
      text run at (0,-3) width 194: "Lorem ipsum dolor sit amet."
layer at (8,223) size 784x12 scrollHeight 14
  RenderBlock {P} at (0,173) size 784x12
    RenderText {#text} at (0,-1) size 55x15
      text run at (0,-1) width 55: "\x{C9}tats-Unis."
layer at (8,248) size 784x12 scrollHeight 14
  RenderBlock {P} at (0,198) size 784x12
    RenderText {#text} at (0,-1) size 59x15
      text run at (0,-1) width 59: "\x{C9}tats-Unis."
layer at (8,274) size 784x13 scrollHeight 15
  RenderBlock {P} at (0,224) size 784x13
    RenderText {#text} at (0,-1) size 63x16
      text run at (0,-1) width 63: "\x{C9}tats-Unis."
layer at (8,302) size 784x14 scrollHeight 17
  RenderBlock {P} at (0,252) size 784x14
    RenderText {#text} at (0,0) size 66x17
      text run at (0,0) width 66: "\x{C9}tats-Unis."
layer at (8,332) size 784x16 scrollHeight 18
  RenderBlock {P} at (0,282) size 784x16
    RenderText {#text} at (0,1) size 72x17
      text run at (0,1) width 72: "\x{C9}tats-Unis."
layer at (8,365) size 784x16 scrollHeight 19
  RenderBlock {P} at (0,315) size 784x16
    RenderText {#text} at (0,0) size 77x19
      text run at (0,0) width 77: "\x{C9}tats-Unis."
