layer at (0,0) size 800x600
  RenderView at (0,0) size 800x600
layer at (0,0) size 800x91
  RenderBlock {HTML} at (0,0) size 800x91
    RenderBody {BODY} at (8,8) size 784x75
      RenderText {#text} at (0,0) size 758x19
        text run at (0,0) width 758: "This test shows what alt content looks like when an image errors out on a page with a CSP that blocks data: URIs for images. "
      RenderBlock {IMG} at (0,20) size 50x50
      RenderText {#text} at (0,0) size 0x0
layer at (8,28) size 50x50 clip at (9,29) size 48x48
  RenderBlock {DIV} at (0,0) size 50x50 [border: (1px solid #C0C0C0)]
    RenderImage {IMG} at (2,2) size 16x16
layer at (26,30) size 30x40
  RenderBlock {DIV} at (18,2) size 30x40
    RenderText {#text} at (0,0) size 22x39
      text run at (0,0) width 14: "alt"
      text run at (0,20) width 22: "text"
