layer at (0,0) size 800x600
  RenderView at (0,0) size 800x600
layer at (0,0) size 800x600
  RenderBlock {HTML} at (0,0) size 800x600
    RenderBody {BODY} at (8,8) size 784x584
      RenderBlock {DIV} at (0,0) size 186x114 [border: (3px solid #0000FF)]
        RenderText {#text} at (3,14) size 173x90
          text run at (3,14) width 173: "\x{D835}\x{DC9E}\x{D835}\x{DC9E}\x{D835}\x{DC9E}\x{D835}\x{DC9E}\x{D835}\x{DC9E}\x{D835}\x{DC9E}"
          text run at (3,68) width 115: "\x{D835}\x{DC9E}\x{D835}\x{DC9E}\x{D835}\x{DC9E}\x{D835}\x{DC9E}"
