layer at (0,0) size 800x600
  RenderView at (0,0) size 800x600
layer at (0,0) size 800x600
  RenderBlock {HTML} at (0,0) size 800x600
    RenderBody {BODY} at (8,8) size 784x584
      RenderTable {DIV} at (0,0) size 293x60
        RenderTableSection (anonymous) at (0,0) size 293x60
          RenderTableRow (anonymous) at (0,0) size 293x60
            RenderTableCell (anonymous) at (0,0) size 293x59.72 [r=0 c=0 rs=1 cs=1]
              RenderBlock (anonymous) at (0,0) size 293x0
                RenderInline {FORM} at (0,0) size 0x0
                  RenderText {#text} at (0,0) size 0x0
              RenderBlock (anonymous) at (0,0) size 293x21
                RenderBlock {H3} at (0,0) size 293x21
                  RenderText {#text} at (0,0) size 293x20
                    text run at (0,0) width 293: "There should be a fourth dot bellow..."
              RenderBlock (anonymous) at (0,39.72) size 293x20
                RenderInline {FORM} at (0,0) size 0x0
                RenderInline {<pseudo:after>} at (0,0) size 4x19
                  RenderTextFragment at (0,0) size 4x19
                    text run at (0,0) width 4: "."
