layer at (0,0) size 800x600
  RenderView at (0,0) size 800x600
layer at (0,0) size 800x600
  RenderBlock {HTML} at (0,0) size 800x600
    RenderBody {BODY} at (8,8) size 784x576
      RenderBlock (anonymous) at (0,0) size 784x36
        RenderText {#text} at (0,0) size 764x35
          text run at (0,0) width 493: "This tests whether alt text is shown for image-type form input elements with "
          text run at (492,0) width 272: "no src attribute. You should see \"Success\""
          text run at (0,18) width 229: "twice, followed by a blue rectangle."
      RenderBlock {P} at (0,52) size 784x0
      RenderBlock {FORM} at (0,52) size 784x97
        RenderBlock {INPUT} at (0,0) size 55x20
        RenderBR {BR} at (55,20) size 0x0
        RenderBlock {INPUT} at (0,20) size 102x52 [border: (1px solid #000000)]
        RenderBR {BR} at (102,71) size 0x0
        RenderImage {INPUT} at (0,72) size 75x25
        RenderBR {BR} at (75,97) size 0x0
layer at (8,60) size 55x20 clip at (9,61) size 53x18
  RenderBlock {DIV} at (0,0) size 55x20 [border: (1px solid #C0C0C0)]
layer at (10,62) size 51x16
  RenderBlock {DIV} at (2,2) size 51x16
    RenderText {#text} at (0,0) size 51x16
      text run at (0,0) width 51: "Success"
layer at (9,81) size 100x50 clip at (10,82) size 98x48
  RenderBlock {DIV} at (1,1) size 100x50 [border: (1px solid #C0C0C0)]
layer at (11,83) size 96x16
  RenderBlock {DIV} at (2,2) size 96x16
    RenderText {#text} at (0,0) size 51x16
      text run at (0,0) width 51: "Success"
