layer at (0,0) size 800x600
  RenderView at (0,0) size 800x600
layer at (0,0) size 800x600
  RenderBlock {HTML} at (0,0) size 800x600
    RenderBody {BODY} at (8,8) size 784x576 [bgcolor=#FFFFFF]
      RenderBlock {H3} at (0,0) size 784x21
        RenderText {#text} at (0,0) size 292x20
          text run at (0,0) width 292: "Testcase for bug 5538 - distilled from "
        RenderInline {A} at (0,0) size 110x20 [color=#0000EE]
          RenderText {#text} at (292,0) size 110x20
            text run at (292,0) width 110: "www.fool.com"
      RenderTable {TABLE} at (0,39.72) size 600x89
        RenderTableSection {TBODY} at (0,0) size 600x89
          RenderTableRow {TR} at (0,0) size 600x89
            RenderTableCell {TD} at (0,0) size 128x89 [bgcolor=#336699] [r=0 c=0 rs=1 cs=1]
              RenderInline {A} at (0,0) size 128x19 [color=#0000EE]
                RenderImage {IMG} at (0,0) size 128x89
            RenderTableCell {TD} at (128,44) size 472x0 [r=0 c=1 rs=1 cs=1]
      RenderTable {TABLE} at (0,128.72) size 600x18
        RenderTableSection {TBODY} at (0,0) size 600x18
          RenderTableRow {TR} at (0,0) size 600x18
            RenderTableCell {TD} at (0,0) size 600x18 [r=0 c=0 rs=1 cs=1]
              RenderImage {IMG} at (0,0) size 348x18
              RenderInline {MAP} at (0,0) size 0x19
              RenderImage {IMG} at (348,0) size 88x18
              RenderImage {IMG} at (436,0) size 55x18
      RenderBlock {P} at (0,162.72) size 784x167
        RenderBlock (anonymous) at (0,0) size 784x60
          RenderText {#text} at (0,0) size 439x19
            text run at (0,0) width 439: "When removing <A HREF=\"...\"> surrounding logo image in first row and"
          RenderBR {BR} at (439,15) size 0x0
          RenderText {#text} at (0,20) size 367x19
            text run at (0,20) width 367: "removing <MAP> element in second row it looks OK to me:"
          RenderBR {BR} at (367,35) size 0x0
          RenderBR {BR} at (0,40) size 0x19
        RenderTable {TABLE} at (0,60) size 600x89
          RenderTableSection {TBODY} at (0,0) size 600x89
            RenderTableRow {TR} at (0,0) size 600x89
              RenderTableCell {TD} at (0,0) size 128x89 [bgcolor=#336699] [r=0 c=0 rs=1 cs=1]
                RenderImage {IMG} at (0,0) size 128x89
              RenderTableCell {TD} at (128,44) size 472x0 [r=0 c=1 rs=1 cs=1]
        RenderTable {TABLE} at (0,149) size 600x18
          RenderTableSection {TBODY} at (0,0) size 600x18
            RenderTableRow {TR} at (0,0) size 600x18
              RenderTableCell {TD} at (0,0) size 600x18 [r=0 c=0 rs=1 cs=1]
                RenderImage {IMG} at (0,0) size 348x18
                RenderImage {IMG} at (348,0) size 88x18
                RenderBlock {IMG} at (436,0) size 55x18
layer at (444,320) size 55x18 clip at (445,321) size 53x16 scrollHeight 18
  RenderBlock {DIV} at (0,0) size 55x18 [border: (1px solid #C0C0C0)]
    RenderImage {IMG} at (2,2) size 16x16
layer at (462,322) size 35x0
  RenderBlock {DIV} at (18,2) size 35x0
