layer at (0,0) size 800x600 clip at (0,0) size 785x600 scrollHeight 2950
  RenderView at (0,0) size 800x600
layer at (0,0) size 785x2950 backgroundClip at (0,0) size 785x600 clip at (0,0) size 785x600 outlineClip at (0,0) size 785x600
  RenderBlock {HTML} at (0,0) size 785x2949.75
    RenderBody {BODY} at (8,8) size 769x2921.75
      RenderBlock {H3} at (0,0) size 769x19
        RenderText {#text} at (0,0) size 83x19
          text run at (0,0) width 83: "Single line"
      RenderBlock {H3} at (0,367.72) size 769x19
        RenderText {#text} at (0,0) size 79x19
          text run at (0,0) width 79: "Multi line"
      RenderBlock {H3} at (0,735.44) size 769x19
        RenderText {#text} at (0,0) size 227x19
          text run at (0,0) width 227: "Containing replaced content"
      RenderBlock {H3} at (0,1103.16) size 769x19
        RenderText {#text} at (0,0) size 389x19
          text run at (0,0) width 389: "Containing replaced content blocking the ellipsis"
      RenderBlock {H3} at (0,1470.88) size 769x19
        RenderText {#text} at (0,0) size 197x19
          text run at (0,0) width 197: "Right-To-Left single line"
      RenderBlock {H3} at (0,1838.59) size 769x19
        RenderText {#text} at (0,0) size 196x19
          text run at (0,0) width 196: "Right-To-Left Multi line"
      RenderBlock {H3} at (0,2206.31) size 769x19
        RenderText {#text} at (0,0) size 339x19
          text run at (0,0) width 339: "Right-To-Left containing replaced content"
      RenderBlock {H3} at (0,2574.03) size 769x19
        RenderText {#text} at (0,0) size 500x19
          text run at (0,0) width 500: "Right-To-Left containing replaced content blocking the ellipsis"
layer at (8,46) size 18x310 clip at (9,47) size 16x308 scrollHeight 736
  RenderBlock {DIV} at (0,37.72) size 18x310 [border: (1px solid #000000)]
    RenderText {#text} at (1,1) size 16x737
      text run at (1,1) width 737: "Lorem ipsum dolor sit amet, consectetur adipiscing elit. Vivamus vitae eros non libero faucibus sagittis sed ut eros."
layer at (8,413) size 66x310 backgroundClip at (8,413) size 66x187 clip at (9,414) size 64x186 outlineClip at (0,0) size 785x600 scrollHeight 736
  RenderBlock {DIV} at (0,405.44) size 66x310 [border: (1px solid #000000)]
    RenderText {#text} at (1,1) size 16x737
      text run at (1,1) width 737: "Lorem ipsum dolor sit amet, consectetur adipiscing elit. Vivamus vitae eros non libero faucibus sagittis sed ut eros."
    RenderBR {BR} at (0,0) size 0x0
    RenderText {#text} at (17,1) size 16x727
      text run at (17,1) width 727: "orem ipsum dolor sit amet, consectetur adipiscing elit. Vivamus vitae eros non libero faucibus sagittis sed ut eros."
    RenderBR {BR} at (0,0) size 0x0
    RenderText {#text} at (33,1) size 16x719
      text run at (33,1) width 719: "rem ipsum dolor sit amet, consectetur adipiscing elit. Vivamus vitae eros non libero faucibus sagittis sed ut eros."
    RenderBR {BR} at (0,0) size 0x0
    RenderText {#text} at (49,1) size 16x714
      text run at (49,1) width 714: "em ipsum dolor sit amet, consectetur adipiscing elit. Vivamus vitae eros non libero faucibus sagittis sed ut eros."
    RenderBR {BR} at (0,0) size 0x0
layer at (8,781) size 31x310 backgroundClip at (0,0) size 0x0 clip at (0,0) size 0x0 outlineClip at (0,0) size 785x600 scrollHeight 765
  RenderBlock {DIV} at (0,773.16) size 31x310 [border: (1px solid #000000)]
    RenderText {#text} at (14,1) size 16x186
      text run at (14,1) width 186: "Lorem ipsum dolor sit amet, "
    RenderImage {IMG} at (1,186.75) size 25x25
    RenderText {#text} at (14,211) size 16x556
      text run at (14,211) width 555: " consectetur adipiscing elit. Vivamus vitae eros non libero faucibus sagittis sed ut eros."
layer at (8,1149) size 31x310 backgroundClip at (0,0) size 0x0 clip at (0,0) size 0x0 outlineClip at (0,0) size 785x600 scrollHeight 761
  RenderBlock {DIV} at (0,1140.88) size 31x310 [border: (1px solid #000000)]
    RenderText {#text} at (14,1) size 16x278
      text run at (14,1) width 278: "Lorem ipsum dolor sit amet, consectetur ad"
    RenderImage {IMG} at (1,278.70) size 25x25
    RenderText {#text} at (14,303) size 16x460
      text run at (14,303) width 459: "ipiscing elit. Vivamus vitae eros non libero faucibus sagittis sed ut eros."
layer at (8,1517) size 18x310 backgroundClip at (0,0) size 0x0 clip at (0,0) size 0x0 outlineClip at (0,0) size 785x600 scrollY 428.00 scrollHeight 736
  RenderBlock {DIV} at (0,1508.59) size 18x310 [border: (1px solid #000000)]
    RenderText {#text} at (1,-427) size 16x737
      text run at (1,-427) width 737 RTL override: "Lorem ipsum dolor sit amet, consectetur adipiscing elit. Vivamus vitae eros non libero faucibus sagittis sed ut eros."
layer at (8,1884) size 66x310 backgroundClip at (0,0) size 0x0 clip at (0,0) size 0x0 outlineClip at (0,0) size 785x600
  RenderBlock {DIV} at (0,1876.31) size 66x310 [border: (1px solid #000000)]
    RenderText {#text} at (1,1) size 16x737
      text run at (1,1) width 737 RTL override: "Lorem ipsum dolor sit amet, consectetur adipiscing elit. Vivamus vitae eros non libero faucibus sagittis sed ut eros."
    RenderBR {BR} at (0,0) size 0x0
    RenderText {#text} at (17,1) size 16x727
      text run at (17,1) width 727 RTL override: "orem ipsum dolor sit amet, consectetur adipiscing elit. Vivamus vitae eros non libero faucibus sagittis sed ut eros."
    RenderBR {BR} at (0,0) size 0x0
    RenderText {#text} at (33,1) size 16x719
      text run at (33,1) width 719 RTL override: "rem ipsum dolor sit amet, consectetur adipiscing elit. Vivamus vitae eros non libero faucibus sagittis sed ut eros."
    RenderBR {BR} at (0,0) size 0x0
    RenderText {#text} at (49,1) size 16x714
      text run at (49,1) width 714 RTL override: "em ipsum dolor sit amet, consectetur adipiscing elit. Vivamus vitae eros non libero faucibus sagittis sed ut eros."
    RenderBR {BR} at (0,0) size 0x0
layer at (8,2252) size 31x310 backgroundClip at (0,0) size 0x0 clip at (0,0) size 0x0 outlineClip at (0,0) size 785x600 scrollY 457.00 scrollHeight 765
  RenderBlock {DIV} at (0,2244.03) size 31x310 [border: (1px solid #000000)]
    RenderText {#text} at (14,123) size 16x186
      text run at (14,123) width 186 RTL override: "Lorem ipsum dolor sit amet, "
    RenderImage {IMG} at (1,98.25) size 25x25
    RenderText {#text} at (14,-456) size 16x556
      text run at (14,-456) width 555 RTL override: " consectetur adipiscing elit. Vivamus vitae eros non libero faucibus sagittis sed ut eros."
layer at (8,2620) size 31x310 backgroundClip at (0,0) size 0x0 clip at (0,0) size 0x0 outlineClip at (0,0) size 785x600 scrollY 453.00 scrollHeight 761
  RenderBlock {DIV} at (0,2611.75) size 31x310 [border: (1px solid #000000)]
    RenderText {#text} at (14,31) size 16x278
      text run at (14,31) width 278 RTL override: "Lorem ipsum dolor sit amet, consectetur ad"
    RenderImage {IMG} at (1,6.30) size 25x25
    RenderText {#text} at (14,-452) size 16x460
      text run at (14,-452) width 459 RTL override: "ipiscing elit. Vivamus vitae eros non libero faucibus sagittis sed ut eros."
