layer at (0,0) size 800x600
  RenderView at (0,0) size 800x600
layer at (0,0) size 800x600
  RenderBlock {HTML} at (0,0) size 800x600
    RenderBody {BODY} at (8,8) size 784x584
      RenderBlock {DIV} at (0,0) size 784x134
        RenderBlock {DIV} at (0,0) size 96x46 [border: (3px solid #000000)]
          RenderText {#text} at (3,3) size 57x19
            text run at (3,3) width 57: "a. b. "
          RenderInline {SPAN} at (0,0) size 3x19
            RenderText {#text} at (60,3) size 3x19
              text run at (60,3) width 3: "i"
          RenderText {#text} at (63,3) size 90x39
            text run at (63,3) width 30: "\x{306F}"
            text run at (3,23) width 49: "xxxxxxx"
        RenderBlock {DIV} at (0,54) size 96x46 [border: (3px solid #000000)]
          RenderText {#text} at (3,3) size 90x39
            text run at (3,3) width 90: "a. b. i\x{306F}"
            text run at (3,23) width 49: "xxxxxxx"
        RenderBlock {DIV} at (0,108) size 96x26 [border: (3px solid #000000)]
          RenderText {#text} at (3,3) size 195x19
            text run at (3,3) width 195: "xxxxxxxxxxxxxxxxxxxxx\x{FF08}\x{624B}\x{FF09}"
      RenderBlock {DIV} at (0,142) size 784x134
        RenderBlock {DIV} at (0,0) size 96x46 [border: (3px solid #000000)]
          RenderText {#text} at (3,3) size 57x19
            text run at (3,3) width 57: "a. b. "
          RenderInline {SPAN} at (0,0) size 3x19
            RenderText {#text} at (60,3) size 3x19
              text run at (60,3) width 3: "i"
          RenderText {#text} at (63,3) size 90x39
            text run at (63,3) width 30: "\x{306F}"
            text run at (3,23) width 49: "xxxxxxx"
        RenderBlock {DIV} at (0,54) size 96x46 [border: (3px solid #000000)]
          RenderText {#text} at (3,3) size 90x39
            text run at (3,3) width 90: "a. b. i\x{306F}"
            text run at (3,23) width 49: "xxxxxxx"
        RenderBlock {DIV} at (0,108) size 96x26 [border: (3px solid #000000)]
          RenderText {#text} at (3,3) size 195x19
            text run at (3,3) width 195: "xxxxxxxxxxxxxxxxxxxxx\x{FF08}\x{624B}\x{FF09}"
