layer at (0,0) size 800x600
  RenderView at (0,0) size 800x600
layer at (0,0) size 800x600
  RenderBlock {HTML} at (0,0) size 800x600
    RenderBody {BODY} at (8,8) size 784x584
      RenderBlock {H3} at (0,0) size 784x21
        RenderText {#text} at (0,0) size 65x20
          text run at (0,0) width 65: "Test for "
        RenderInline {A} at (0,0) size 144x20 [color=#0000EE]
          RenderText {#text} at (65,0) size 144x20
            text run at (65,0) width 144: "WebKit bug 29968"
        RenderText {#text} at (209,0) size 537x20
          text run at (209,0) width 537: ": Selecting text with text-overflow ellipsis should not show cut off text"
layer at (8,48) size 95x20 scrollWidth 115
  RenderBlock {DIV} at (0,39.72) size 95x20
    RenderText {#text} at (0,0) size 115x19
      text run at (0,0) width 115: "Lorem ipsum dolor"
selection start: position 0 of child 0 {#text} of child 3 {DIV} of body
selection end:   position 11 of child 0 {#text} of child 3 {DIV} of body
