layer at (0,0) size 800x600
  RenderView at (0,0) size 800x600
layer at (0,0) size 800x202
  RenderBlock {HTML} at (0,0) size 800x202.44
    RenderBody {BODY} at (8,18.72) size 784x175.72
      RenderBlock {H3} at (0,0) size 784x21
        RenderText {#text} at (0,0) size 739x20
          text run at (0,0) width 739: "The glyph for JHA should look different for Nepali and Hindi, depending on the lang attribute."
      RenderBlock {P} at (0,39.72) size 784x24
        RenderText {#text} at (0,3) size 82x21
          text run at (0,3) width 82: "Hindi:JHA \x{91D}"
      RenderBlock (anonymous) at (0,79.72) size 784x20
        RenderBR {BR} at (0,0) size 0x19
      RenderBlock {P} at (0,115.72) size 784x24
        RenderText {#text} at (0,3) size 93x21
          text run at (0,3) width 93: "Nepali:JHA \x{91D}"
      RenderBlock (anonymous) at (0,155.72) size 784x20
        RenderBR {BR} at (0,0) size 0x19
