layer at (0,0) size 800x600
  RenderView at (0,0) size 800x600
layer at (0,0) size 800x8
  RenderBlock {HTML} at (0,0) size 800x8
    RenderBody {BODY} at (8,8) size 784x0
layer at (10,10) size 10x10 scrollHeight 16
  RenderBlock (positioned) {DIV} at (10,10) size 10x10 [bgcolor=#FF0000]
    RenderBlock {IMG} at (0,0) size 10x10
layer at (10,12) size 10x10 backgroundClip at (10,12) size 10x8 clip at (11,13) size 8x7 outlineClip at (10,10) size 10x10 scrollWidth 17 scrollHeight 18
  RenderBlock {DIV} at (0,2) size 10x10 [border: (1px solid #C0C0C0)]
    RenderImage {IMG} at (2,2) size 16x16
layer at (28,14) size 0x16 scrollWidth 49
  RenderBlock {DIV} at (18,2) size 0x16
    RenderText {#text} at (0,0) size 49x16
      text run at (0,0) width 49: "nothing"
layer at (10,30) size 10x10 scrollHeight 16
  RenderBlock (positioned) {DIV} at (10,30) size 10x10 [bgcolor=#FF0000]
    RenderBlock {IMG} at (0,0) size 10x10
layer at (10,32) size 10x10 backgroundClip at (10,32) size 10x8 clip at (11,33) size 8x7 outlineClip at (10,30) size 10x10 scrollHeight 18
  RenderBlock {DIV} at (0,2) size 10x10 [border: (1px solid #C0C0C0)]
layer at (12,34) size 6x16 backgroundClip at (12,34) size 6x6 clip at (12,34) size 6x6 outlineClip at (11,33) size 8x7 scrollWidth 49
  RenderBlock {DIV} at (2,2) size 6x16
    RenderText {#text} at (0,0) size 49x16
      text run at (0,0) width 49: "nothing"
layer at (10,30) size 10x10
  RenderBlock (positioned) {IMG} at (0,0) size 10x10 [bgcolor=#0000FF]
layer at (10,32) size 10x10 backgroundClip at (10,32) size 10x8 clip at (11,33) size 8x7 outlineClip at (10,30) size 10x10 scrollHeight 34
  RenderBlock {DIV} at (0,2) size 10x10 [border: (1px solid #C0C0C0)]
layer at (12,34) size 6x32 backgroundClip at (12,34) size 6x6 clip at (12,34) size 6x6 outlineClip at (11,33) size 8x7 scrollWidth 44
  RenderBlock {DIV} at (2,2) size 6x32
    RenderText {#text} at (0,0) size 45x32
      text run at (0,0) width 31: "Blue"
      text run at (0,16) width 45: "Square"
