layer at (0,0) size 800x600
  RenderView at (0,0) size 800x600
layer at (0,0) size 800x600
  RenderBlock {HTML} at (0,0) size 800x600
    RenderBody {BODY} at (8,8) size 784x576
      RenderBlock {P} at (0,0) size 784x16
        RenderText {#text} at (0,0) size 593x16
          text run at (0,0) width 361: "In this test case you should only see one line green text. "
          text run at (360,0) width 233: "If there is any red the test has failed."
layer at (8,40) size 784x0
  RenderBlock (relative positioned) {DIV} at (0,32) size 784x0
layer at (8,40) size 130x16
  RenderBlock (positioned) {DIV} at (0,0) size 129.77x16 [color=#008000]
    RenderText {#text} at (0,0) size 130x16
      text run at (0,0) width 130: "You should see this."
layer at (-666658,56) size 156x16 backgroundClip at (0,0) size 800x600 clip at (0,0) size 800x600 outlineClip at (0,0) size 800x600
  RenderBlock (positioned) {DIV} at (-666666,16) size 155.55x16 [color=#FF0000]
    RenderText {#text} at (0,0) size 156x16
      text run at (0,0) width 156: "You should not see this!"
layer at (-666657,72) size 156x16 backgroundClip at (0,0) size 800x600 clip at (0,0) size 800x600 outlineClip at (0,0) size 800x600
  RenderBlock (positioned) {DIV} at (-666665,32) size 155.55x16 [color=#FF0000]
    RenderText {#text} at (0,0) size 156x16
      text run at (0,0) width 156: "You should not see this!"
