layer at (0,0) size 800x600
  RenderView at (0,0) size 800x600
layer at (0,0) size 800x600
  RenderBlock {HTML} at (0,0) size 800x600
    RenderBody {BODY} at (8,8) size 784x584
      RenderBlock {P} at (0,0) size 784x83
        RenderRuby (inline) {RUBY} at (0,0) size 123x55
          RenderRubyRun (anonymous) at (0,26) size 123x57
            RenderRubyText {RT} at (0,-26) size 123x28
              RenderText {#text} at (0,0) size 123x27
                text run at (0,0) width 123: "\x{304D}\x{3069}\x{3046}\x{305F}\x{3044}\x{304D}"
            RenderRubyBase (anonymous) at (0,0) size 123x57
              RenderText {#text} at (6,1) size 110x55
                text run at (6,1) width 110: "\x{653B}\x{6BBB}"
        RenderText {#text} at (0,0) size 0x0
      RenderBlock {P} at (0,99) size 784x83
        RenderRuby (inline) {RUBY} at (0,0) size 161x55
          RenderRubyRun (anonymous) at (0,26) size 161x57
            RenderRubyText {RT} at (0,-26) size 161x28
              RenderText {#text} at (0,0) size 161x27
                text run at (0,0) width 161: "\x{304D}\x{3069}\x{3046}\x{305F}\x{3044}\x{304D}\x{3069}\x{3046}"
            RenderRubyBase (anonymous) at (0,0) size 161x57
              RenderText {#text} at (2,1) size 156x55
                text run at (2,1) width 156: "\x{6A5F}\x{52D5}\x{968A}"
        RenderText {#text} at (0,0) size 0x0
      RenderBlock {DIV} at (0,198) size 214x292
        RenderBlock {P} at (16,0) size 83x292
          RenderRuby (inline) {RUBY} at (0,0) size 55x139
            RenderRubyRun (anonymous) at (26,0) size 57x138.28
              RenderRubyText {RT} at (-26,0) size 28x138.28
                RenderText {#text} at (0,0) size 27x139
                  text run at (0,0) width 139: "\x{304D}\x{3069}\x{3046}\x{305F}\x{3044}\x{304D}"
              RenderRubyBase (anonymous) at (0,0) size 57x138.28
                RenderText {#text} at (1,10) size 55x118
                  text run at (1,10) width 117: "\x{653B}\x{6BBB}"
          RenderText {#text} at (0,0) size 0x0
        RenderBlock {P} at (115,0) size 83x292
          RenderRuby (inline) {RUBY} at (0,0) size 55x186
            RenderRubyRun (anonymous) at (26,0) size 57x185.34
              RenderRubyText {RT} at (-26,0) size 28x185.34
                RenderText {#text} at (0,0) size 27x186
                  text run at (0,0) width 186: "\x{304D}\x{3069}\x{3046}\x{305F}\x{3044}\x{304D}\x{3069}\x{3046}"
              RenderRubyBase (anonymous) at (0,0) size 57x185.34
                RenderText {#text} at (1,6) size 55x172
                  text run at (1,6) width 171: "\x{6A5F}\x{52D5}\x{968A}"
          RenderText {#text} at (0,0) size 0x0
