layer at (0,0) size 800x600
  RenderView at (0,0) size 800x600
layer at (0,0) size 800x518
  RenderBlock {HTML} at (0,0) size 800x517.53 [bgcolor=#FFFFFF]
layer at (173,32) size 454x454
  RenderBody {BODY} at (173.23,32) size 453.53x453.53 [color=#FFFFFF] [bgcolor=#DD6600]
    RenderBlock {DIV} at (0,0) size 453.53x0
      RenderBlock {DIV} at (0,0) size 453.53x0
        RenderBlock {DIV} at (0,0) size 453.53x0
    RenderBlock {DIV} at (0,0) size 453.53x0
      RenderInline {SPAN} at (0,0) size 0x0
    RenderBlock {DIV} at (0,0) size 453.53x0
      RenderInline {SPAN} at (0,0) size 0x0
    RenderBlock {DIV} at (0,0) size 453.53x0
      RenderInline {SPAN} at (0,0) size 0x0
    RenderBlock {DIV} at (0,0) size 453.53x0
      RenderInline {SPAN} at (0,0) size 0x0
    RenderBlock {DIV} at (0,0) size 453.53x0
      RenderInline {SPAN} at (0,0) size 0x0
    RenderBlock {DIV} at (0,0) size 453.53x0
      RenderInline {SPAN} at (0,0) size 0x0
layer at (173,47) size 454x188
  RenderBlock (positioned) {H1} at (0,15.11) size 453.53x188 [color=#DD9955]
    RenderInline {SPAN} at (0,0) size 341x189
      RenderText {#text} at (63,-1) size 341x189
        text run at (63,-1) width 327: "CSS ZEN"
        text run at (56,93) width 341: "GARDEN"
layer at (173,119) size 454x21
  RenderBlock (positioned) {H2} at (0,87.47) size 453.53x21 [color=#EEFF00]
    RenderInline {SPAN} at (0,0) size 197x20
      RenderText {#text} at (128,0) size 111x20
        text run at (128,0) width 111: "The Beauty of "
      RenderInline {ACRONYM} at (0,0) size 33x20
        RenderText {#text} at (238,0) size 33x20
          text run at (238,0) width 33: "CSS"
      RenderText {#text} at (270,0) size 55x20
        text run at (270,0) width 55: " Design"
layer at (173,351) size 454x135
  RenderBlock (positioned) {DIV} at (0,319.34) size 453.53x134.19
    RenderInline {P} at (0,0) size 431x27
      RenderInline {SPAN} at (0,0) size 431x27
        RenderText {#text} at (11,0) size 431x27
          text run at (11,0) width 431: "Littering a dark and dreary road lay the past relics of browser-"
          text run at (11,14) width 179: "specific tags, incompatible "
        RenderInline {ACRONYM} at (0,0) size 29x13
          RenderText {#text} at (189,14) size 29x13
            text run at (189,14) width 29: "DOM"
        RenderText {#text} at (217,14) size 94x13
          text run at (217,14) width 94: "s, and broken "
        RenderInline {ACRONYM} at (0,0) size 25x13
          RenderText {#text} at (310,14) size 25x13
            text run at (310,14) width 25: "CSS"
        RenderText {#text} at (334,14) size 59x13
          text run at (334,14) width 59: " support."
    RenderText {#text} at (392,14) size 6x13
      text run at (392,14) width 6: " "
    RenderInline {P} at (0,0) size 431x55
      RenderInline {SPAN} at (0,0) size 431x55
        RenderText {#text} at (397,14) size 431x41
          text run at (397,14) width 45: "Today,"
          text run at (11,28) width 431: "we must clear the mind of past practices. Web enlightenment has"
          text run at (11,42) width 399: "been achieved thanks to the tireless efforts of folk like the "
        RenderInline {ACRONYM} at (0,0) size 29x13
          RenderText {#text} at (409,42) size 29x13
            text run at (409,42) width 29: "W3C"
        RenderText {#text} at (437,42) size 5x13
          text run at (437,42) width 5: ","
        RenderInline {ACRONYM} at (0,0) size 37x13
          RenderText {#text} at (11,56) size 37x13
            text run at (11,56) width 37: "WaSP"
        RenderText {#text} at (47,56) size 242x13
          text run at (47,56) width 242: " and the major browser creators."
    RenderText {#text} at (288,56) size 10x13
      text run at (288,56) width 10: " "
    RenderInline {P} at (0,0) size 431x69
      RenderInline {SPAN} at (0,0) size 431x69
        RenderText {#text} at (297,56) size 431x69
          text run at (297,56) width 145: "The css Zen Garden"
          text run at (11,70) width 431: "invites you to relax and meditate on the important lessons of the"
          text run at (11,84) width 431: "masters. Begin to see with clarity. Learn to use the (yet to be)"
          text run at (11,98) width 431: "time-honored techniques in new and invigorating fashion."
          text run at (11,112) width 170: "Become one with the web."
    RenderText {#text} at (0,0) size 0x0
layer at (321,235) size 306x80
  RenderBlock (positioned) {H3} at (148.19,-115.88) size 305.34x80 [color=#CCCC77] [bgcolor=#888811] [border: (3px solid #888811) none (3px solid #888811)]
    RenderInline {SPAN} at (0,0) size 269x82
      RenderText {#text} at (51,-1) size 269x82
        text run at (51,-1) width 225: "The Road to"
        text run at (7,36) width 269: "Enlightenment"
