layer at (0,0) size 800x600
  RenderView at (0,0) size 800x600
layer at (0,0) size 800x401
  RenderBlock {HTML} at (0,0) size 800x401
    RenderBody {BODY} at (8,8) size 784x385
      RenderText {#text} at (0,0) size 425x19
        text run at (0,0) width 425: "Test for crbug.com/56580: There should be 9 highlighted instances of \""
      RenderInline {SPAN} at (0,0) size 40x19
        RenderText {#text} at (425,0) size 40x19
          text run at (425,0) width 40: "findme"
      RenderText {#text} at (465,0) size 276x19
        text run at (465,0) width 123: "\". The 6th higlighted "
        text run at (588,0) width 153: "instance should be active."
      RenderBR {BR} at (741,0) size 0x19
      RenderBR {BR} at (0,20) size 0x19
      RenderText {#text} at (0,40) size 83x19
        text run at (0,40) width 83: "Lorum ipsum "
      RenderInline {SPAN} at (0,0) size 40x19
        RenderText {#text} at (83,40) size 40x19
          text run at (83,40) width 40: "findme"
      RenderText {#text} at (123,40) size 81x19
        text run at (123,40) width 81: " lorum ipsum "
      RenderInline {SPAN} at (0,0) size 40x19
        RenderText {#text} at (204,40) size 40x19
          text run at (204,40) width 40: "findme"
      RenderInline {SPAN} at (0,0) size 40x19
        RenderText {#text} at (244,40) size 40x19
          text run at (244,40) width 40: "findme"
      RenderText {#text} at (284,40) size 42x19
        text run at (284,40) width 42: " lorum."
      RenderBR {BR} at (326,40) size 0x19
      RenderText {#text} at (0,60) size 47x19
        text run at (0,60) width 47: "longtext"
      RenderInline {SPAN} at (0,0) size 40x19
        RenderText {#text} at (47,60) size 40x19
          text run at (47,60) width 40: "findme"
      RenderText {#text} at (87,60) size 41x19
        text run at (87,60) width 41: "noyou."
      RenderBR {BR} at (128,60) size 0x19
      RenderSVGRoot {svg} at (18,123) size 208x160
        RenderSVGHiddenContainer {defs} at (0,0) size 0x0
          RenderSVGPath {path} at (108,88) size 350x300 [fill={[type=SOLID] [color=#000000]}] [data="M 100 200 C 200 100 300 0 400 100 C 500 200 600 300 700 200 C 800 100 900 100 900 100"]
        RenderSVGText {text} at (10,35) size 208x19 contains 1 chunk(s)
          RenderSVGInlineText {#text} at (0,0) size 208x19
            chunk 1 text run 1 at (10.00,50.00) startOffset 0 endOffset 35 width 208.00: "Can you findme in this boring text?"
        RenderSVGText {text} at (10,91) size 138x12 contains 1 chunk(s)
          RenderSVGInlineText {#text} at (0,0) size 138x12
            chunk 1 text run 1 at (10.00,100.00) startOffset 0 endOffset 23 width 138.00: "Findme in a typewriter!"
        RenderSVGContainer {g} at (29,213) size 193x70 [transform={m=((0.30,0.00)(0.00,0.30)) t=(0.00,120.00)}]
          RenderSVGText {text} at (71,18) size 640x231 contains 1 chunk(s)
            RenderSVGTextPath {textPath} at (0,0) size 640x231
              RenderSVGInlineText {#text} at (0,0) size 640x231
                chunk 1 text run 1 at (108.29,191.71) startOffset 0 endOffset 1 width 23.33: "F"
                chunk 1 text run 2 at (120.14,179.93) startOffset 1 endOffset 2 width 10.00: "i"
                chunk 1 text run 3 at (133.16,167.11) startOffset 2 endOffset 3 width 26.67: "n"
                chunk 1 text run 4 at (152.41,148.66) startOffset 3 endOffset 4 width 26.67: "d"
                chunk 1 text run 5 at (175.84,127.39) startOffset 4 endOffset 5 width 36.67: "m"
                chunk 1 text run 6 at (200.32,107.16) startOffset 5 endOffset 6 width 26.67: "e"
                chunk 1 text run 7 at (216.39,95.29) startOffset 6 endOffset 7 width 13.33: " "
                chunk 1 text run 8 at (233.10,84.37) startOffset 7 endOffset 8 width 26.67: "o"
                chunk 1 text run 9 at (256.69,71.81) startOffset 8 endOffset 9 width 26.67: "n"
                chunk 1 text run 10 at (275.32,64.60) startOffset 9 endOffset 10 width 13.33: " "
                chunk 1 text run 11 at (294.69,59.97) startOffset 10 endOffset 11 width 26.67: "a"
                chunk 1 text run 12 at (314.61,58.61) startOffset 11 endOffset 12 width 13.33: " "
                chunk 1 text run 13 at (334.44,61.01) startOffset 12 endOffset 13 width 26.67: "p"
                chunk 1 text run 14 at (359.46,69.93) startOffset 13 endOffset 14 width 26.67: "a"
                chunk 1 text run 15 at (377.97,81.12) startOffset 14 endOffset 15 width 16.67: "t"
                chunk 1 text run 16 at (394.67,94.86) startOffset 15 endOffset 16 width 26.67: "h"
                chunk 1 text run 17 at (410.21,110.20) startOffset 16 endOffset 17 width 16.67: "!"
                chunk 1 text run 18 at (420.87,120.80) startOffset 17 endOffset 18 width 13.33: " "
                chunk 1 text run 19 at (436.27,135.91) startOffset 18 endOffset 19 width 30.00: "D"
                chunk 1 text run 20 at (450.74,149.77) startOffset 19 endOffset 20 width 10.00: "i"
                chunk 1 text run 21 at (464.21,162.25) startOffset 20 endOffset 21 width 26.67: "d"
                chunk 1 text run 22 at (479.18,175.50) startOffset 21 endOffset 22 width 13.33: " "
                chunk 1 text run 23 at (493.21,187.21) startOffset 22 endOffset 23 width 23.33: "y"
                chunk 1 text run 24 at (513.09,202.37) startOffset 23 endOffset 24 width 26.67: "o"
                chunk 1 text run 25 at (535.45,217.04) startOffset 24 endOffset 25 width 26.67: "u"
                chunk 1 text run 26 at (553.05,226.49) startOffset 25 endOffset 26 width 13.33: " "
                chunk 1 text run 27 at (565.28,231.83) startOffset 26 endOffset 27 width 13.33: "f"
                chunk 1 text run 28 at (576.31,235.71) startOffset 27 endOffset 28 width 10.00: "i"
                chunk 1 text run 29 at (594.06,239.93) startOffset 28 endOffset 29 width 26.67: "n"
                chunk 1 text run 30 at (620.63,241.08) startOffset 29 endOffset 30 width 26.67: "d"
                chunk 1 text run 31 at (651.30,233.74) startOffset 30 endOffset 31 width 36.67: "m"
                chunk 1 text run 32 at (678.81,218.27) startOffset 31 endOffset 32 width 26.67: "e"
                chunk 1 text run 33 at (697.86,202.11) startOffset 32 endOffset 33 width 23.33: "?"
            RenderSVGInlineText {#text} at (0,0) size 0x0
      RenderText {#text} at (0,0) size 0x0
