layer at (0,0) size 800x600
  RenderView at (0,0) size 800x600
layer at (0,0) size 800x600
  RenderBlock {HTML} at (0,0) size 800x600
    RenderBody {BODY} at (8,8) size 784x584
      RenderMenuList {SELECT} at (0,0) size 227x16 [bgcolor=#FFFFFF] [border: (1px solid #A9A9A9)]
        RenderBlock (anonymous) at (1,1) size 225x14
          RenderText at (4,1) size 202x12
            text run at (4,1) width 202: "No overflow should be allowed on popup menus!"
      RenderText {#text} at (0,0) size 0x0
