layer at (0,0) size 800x600 scrollWidth 807 scrollHeight 1172
  RenderView at (0,0) size 800x600
layer at (0,0) size 800x1172 backgroundClip at (0,0) size 800x600 clip at (0,0) size 800x600 outlineClip at (0,0) size 800x600
  RenderBlock {HTML} at (0,0) size 800x1172.44
    RenderBody {BODY} at (8,8) size 784x1151.11 [bgcolor=#EEEEEE]
      RenderBlock (anonymous) at (0,0) size 784x22
        RenderInline {SPAN} at (0,0) size 190x16
          RenderText {#text} at (0,0) size 0x0
          RenderInline {SPAN} at (0,0) size 190x16
            RenderText {#text} at (0,0) size 0x0
            RenderTable {TABLE} at (0,0) size 190x22
              RenderTableSection {TBODY} at (0,0) size 190x22
                RenderTableRow {TR} at (0,0) size 190x22
                  RenderTableCell {TD} at (0,0) size 114x21 [r=0 c=0 rs=1 cs=1]
                    RenderText {#text} at (1,1) size 112x18
                      text run at (1,1) width 112: "Record Locator:"
                  RenderTableCell {TD} at (114,0) size 76x22 [r=0 c=1 rs=1 cs=1]
                    RenderInline {B} at (0,0) size 74x19
                      RenderText {#text} at (1,1) size 74x19
                        text run at (1,1) width 74: "WHGNSO"
                    RenderText {#text} at (0,0) size 0x0
            RenderText {#text} at (0,0) size 0x0
          RenderText {#text} at (0,0) size 0x0
      RenderBlock (anonymous) at (0,28.66) size 784x2
        RenderBlock {HR} at (0,0) size 784x2 [border: (1px inset #EEEEEE)]
      RenderBlock (anonymous) at (0,37.31) size 784x47
        RenderInline {SPAN} at (0,0) size 130x44
          RenderInline {SPAN} at (0,0) size 130x44
            RenderText {#text} at (0,0) size 0x0
            RenderInline {SPAN} at (0,0) size 130x19
              RenderText {#text} at (0,0) size 0x0
              RenderBlock {IMG} at (0,0) size 73x24
              RenderText {#text} at (73,1) size 57x19
                text run at (73,1) width 4: " "
                text run at (77,1) width 53: "Names"
              RenderBR {BR} at (130,16) size 0x0
            RenderText {#text} at (0,0) size 0x0
            RenderInline {SPAN} at (0,0) size 102x16
              RenderText {#text} at (0,0) size 0x0
              RenderText {#text} at (0,0) size 0x0
            RenderText {#text} at (0,0) size 0x0
          RenderText {#text} at (0,0) size 0x0
      RenderBlock (anonymous) at (0,90.97) size 784x2
        RenderBlock {HR} at (0,0) size 784x2 [border: (1px inset #EEEEEE)]
      RenderBlock (anonymous) at (0,99.63) size 784x68
        RenderInline {SPAN} at (0,0) size 583x66
          RenderInline {SPAN} at (0,0) size 583x66
            RenderText {#text} at (0,0) size 0x0
            RenderBlock {IMG} at (0,2) size 82x20
            RenderText {#text} at (82,2) size 4x16
              text run at (82,2) width 4: " "
            RenderInline {SPAN} at (0,0) size 82x19
              RenderText {#text} at (86,0) size 82x19
                text run at (86,0) width 82: "Addresses"
              RenderBR {BR} at (168,15) size 0x0
            RenderText {#text} at (0,0) size 0x0
            RenderText {#text} at (0,0) size 0x0
          RenderText {#text} at (0,0) size 0x0
      RenderBlock (anonymous) at (0,174.28) size 784x2
        RenderBlock {HR} at (0,0) size 784x2 [border: (1px inset #EEEEEE)]
      RenderBlock (anonymous) at (0,182.94) size 784x44
        RenderInline {SPAN} at (0,0) size 146x44
          RenderInline {SPAN} at (0,0) size 146x44
            RenderText {#text} at (0,0) size 0x0
            RenderInline {SPAN} at (0,0) size 146x19
              RenderText {#text} at (0,0) size 0x0
              RenderBlock {IMG} at (0,0) size 79x24
              RenderText {#text} at (79,1) size 67x19
                text run at (79,1) width 4: " "
                text run at (83,1) width 63: "Phones "
              RenderBR {BR} at (146,16) size 0x0
            RenderText {#text} at (0,0) size 0x0
      RenderBlock (anonymous) at (0,288.94) size 784x0
        RenderInline {SPAN} at (0,0) size 0x0
          RenderInline {SPAN} at (0,0) size 0x0
            RenderText {#text} at (0,0) size 0x0
          RenderText {#text} at (0,0) size 0x0
      RenderBlock (anonymous) at (0,295.59) size 784x2
        RenderBlock {HR} at (0,0) size 784x2 [border: (1px inset #EEEEEE)]
      RenderBlock (anonymous) at (0,304.25) size 784x24
        RenderInline {SPAN} at (0,0) size 148x16
          RenderInline {SPAN} at (0,0) size 148x16
            RenderText {#text} at (0,0) size 0x0
            RenderInline {SPAN} at (0,0) size 148x19
              RenderText {#text} at (0,0) size 0x0
              RenderBlock {IMG} at (0,0) size 82x24
              RenderText {#text} at (82,1) size 66x19
                text run at (82,1) width 4: " "
                text run at (86,1) width 62: "Itinerary"
            RenderText {#text} at (0,0) size 0x0
            RenderInline {SPAN} at (0,0) size 0x0
              RenderText {#text} at (0,0) size 0x0
              RenderInline {SPAN} at (0,0) size 0x0
                RenderText {#text} at (0,0) size 0x0
      RenderBlock (anonymous) at (0,328.25) size 784x63
        RenderTable {TABLE} at (0,0) size 588x63
          RenderTableSection {TBODY} at (0,0) size 588x63
            RenderTableRow {TR} at (0,2) size 588x59
              RenderTableCell {TD} at (2,30) size 2x2 [r=0 c=0 rs=1 cs=1]
              RenderTableCell {TD} at (6,2) size 2x2 [r=0 c=1 rs=1 cs=1]
              RenderTableCell {TD} at (10,19) size 164x25 [r=0 c=2 rs=1 cs=1]
                RenderBlock {IMG} at (1,1) size 162x23
                RenderText {#text} at (0,0) size 0x0
              RenderTableCell {TD} at (176,2) size 410x59 [r=0 c=3 rs=1 cs=1]
                RenderText {#text} at (1,1) size 142x18
                  text run at (1,1) width 142: "TUR - Tour Package"
                RenderBR {BR} at (143,16) size 0x0
                RenderText {#text} at (1,20) size 222x18
                  text run at (1,20) width 222: "Date: Sunday, January 12, 2003"
                RenderBR {BR} at (223,35) size 0x0
                RenderText {#text} at (1,39) size 408x18
                  text run at (1,39) width 408: "Comments: -** TICKETLESS CONF CODE IS WHGNSO**"
      RenderBlock (anonymous) at (0,391.25) size 784x0
        RenderInline {SPAN} at (0,0) size 0x0
          RenderInline {SPAN} at (0,0) size 0x0
            RenderInline {SPAN} at (0,0) size 0x0
              RenderInline {SPAN} at (0,0) size 0x0
              RenderText {#text} at (0,0) size 0x0
      RenderBlock (anonymous) at (0,397.91) size 784x2
        RenderBlock {HR} at (0,0) size 784x2 [border: (1px inset #EEEEEE)]
      RenderBlock (anonymous) at (0,406.56) size 784x0
        RenderInline {SPAN} at (0,0) size 0x0
          RenderInline {SPAN} at (0,0) size 0x0
            RenderInline {SPAN} at (0,0) size 0x0
              RenderInline {SPAN} at (0,0) size 0x0
                RenderText {#text} at (0,0) size 0x0
      RenderBlock (anonymous) at (0,406.56) size 784x206
        RenderTable {TABLE} at (0,0) size 719x206
          RenderTableSection {TBODY} at (0,0) size 719x206
            RenderTableRow {TR} at (0,2) size 719x202
              RenderTableCell {TD} at (2,102) size 2x2 [r=0 c=0 rs=1 cs=1]
              RenderTableCell {TD} at (6,2) size 2x2 [r=0 c=1 rs=1 cs=1]
              RenderTableCell {TD} at (10,90) size 109x25 [r=0 c=2 rs=1 cs=1]
                RenderBlock {IMG} at (1,1) size 107x23
                RenderText {#text} at (0,0) size 0x0
              RenderTableCell {TD} at (121,2) size 596x202 [r=0 c=3 rs=1 cs=1]
                RenderBlock (anonymous) at (1,1) size 594x133
                  RenderText {#text} at (0,0) size 24x18
                    text run at (0,0) width 24: "Air "
                  RenderBR {BR} at (0,0) size 0x0
                  RenderText {#text} at (0,19) size 475x18
                    text run at (0,19) width 49: "United "
                    text run at (49,19) width 82: "Flight 1187 "
                    text run at (131,19) width 122: "Booking Code:M "
                    text run at (253,19) width 222: "Date: Sunday, January 12, 2003"
                  RenderBR {BR} at (475,34) size 0x0
                  RenderText {#text} at (0,38) size 380x18
                    text run at (0,38) width 380: "From: San Francisco Intl Arpt, San Francisco CA - U.S."
                  RenderBR {BR} at (380,53) size 0x0
                  RenderText {#text} at (0,57) size 395x18
                    text run at (0,57) width 26: "To: "
                    text run at (26,57) width 369: "Burbank Glendale Pasadena Arpt, Burbank CA - U.S."
                  RenderBR {BR} at (395,72) size 0x0
                  RenderText {#text} at (0,76) size 243x18
                    text run at (0,76) width 127: "Departs: 6:05 PM "
                    text run at (127,76) width 116: "Arrives: 7:10 PM"
                  RenderBR {BR} at (243,91) size 0x0
                  RenderText {#text} at (0,95) size 48x18
                    text run at (0,95) width 48: "Status:"
                  RenderInline {SPACE} at (0,0) size 125x37
                    RenderText {#text} at (48,95) size 73x18
                      text run at (48,95) width 73: " confirmed"
                    RenderInline {SPACE} at (0,0) size 125x37
                      RenderText {#text} at (121,95) size 4x18
                        text run at (121,95) width 4: " "
                      RenderBR {BR} at (0,0) size 0x0
                      RenderText {#text} at (0,114) size 45x18
                        text run at (0,114) width 45: "Seats:"
                      RenderBR {BR} at (45,129) size 0x0
                RenderBlock (anonymous) at (1,134) size 594x48
                  RenderTable {TABLE} at (0,0) size 594x48 [border: (1px outset #808080)]
                    RenderTableSection {TBODY} at (1,1) size 592x46
                      RenderTableRow {TR} at (0,0) size 592x23 [bgcolor=#E0E0E0]
                        RenderTableCell {TD} at (0,0) size 95x23 [border: (1px inset #808080)] [r=0 c=0 rs=1 cs=1]
                          RenderText {#text} at (2,2) size 42x18
                            text run at (2,2) width 42: "Name"
                        RenderTableCell {TD} at (95,0) size 37x23 [border: (1px inset #808080)] [r=0 c=1 rs=1 cs=1]
                          RenderText {#text} at (2,2) size 33x18
                            text run at (2,2) width 33: "Seat"
                        RenderTableCell {TD} at (132,0) size 77x23 [border: (1px inset #808080)] [r=0 c=2 rs=1 cs=1]
                          RenderText {#text} at (2,2) size 44x18
                            text run at (2,2) width 44: "Status"
                        RenderTableCell {TD} at (209,0) size 311x23 [border: (1px inset #808080)] [r=0 c=3 rs=1 cs=1]
                          RenderText {#text} at (2,2) size 34x18
                            text run at (2,2) width 34: "Type"
                        RenderTableCell {TD} at (520,0) size 72x23 [border: (1px inset #808080)] [r=0 c=4 rs=1 cs=1]
                          RenderText {#text} at (2,2) size 68x18
                            text run at (2,2) width 68: "Comment"
                      RenderTableRow {TR} at (0,23) size 592x23
                        RenderTableCell {TD} at (0,23) size 95x23 [border: (1px inset #808080)] [r=1 c=0 rs=1 cs=1]
                          RenderText {#text} at (2,2) size 91x18
                            text run at (2,2) width 91: "HAO,SCOTT"
                        RenderTableCell {TD} at (95,23) size 37x23 [border: (1px inset #808080)] [r=1 c=1 rs=1 cs=1]
                          RenderText {#text} at (2,2) size 29x18
                            text run at (2,2) width 29: "08A"
                        RenderTableCell {TD} at (132,23) size 77x23 [border: (1px inset #808080)] [r=1 c=2 rs=1 cs=1]
                          RenderText {#text} at (2,2) size 73x18
                            text run at (2,2) width 73: "confirmed "
                        RenderTableCell {TD} at (209,23) size 311x23 [border: (1px inset #808080)] [r=1 c=3 rs=1 cs=1]
                          RenderText {#text} at (2,2) size 307x18
                            text run at (2,2) width 307: "Non-Smoking, Window Seat, Preferred Seat"
                        RenderTableCell {TD} at (520,23) size 72x23 [border: (1px inset #808080)] [r=1 c=4 rs=1 cs=1]
                          RenderText {#text} at (2,2) size 4x18
                            text run at (2,2) width 4: " "
                RenderBlock (anonymous) at (1,182) size 594x19
                  RenderInline {SPACE} at (0,0) size 0x18
                    RenderInline {SPACE} at (0,0) size 0x18
                      RenderBR {BR} at (0,0) size 0x18
      RenderBlock (anonymous) at (0,612.56) size 784x0
        RenderInline {SPAN} at (0,0) size 0x0
          RenderInline {SPAN} at (0,0) size 0x0
            RenderInline {SPAN} at (0,0) size 0x0
              RenderInline {SPAN} at (0,0) size 0x0
              RenderText {#text} at (0,0) size 0x0
      RenderBlock (anonymous) at (0,619.22) size 784x2
        RenderBlock {HR} at (0,0) size 784x2 [border: (1px inset #EEEEEE)]
      RenderBlock (anonymous) at (0,627.88) size 784x0
        RenderInline {SPAN} at (0,0) size 0x0
          RenderInline {SPAN} at (0,0) size 0x0
            RenderInline {SPAN} at (0,0) size 0x0
              RenderInline {SPAN} at (0,0) size 0x0
                RenderText {#text} at (0,0) size 0x0
      RenderBlock (anonymous) at (0,627.88) size 784x206
        RenderTable {TABLE} at (0,0) size 608x206
          RenderTableSection {TBODY} at (0,0) size 608x206
            RenderTableRow {TR} at (0,2) size 608x202
              RenderTableCell {TD} at (2,102) size 2x2 [r=0 c=0 rs=1 cs=1]
              RenderTableCell {TD} at (6,2) size 2x2 [r=0 c=1 rs=1 cs=1]
              RenderTableCell {TD} at (10,90) size 109x25 [r=0 c=2 rs=1 cs=1]
                RenderBlock {IMG} at (1,1) size 107x23
                RenderText {#text} at (0,0) size 0x0
              RenderTableCell {TD} at (121,2) size 485x202 [r=0 c=3 rs=1 cs=1]
                RenderBlock (anonymous) at (1,1) size 483x133
                  RenderText {#text} at (0,0) size 24x18
                    text run at (0,0) width 24: "Air "
                  RenderBR {BR} at (0,0) size 0x0
                  RenderText {#text} at (0,19) size 457x18
                    text run at (0,19) width 49: "United "
                    text run at (49,19) width 73: "Flight 480 "
                    text run at (122,19) width 121: "Booking Code:Q "
                    text run at (243,19) width 214: "Date: Friday, January 24, 2003"
                  RenderBR {BR} at (457,34) size 0x0
                  RenderText {#text} at (0,38) size 414x18
                    text run at (0,38) width 414: "From: Burbank Glendale Pasadena Arpt, Burbank CA - U.S."
                  RenderBR {BR} at (414,53) size 0x0
                  RenderText {#text} at (0,57) size 361x18
                    text run at (0,57) width 26: "To: "
                    text run at (26,57) width 335: "San Francisco Intl Arpt, San Francisco CA - U.S."
                  RenderBR {BR} at (361,72) size 0x0
                  RenderText {#text} at (0,76) size 243x18
                    text run at (0,76) width 127: "Departs: 1:40 PM "
                    text run at (127,76) width 116: "Arrives: 2:50 PM"
                  RenderBR {BR} at (243,91) size 0x0
                  RenderText {#text} at (0,95) size 48x18
                    text run at (0,95) width 48: "Status:"
                  RenderInline {SPACE} at (0,0) size 125x37
                    RenderText {#text} at (48,95) size 73x18
                      text run at (48,95) width 73: " confirmed"
                    RenderInline {SPACE} at (0,0) size 125x37
                      RenderText {#text} at (121,95) size 4x18
                        text run at (121,95) width 4: " "
                      RenderBR {BR} at (0,0) size 0x0
                      RenderText {#text} at (0,114) size 45x18
                        text run at (0,114) width 45: "Seats:"
                      RenderBR {BR} at (45,129) size 0x0
                RenderBlock (anonymous) at (1,134) size 483x48
                  RenderTable {TABLE} at (0,0) size 483x48 [border: (1px outset #808080)]
                    RenderTableSection {TBODY} at (1,1) size 481x46
                      RenderTableRow {TR} at (0,0) size 481x23 [bgcolor=#E0E0E0]
                        RenderTableCell {TD} at (0,0) size 95x23 [border: (1px inset #808080)] [r=0 c=0 rs=1 cs=1]
                          RenderText {#text} at (2,2) size 42x18
                            text run at (2,2) width 42: "Name"
                        RenderTableCell {TD} at (95,0) size 37x23 [border: (1px inset #808080)] [r=0 c=1 rs=1 cs=1]
                          RenderText {#text} at (2,2) size 33x18
                            text run at (2,2) width 33: "Seat"
                        RenderTableCell {TD} at (132,0) size 77x23 [border: (1px inset #808080)] [r=0 c=2 rs=1 cs=1]
                          RenderText {#text} at (2,2) size 44x18
                            text run at (2,2) width 44: "Status"
                        RenderTableCell {TD} at (209,0) size 200x23 [border: (1px inset #808080)] [r=0 c=3 rs=1 cs=1]
                          RenderText {#text} at (2,2) size 34x18
                            text run at (2,2) width 34: "Type"
                        RenderTableCell {TD} at (409,0) size 72x23 [border: (1px inset #808080)] [r=0 c=4 rs=1 cs=1]
                          RenderText {#text} at (2,2) size 68x18
                            text run at (2,2) width 68: "Comment"
                      RenderTableRow {TR} at (0,23) size 481x23
                        RenderTableCell {TD} at (0,23) size 95x23 [border: (1px inset #808080)] [r=1 c=0 rs=1 cs=1]
                          RenderText {#text} at (2,2) size 91x18
                            text run at (2,2) width 91: "HAO,SCOTT"
                        RenderTableCell {TD} at (95,23) size 37x23 [border: (1px inset #808080)] [r=1 c=1 rs=1 cs=1]
                          RenderText {#text} at (2,2) size 28x18
                            text run at (2,2) width 28: "13F"
                        RenderTableCell {TD} at (132,23) size 77x23 [border: (1px inset #808080)] [r=1 c=2 rs=1 cs=1]
                          RenderText {#text} at (2,2) size 73x18
                            text run at (2,2) width 73: "confirmed "
                        RenderTableCell {TD} at (209,23) size 200x23 [border: (1px inset #808080)] [r=1 c=3 rs=1 cs=1]
                          RenderText {#text} at (2,2) size 196x18
                            text run at (2,2) width 196: "Non-Smoking, Window Seat"
                        RenderTableCell {TD} at (409,23) size 72x23 [border: (1px inset #808080)] [r=1 c=4 rs=1 cs=1]
                          RenderText {#text} at (2,2) size 4x18
                            text run at (2,2) width 4: " "
                RenderBlock (anonymous) at (1,182) size 483x19
                  RenderInline {SPACE} at (0,0) size 0x18
                    RenderInline {SPACE} at (0,0) size 0x18
                      RenderBR {BR} at (0,0) size 0x18
      RenderBlock (anonymous) at (0,833.88) size 784x0
        RenderInline {SPAN} at (0,0) size 0x0
          RenderInline {SPAN} at (0,0) size 0x0
            RenderInline {SPAN} at (0,0) size 0x0
              RenderInline {SPAN} at (0,0) size 0x0
              RenderText {#text} at (0,0) size 0x0
      RenderBlock (anonymous) at (0,840.53) size 784x2
        RenderBlock {HR} at (0,0) size 784x2 [border: (1px inset #EEEEEE)]
      RenderBlock (anonymous) at (0,849.19) size 784x0
        RenderInline {SPAN} at (0,0) size 0x0
          RenderInline {SPAN} at (0,0) size 0x0
            RenderInline {SPAN} at (0,0) size 0x0
              RenderInline {SPAN} at (0,0) size 0x0
                RenderText {#text} at (0,0) size 0x0
      RenderBlock (anonymous) at (0,849.19) size 784x120
        RenderTable {TABLE} at (0,0) size 620x120
          RenderTableSection {TBODY} at (0,0) size 620x120
            RenderTableRow {TR} at (0,2) size 620x116
              RenderTableCell {TD} at (2,59) size 2x2 [r=0 c=0 rs=1 cs=1]
              RenderTableCell {TD} at (6,2) size 2x2 [r=0 c=1 rs=1 cs=1]
              RenderTableCell {TD} at (10,47) size 109x25 [r=0 c=2 rs=1 cs=1]
                RenderBlock {IMG} at (1,1) size 107x23
                RenderText {#text} at (0,0) size 0x0
              RenderTableCell {TD} at (121,2) size 497x116 [r=0 c=3 rs=1 cs=1]
                RenderText {#text} at (1,1) size 24x18
                  text run at (1,1) width 24: "Air "
                RenderBR {BR} at (0,0) size 0x0
                RenderText {#text} at (1,20) size 495x18
                  text run at (1,20) width 86: "UNKNOWN "
                  text run at (87,20) width 73: "Flight 123 "
                  text run at (160,20) width 118: "Booking Code:Y "
                  text run at (278,20) width 218: "Date: Tuesday, March 25, 2003"
                RenderBR {BR} at (496,35) size 0x0
                RenderText {#text} at (1,39) size 380x18
                  text run at (1,39) width 380: "From: San Francisco Intl Arpt, San Francisco CA - U.S."
                RenderBR {BR} at (381,54) size 0x0
                RenderText {#text} at (1,58) size 361x18
                  text run at (1,58) width 26: "To: "
                  text run at (27,58) width 335: "San Francisco Intl Arpt, San Francisco CA - U.S."
                RenderBR {BR} at (362,73) size 0x0
                RenderText {#text} at (1,77) size 167x18
                  text run at (1,77) width 89: "Departs: n/a "
                  text run at (90,77) width 78: "Arrives: n/a"
                RenderBR {BR} at (168,92) size 0x0
                RenderText {#text} at (1,96) size 48x18
                  text run at (1,96) width 48: "Status:"
                RenderInline {SPACE} at (0,0) size 192x18
                  RenderText {#text} at (49,96) size 188x18
                    text run at (49,96) width 188: " requested, await response"
                  RenderInline {SPACE} at (0,0) size 4x18
                    RenderText {#text} at (237,96) size 4x18
                      text run at (237,96) width 4: " "
                    RenderBR {BR} at (241,111) size 0x0
      RenderBlock (anonymous) at (0,969.19) size 784x0
        RenderInline {SPAN} at (0,0) size 0x0
          RenderInline {SPAN} at (0,0) size 0x0
            RenderInline {SPAN} at (0,0) size 0x0
              RenderInline {SPAN} at (0,0) size 0x0
              RenderText {#text} at (0,0) size 0x0
      RenderBlock (anonymous) at (0,975.84) size 784x2
        RenderBlock {HR} at (0,0) size 784x2 [border: (1px inset #EEEEEE)]
      RenderBlock (anonymous) at (0,984.50) size 784x53
        RenderInline {SPAN} at (0,0) size 195x51
          RenderInline {SPAN} at (0,0) size 0x0
            RenderInline {SPAN} at (0,0) size 0x0
            RenderText {#text} at (0,0) size 0x0
          RenderText {#text} at (0,0) size 0x0
          RenderInline {SPAN} at (0,0) size 98x19
            RenderText {#text} at (0,0) size 0x0
            RenderBlock {IMG} at (0,1) size 20x20
            RenderText {#text} at (20,0) size 78x19
              text run at (20,0) width 4: " "
              text run at (24,0) width 74: "Remarks:"
            RenderBR {BR} at (98,15) size 0x0
          RenderText {#text} at (0,0) size 0x0
          RenderBR {BR} at (0,21) size 0x16
          RenderInline {SPAN} at (0,0) size 195x16
            RenderText {#text} at (0,37) size 195x16
              text run at (0,37) width 125: "SERVICE FEE MCO "
              text run at (125,37) width 70: "8103220490"
            RenderBR {BR} at (195,50) size 0x0
          RenderText {#text} at (0,0) size 0x0
      RenderBlock (anonymous) at (0,1044.16) size 784x2
        RenderBlock {HR} at (0,0) size 784x2 [border: (1px inset #EEEEEE)]
      RenderBlock (anonymous) at (0,1052.81) size 784x24
        RenderInline {SPAN} at (0,0) size 202x16
          RenderInline {SPAN} at (0,0) size 202x19
            RenderText {#text} at (0,0) size 0x0
            RenderBlock {IMG} at (0,0) size 82x24
            RenderText {#text} at (82,1) size 4x19
              text run at (82,1) width 4: " "
            RenderInline {B} at (0,0) size 112x19
              RenderText {#text} at (86,1) size 112x19
                text run at (86,1) width 112: "Web Bookings"
            RenderText {#text} at (198,1) size 4x19
              text run at (198,1) width 4: " "
            RenderInline {SPAN} at (0,0) size 0x19
              RenderBR {BR} at (202,16) size 0x0
              RenderInline {SPAN} at (0,0) size 0x0
            RenderText {#text} at (0,0) size 0x0
          RenderText {#text} at (0,0) size 0x0
      RenderBlock (anonymous) at (0,1083.47) size 784x2
        RenderBlock {HR} at (0,0) size 784x2 [border: (1px inset #EEEEEE)]
      RenderBlock (anonymous) at (0,1092.13) size 784x21
        RenderInline {SPAN} at (0,0) size 277x16
          RenderInline {SPAN} at (0,0) size 277x16
            RenderText {#text} at (0,0) size 0x0
            RenderInline {SPAN} at (0,0) size 277x19
              RenderText {#text} at (0,0) size 0x0
              RenderBlock {IMG} at (0,1) size 20x20
              RenderText {#text} at (20,0) size 257x19
                text run at (20,0) width 4: " "
                text run at (24,0) width 253: "Remarks and Service Information"
              RenderBR {BR} at (277,15) size 0x0
            RenderText {#text} at (0,0) size 0x0
            RenderText {#text} at (0,0) size 0x0
      RenderBlock (anonymous) at (0,1119.78) size 784x31.33
        RenderBlock {HR} at (0,0) size 784x2 [border: (1px inset #EEEEEE)]
        RenderBlock {P} at (0,15.33) size 784x16
          RenderText {#text} at (0,0) size 203x16
            text run at (0,0) width 203: "This itinerary is subject to change. "
          RenderInline {A} at (0,0) size 162x16 [color=#0000EE]
            RenderText {#text} at (203,0) size 162x16
              text run at (203,0) width 162: "Click here for latest updates"
          RenderText {#text} at (0,0) size 0x0
      RenderBlock (anonymous) at (0,1164.44) size 784x0
        RenderInline {SPAN} at (0,0) size 0x0
          RenderInline {SPAN} at (0,0) size 0x0
          RenderText {#text} at (0,0) size 0x0
layer at (8,45) size 73x24 clip at (9,46) size 71x22
  RenderBlock {DIV} at (0,0) size 73x24 [border: (1px solid #C0C0C0)]
    RenderImage {IMG} at (2,2) size 16x16
layer at (26,47) size 53x20
  RenderBlock {DIV} at (18,2) size 53x20
    RenderText {#text} at (0,0) size 53x19
      text run at (0,0) width 53: "Names"
layer at (8,110) size 82x20 clip at (9,111) size 80x18
  RenderBlock {DIV} at (0,0) size 82x20 [border: (1px solid #C0C0C0)]
    RenderImage {IMG} at (2,2) size 16x16
layer at (26,112) size 62x16
  RenderBlock {DIV} at (18,2) size 62x16
    RenderText {#text} at (0,0) size 62x16
      text run at (0,0) width 62: "Addresses"
layer at (8,191) size 79x24 clip at (9,192) size 77x22
  RenderBlock {DIV} at (0,0) size 79x24 [border: (1px solid #C0C0C0)]
    RenderImage {IMG} at (2,2) size 16x16
layer at (26,193) size 59x20
  RenderBlock {DIV} at (18,2) size 59x20
    RenderText {#text} at (0,0) size 59x19
      text run at (0,0) width 59: "Phones"
layer at (8,312) size 82x24 clip at (9,313) size 80x22
  RenderBlock {DIV} at (0,0) size 82x24 [border: (1px solid #C0C0C0)]
    RenderImage {IMG} at (2,2) size 16x16
layer at (26,314) size 62x20
  RenderBlock {DIV} at (18,2) size 62x20
    RenderText {#text} at (0,0) size 62x19
      text run at (0,0) width 62: "Itinerary"
layer at (19,356) size 162x23 clip at (20,357) size 160x21
  RenderBlock {DIV} at (0,0) size 162x23 [border: (1px solid #C0C0C0)]
    RenderImage {IMG} at (2,2) size 16x16
layer at (37,358) size 142x19
  RenderBlock {DIV} at (18,2) size 142x19
    RenderText {#text} at (0,0) size 142x18
      text run at (0,0) width 142: "TUR - Tour Package"
layer at (19,506) size 107x23 clip at (20,507) size 105x21
  RenderBlock {DIV} at (0,0) size 107x23 [border: (1px solid #C0C0C0)]
    RenderImage {IMG} at (2,2) size 16x16
layer at (37,508) size 87x19
  RenderBlock {DIV} at (18,2) size 87x19
    RenderText {#text} at (0,0) size 87x18
      text run at (0,0) width 87: "Air Segment"
layer at (19,727) size 107x23 backgroundClip at (0,0) size 0x0 clip at (0,0) size 0x0 outlineClip at (0,0) size 800x600
  RenderBlock {DIV} at (0,0) size 107x23 [border: (1px solid #C0C0C0)]
    RenderImage {IMG} at (2,2) size 16x16
layer at (37,729) size 87x19 backgroundClip at (0,0) size 0x0 clip at (0,0) size 0x0 outlineClip at (0,0) size 0x0
  RenderBlock {DIV} at (18,2) size 87x19
    RenderText {#text} at (0,0) size 87x18
      text run at (0,0) width 87: "Air Segment"
layer at (19,905) size 107x23 backgroundClip at (0,0) size 0x0 clip at (0,0) size 0x0 outlineClip at (0,0) size 800x600
  RenderBlock {DIV} at (0,0) size 107x23 [border: (1px solid #C0C0C0)]
    RenderImage {IMG} at (2,2) size 16x16
layer at (37,907) size 87x19 backgroundClip at (0,0) size 0x0 clip at (0,0) size 0x0 outlineClip at (0,0) size 0x0
  RenderBlock {DIV} at (18,2) size 87x19
    RenderText {#text} at (0,0) size 87x18
      text run at (0,0) width 87: "Air Segment"
layer at (8,994) size 20x20 backgroundClip at (0,0) size 0x0 clip at (0,0) size 0x0 outlineClip at (0,0) size 800x600
  RenderBlock {DIV} at (0,0) size 20x20 [border: (1px solid #C0C0C0)]
    RenderImage {IMG} at (2,2) size 16x16
layer at (26,996) size 0x0
  RenderBlock {DIV} at (18,2) size 0x0
layer at (8,1061) size 82x24 backgroundClip at (0,0) size 0x0 clip at (0,0) size 0x0 outlineClip at (0,0) size 800x600
  RenderBlock {DIV} at (0,0) size 82x24 [border: (1px solid #C0C0C0)]
    RenderImage {IMG} at (2,2) size 16x16
layer at (26,1063) size 62x20 backgroundClip at (0,0) size 0x0 clip at (0,0) size 0x0 outlineClip at (0,0) size 0x0
  RenderBlock {DIV} at (18,2) size 62x20
    RenderText {#text} at (0,0) size 62x19
      text run at (0,0) width 62: "Itinerary"
layer at (8,1101) size 20x20 backgroundClip at (0,0) size 0x0 clip at (0,0) size 0x0 outlineClip at (0,0) size 800x600
  RenderBlock {DIV} at (0,0) size 20x20 [border: (1px solid #C0C0C0)]
    RenderImage {IMG} at (2,2) size 16x16
layer at (26,1103) size 0x0
  RenderBlock {DIV} at (18,2) size 0x0
layer at (23,45) size 102x16
  RenderInline (relative positioned) {SPAN} at (0,0) size 102x16
    RenderText {#text} at (0,0) size 0x0
    RenderInline {SPAN} at (0,0) size 102x16
      RenderText {#text} at (0,0) size 0x0
      RenderBlock {IMG} at (0,24) size 20x20
      RenderText {#text} at (20,31) size 4x16
        text run at (20,31) width 4: " "
      RenderInline {SPAN} at (0,0) size 78x16
        RenderText {#text} at (24,31) size 78x16
          text run at (24,31) width 78: "HAO, SCOTT"
        RenderBR {BR} at (102,44) size 0x0
        RenderText {#text} at (0,0) size 0x0
      RenderText {#text} at (0,0) size 0x0
    RenderText {#text} at (0,0) size 0x0
layer at (23,69) size 20x20 clip at (24,70) size 18x18
  RenderBlock {DIV} at (0,0) size 20x20 [border: (1px solid #C0C0C0)]
    RenderImage {IMG} at (2,2) size 16x16
layer at (41,71) size 0x0
  RenderBlock {DIV} at (18,2) size 0x0
layer at (48,45) size 0x0
  RenderInline (relative positioned) {SPAN} at (0,0) size 0x0
    RenderText {#text} at (0,0) size 0x0
layer at (23,108) size 583x39
  RenderInline (relative positioned) {SPAN} at (0,0) size 583x39
    RenderText {#text} at (0,0) size 0x0
    RenderBlock {IMG} at (0,22) size 20x20
    RenderText {#text} at (20,29) size 563x16
      text run at (20,29) width 4: " "
      text run at (24,29) width 56: "Address: "
      text run at (80,29) width 503: "ST. JUDE MEDICAL, 21700 OXNARD ST SUITE 800, WOODLAND HILLS CA Z/91367 "
    RenderBR {BR} at (583,42) size 0x0
    RenderBlock {IMG} at (0,45) size 20x20
    RenderText {#text} at (20,52) size 402x16
      text run at (20,52) width 4: " "
      text run at (24,52) width 46: "Deliver: "
      text run at (70,52) width 102: "DEBI STANGEL, "
      text run at (172,52) width 116: "119 GLEN COURT, "
      text run at (288,52) width 134: "DANVILLE CA Z/94526"
layer at (23,130) size 20x20 clip at (24,131) size 18x18
  RenderBlock {DIV} at (0,0) size 20x20 [border: (1px solid #C0C0C0)]
    RenderImage {IMG} at (2,2) size 16x16
layer at (41,132) size 0x0
  RenderBlock {DIV} at (18,2) size 0x0
layer at (23,153) size 20x20 clip at (24,154) size 18x18
  RenderBlock {DIV} at (0,0) size 20x20 [border: (1px solid #C0C0C0)]
    RenderImage {IMG} at (2,2) size 16x16
layer at (41,155) size 0x0
  RenderBlock {DIV} at (18,2) size 0x0
layer at (23,191) size 20x16
  RenderInline (relative positioned) {SPAN} at (0,0) size 20x16
    RenderText {#text} at (0,0) size 0x0
    RenderBlock {IMG} at (0,24) size 20x20
    RenderText {#text} at (0,0) size 0x0
layer at (23,215) size 20x20 clip at (24,216) size 18x18
  RenderBlock {DIV} at (0,0) size 20x20 [border: (1px solid #C0C0C0)]
    RenderImage {IMG} at (2,2) size 16x16
layer at (41,217) size 0x0
  RenderBlock {DIV} at (18,2) size 0x0
layer at (23,235) size 784x62 backgroundClip at (0,0) size 800x600 clip at (0,0) size 800x600 outlineClip at (0,0) size 800x600
  RenderBlock (anonymous) at (0,226.94) size 784x62
layer at (43,220) size 520x62
  RenderTable {TABLE} at (0,0) size 520x62 [border: (1px outset #808080)]
    RenderTableSection {TBODY} at (1,1) size 518x60
      RenderTableRow {TR} at (0,2) size 518x23 [bgcolor=#E0E0E0]
        RenderTableCell {TD} at (2,2) size 91x23 [border: (1px inset #808080)] [r=0 c=0 rs=1 cs=1]
          RenderText {#text} at (2,2) size 34x18
            text run at (2,2) width 34: "Type"
        RenderTableCell {TD} at (95,2) size 45x23 [border: (1px inset #808080)] [r=0 c=1 rs=1 cs=1]
          RenderText {#text} at (2,2) size 27x18
            text run at (2,2) width 27: "City"
        RenderTableCell {TD} at (142,2) size 374x23 [border: (1px inset #808080)] [r=0 c=2 rs=1 cs=1]
          RenderText {#text} at (2,2) size 45x18
            text run at (2,2) width 45: "Phone"
      RenderTableRow {TR} at (0,27) size 518x0
      RenderTableRow {TR} at (0,29) size 518x23
        RenderTableCell {TD} at (2,29) size 91x23 [border: (1px inset #808080)] [r=2 c=0 rs=1 cs=1]
          RenderText {#text} at (2,2) size 87x18
            text run at (2,2) width 87: "Travel Agent"
        RenderTableCell {TD} at (95,29) size 45x23 [border: (1px inset #808080)] [r=2 c=1 rs=1 cs=1]
          RenderText {#text} at (2,2) size 41x18
            text run at (2,2) width 41: "(LAX)"
        RenderTableCell {TD} at (142,29) size 374x23 [border: (1px inset #808080)] [r=2 c=2 rs=1 cs=1]
          RenderText {#text} at (2,2) size 370x18
            text run at (2,2) width 370: "RQ0/818 990-4053-PLAZA TRAVEL - 05838276-RC"
      RenderTableRow {TR} at (0,54) size 518x0
      RenderTableRow {TR} at (0,56) size 518x0
      RenderTableRow {TR} at (0,58) size 518x0
layer at (23,297) size 0x0
  RenderInline (relative positioned) {SPAN} at (0,0) size 0x0
layer at (33,1100) size 0x0
  RenderInline (relative positioned) {SPAN} at (0,0) size 0x0
    RenderText {#text} at (0,0) size 0x0
    RenderInline {SPAN} at (0,0) size 0x0
      RenderText {#text} at (0,0) size 0x0
    RenderText {#text} at (0,0) size 0x0
