layer at (0,0) size 800x600
  RenderView at (0,0) size 800x600
layer at (0,0) size 800x600
  RenderBlock {HTML} at (0,0) size 800x600
    RenderBody {BODY} at (8,8) size 784x584
      RenderBlock {DIV} at (0,0) size 784x20
        RenderText {#text} at (0,0) size 700x19
          text run at (0,0) width 700: "This test passes if the broken image icon appears high-resolution in HiDPI and if the outline is of the appropriate size."
      RenderBlock (anonymous) at (0,20) size 784x20
        RenderBlock {IMG} at (0,0) size 20x20
        RenderText {#text} at (0,0) size 0x0
layer at (8,28) size 20x20 clip at (9,29) size 18x18
  RenderBlock {DIV} at (0,0) size 20x20 [border: (1px solid #C0C0C0)]
    RenderImage {IMG} at (2,2) size 16x16
