layer at (0,0) size 800x600
  RenderView at (0,0) size 800x600
layer at (0,0) size 800x600
  RenderBlock {HTML} at (0,0) size 800x600
    RenderBody {BODY} at (8,8) size 784x584
      RenderBlock {DIV} at (0,0) size 784x16
        RenderText {#text} at (0,0) size 652x16
          text run at (0,0) width 652: "This test passes if the broken image icon appears high-resolution in HiDPI and is the appropriate size."
      RenderBlock (anonymous) at (0,16) size 784x150
        RenderBlock {IMG} at (0,0) size 300x150
        RenderText {#text} at (0,0) size 0x0
layer at (8,24) size 300x150 clip at (9,25) size 298x148
  RenderBlock {DIV} at (0,0) size 300x150 [border: (1px solid #C0C0C0)]
    RenderImage {IMG} at (2,2) size 16x16
layer at (26,26) size 280x0
  RenderBlock {DIV} at (18,2) size 280x0
