layer at (0,0) size 800x600
  RenderView at (0,0) size 800x600
layer at (0,0) size 800x600
  RenderBlock {HTML} at (0,0) size 800x600
    RenderBody {BODY} at (8,8) size 784x584
layer at (8,-800) size 2465x39 backgroundClip at (0,0) size 0x0 clip at (0,0) size 0x0 outlineClip at (0,0) size 800x600
  RenderBlock (positioned) {DIV} at (8,-800) size 2465.19x39
    RenderBlock {XMP} at (0,13) size 2465.19x13
      RenderText {#text} at (0,0) size 2466x13
        text run at (0,0) width 2466: "<span id=\"span1\"><table><tr><td>&nbsp;</td></tr><tr><td>Unauthorized Overtime</td></tr><tr><td>Incorrect Assignment</td></tr><tr><td>Error</td></tr><tr><td>IECPP: Incorrect Account Assignment</td></tr><tr><td>Wrong Activity type</td></tr><tr><td >Wrong Order</td></tr><tr><td >Wrong A/A Type</td></tr></table></span>"
